
milo@LAPTOP-D28F85BI MINGW64 ~/Desktop/more (gitinit)
$ Windows PowerShell
bash: Windows: command not found

milo@LAPTOP-D28F85BI MINGW64 ~/Desktop/more (gitinit)
$ Copyright (C) Microsoft Corporation. All rights reserved.
bash: syntax error near unexpected token `C'

milo@LAPTOP-D28F85BI MINGW64 ~/Desktop/more (gitinit)
$

milo@LAPTOP-D28F85BI MINGW64 ~/Desktop/more (gitinit)
$ Install the latest PowerShell for new features and improvements! https://aka.ms/PSWindows
Install: target 'https://aka.ms/PSWindows' is not a directory

milo@LAPTOP-D28F85BI MINGW64 ~/Desktop/more (gitinit)
$

milo@LAPTOP-D28F85BI MINGW64 ~/Desktop/more (gitinit)
$ PS C:\Users\milo\Desktop> $ ^V^V^V^V^V^V^V^V^V^V^V^V^V^V^V^V^V^V^V^V^V^V^V^V^V^V^V^V^V^V^V^V^V^V^V^V^V^V^V^V^V^V^V^V^V^V^V^V^V^V^V^V^V^V^V^V^V^V^V^V^V^V^V^V^V^V^V^V^V^V^V^V^V^V^V^V^V^V^V^V^V^V^V^V^V^V^V^V^V^V^V^V^V^V^V^V^V^V^V^V^V^V^V^V^V^V^V^V^V^V^V^V^V^V^V^V^V^V^V^V^V^V^V^V^V^V^V^V^V^V^V^V^V^V^V^V^V^V^V^V^V^V^V^V^V^V^V^V^V^V^V^

milo@LAPTOP-D28F85BI MINGW64 ~/Desktop/more (gitinit)
$ $ : The term '$' is not recognized as the name of a cmdlet, function, script file, or operable program. Check the
bash: $: command not found

milo@LAPTOP-D28F85BI MINGW64 ~/Desktop/more (gitinit)
$ spelling of the name, or if a path was included, verify that the path is correct and try again.
bash: spelling: command not found

milo@LAPTOP-D28F85BI MINGW64 ~/Desktop/more (gitinit)
$ At line:1 char:1
The AT command has been deprecated. Please use schtasks.exe instead.

Invalid command.

The AT command schedules commands and programs to run on a computer at
a specified time and date. The Schedule service must be running to use
the AT command.

AT [\\computername] [ [id] [/DELETE] | /DELETE [/YES]]
AT [\\computername] time [/INTERACTIVE]
    [ /EVERY:date[,...] | /NEXT:date[,...]] "command"

\\computername     Specifies a remote computer. Commands are scheduled on the
                   local computer if this parameter is omitted.
id                 Is an identification number assigned to a scheduled
                   command.
/delete            Cancels a scheduled command. If id is omitted, all the
                   scheduled commands on the computer are canceled.
/yes               Used with cancel all jobs command when no further
                   confirmation is desired.
time               Specifies the time when command is to run.
/interactive       Allows the job to interact with the desktop of the user
                   who is logged on at the time the job runs.
/every:date[,...]  Runs the command on each specified day(s) of the week or
                   month. If date is omitted, the current day of the month
                   is assumed.
/next:date[,...]   Runs the specified command on the next occurrence of the
                   day (for example, next Thursday).  If date is omitted, the
                   current day of the month is assumed.
"command"          Is the Windows NT command, or batch program to be run.


milo@LAPTOP-D28F85BI MINGW64 ~/Desktop/more (gitinit)
$ + $ ^V^V^V^V^V^V^V^V^V^V^V^V^V^V^V^V^V^V^V^V^V^V^V^V^V^V^V^V^V^V^V^V^V^ ...
bash: +: command not found

milo@LAPTOP-D28F85BI MINGW64 ~/Desktop/more (gitinit)
$ + ~
bash: +: command not found

milo@LAPTOP-D28F85BI MINGW64 ~/Desktop/more (gitinit)
$     + CategoryInfo          : ObjectNotFound: ($:String) [], CommandNotFoundException
bash: syntax error near unexpected token `('

milo@LAPTOP-D28F85BI MINGW64 ~/Desktop/more (gitinit)
$     + FullyQualifiedErrorId : CommandNotFoundException
bash: +: command not found

milo@LAPTOP-D28F85BI MINGW64 ~/Desktop/more (gitinit)
$

milo@LAPTOP-D28F85BI MINGW64 ~/Desktop/more (gitinit)
$ PS C:\Users\milo\Desktop> More?$ ^V^V^V^V^V^V^V^V^V^V^V^V^V^V^V^V^V^V^V^V^V^V^V^V^V^V^V^V^V^V^V^V^V^V^V^V^V^V^V^V^V^V^V^V^V^V^V^V^V^V^V^V^V^V^V^V^V^V^V^V^V^V^V^V^V^V^V^V^V^V^V^V^V^V^V^V^V^V^V^V^V^V^V^V^V^V^V^V^V^V^V^V^V^V^V^V^V^V^V^V^V^V^V^V^V^V^V^V^V^V^V^V^V^V^V^V^V^V^V^V^V^V^V^V^V^V^V^V^V^V^V^V^V^V^V^V^V^V^V^V^V^V^V^V^V^V^V^V^V^V^V^

milo@LAPTOP-D28F85BI MINGW64 ~/Desktop/more (gitinit)
$ More?$ : The term 'More?$' is not recognized as the name of a cmdlet, function, script file, or operable program.
bash: More?$: command not found

milo@LAPTOP-D28F85BI MINGW64 ~/Desktop/more (gitinit)
$ Check the spelling of the name, or if a path was included, verify that the path is correct and try again.
bash: Check: command not found

milo@LAPTOP-D28F85BI MINGW64 ~/Desktop/more (gitinit)
$ At line:1 char:1
The AT command has been deprecated. Please use schtasks.exe instead.

Invalid command.

The AT command schedules commands and programs to run on a computer at
a specified time and date. The Schedule service must be running to use
the AT command.

AT [\\computername] [ [id] [/DELETE] | /DELETE [/YES]]
AT [\\computername] time [/INTERACTIVE]
    [ /EVERY:date[,...] | /NEXT:date[,...]] "command"

\\computername     Specifies a remote computer. Commands are scheduled on the
                   local computer if this parameter is omitted.
id                 Is an identification number assigned to a scheduled
                   command.
/delete            Cancels a scheduled command. If id is omitted, all the
                   scheduled commands on the computer are canceled.
/yes               Used with cancel all jobs command when no further
                   confirmation is desired.
time               Specifies the time when command is to run.
/interactive       Allows the job to interact with the desktop of the user
                   who is logged on at the time the job runs.
/every:date[,...]  Runs the command on each specified day(s) of the week or
                   month. If date is omitted, the current day of the month
                   is assumed.
/next:date[,...]   Runs the specified command on the next occurrence of the
                   day (for example, next Thursday).  If date is omitted, the
                   current day of the month is assumed.
"command"          Is the Windows NT command, or batch program to be run.


milo@LAPTOP-D28F85BI MINGW64 ~/Desktop/more (gitinit)
$ + More?$ ^V^V^V^V^V^V^V^V^V^V^V^V^V^V^V^V^V^V^V^V^V^V^V^V^V^V^V^V^V^V^V ...
bash: +: command not found

milo@LAPTOP-D28F85BI MINGW64 ~/Desktop/more (gitinit)
$ + ~~~~~~
bash: +: command not found

milo@LAPTOP-D28F85BI MINGW64 ~/Desktop/more (gitinit)
$     + CategoryInfo          : ObjectNotFound: (More?$:String) [], CommandNotFoundException
bash: syntax error near unexpected token `('

milo@LAPTOP-D28F85BI MINGW64 ~/Desktop/more (gitinit)
$     + FullyQualifiedErrorId : CommandNotFoundException
bash: +: command not found

milo@LAPTOP-D28F85BI MINGW64 ~/Desktop/more (gitinit)
$

milo@LAPTOP-D28F85BI MINGW64 ~/Desktop/more (gitinit)
$ PS C:\Users\milo\Desktop> More?Windows PowerShell

milo@LAPTOP-D28F85BI MINGW64 ~/Desktop/more (gitinit)
$ Copyright (C) Microsoft Corporation. All rights reserved.
bash: syntax error near unexpected token `C'

milo@LAPTOP-D28F85BI MINGW64 ~/Desktop/more (gitinit)
$

milo@LAPTOP-D28F85BI MINGW64 ~/Desktop/more (gitinit)
$ Install the latest PowerShell for new features and improvements! https://aka.ms/PSWindows
Install: target 'https://aka.ms/PSWindows' is not a directory

milo@LAPTOP-D28F85BI MINGW64 ~/Desktop/more (gitinit)
$

milo@LAPTOP-D28F85BI MINGW64 ~/Desktop/more (gitinit)
$ PS C:\Users\milo\Desktop> $ ^V^V^V^V^V^V^V^V^V^V^V^V^V^V^V^V^V^V^V^V^V^V^V^V^V^V^V^V^V^V^V^V^V^V^V^V^V^V^V^V^V^V^V^V^V^V^V^V^V^V^V^V^V^V^V^V^V^V^V^V^V^V^V^V^V^V^V^V^V^V^V^V^V^V^V^V^V^V^V^V^V^V^V^V^V^V^V^V^V^V^V^V^V^V^V^V^V^V^V^V^V^V^V^V^V^V^V^V^V^V^V^V^V^V^V^V^V^V^V^V^V^V^V^V^V^V^V^V^V^V^V^V^V^V^V^V^V^V^V^V^V^V^V^V^V^V^V^V^V^V^V^

milo@LAPTOP-D28F85BI MINGW64 ~/Desktop/more (gitinit)
$ $ : The term '$' is not recognized as the name of a cmdlet, function, script file, or operable program. Check the
bash: $: command not found

milo@LAPTOP-D28F85BI MINGW64 ~/Desktop/more (gitinit)
$ spelling of the name, or if a path was included, verify that the path is correct and try again.
bash: spelling: command not found

milo@LAPTOP-D28F85BI MINGW64 ~/Desktop/more (gitinit)
$ At line:1 char:1
The AT command has been deprecated. Please use schtasks.exe instead.

Invalid command.

The AT command schedules commands and programs to run on a computer at
a specified time and date. The Schedule service must be running to use
the AT command.

AT [\\computername] [ [id] [/DELETE] | /DELETE [/YES]]
AT [\\computername] time [/INTERACTIVE]
    [ /EVERY:date[,...] | /NEXT:date[,...]] "command"

\\computername     Specifies a remote computer. Commands are scheduled on the
                   local computer if this parameter is omitted.
id                 Is an identification number assigned to a scheduled
                   command.
/delete            Cancels a scheduled command. If id is omitted, all the
                   scheduled commands on the computer are canceled.
/yes               Used with cancel all jobs command when no further
                   confirmation is desired.
time               Specifies the time when command is to run.
/interactive       Allows the job to interact with the desktop of the user
                   who is logged on at the time the job runs.
/every:date[,...]  Runs the command on each specified day(s) of the week or
                   month. If date is omitted, the current day of the month
                   is assumed.
/next:date[,...]   Runs the specified command on the next occurrence of the
                   day (for example, next Thursday).  If date is omitted, the
                   current day of the month is assumed.
"command"          Is the Windows NT command, or batch program to be run.


milo@LAPTOP-D28F85BI MINGW64 ~/Desktop/more (gitinit)
$ + $ ^V^V^V^V^V^V^V^V^V^V^V^V^V^V^V^V^V^V^V^V^V^V^V^V^V^V^V^V^V^V^V^V^V^ ...
bash: +: command not found

milo@LAPTOP-D28F85BI MINGW64 ~/Desktop/more (gitinit)
$ + ~
bash: +: command not found

milo@LAPTOP-D28F85BI MINGW64 ~/Desktop/more (gitinit)
$     + CategoryInfo          : ObjectNotFound: ($:String) [], CommandNotFoundException
bash: syntax error near unexpected token `('

milo@LAPTOP-D28F85BI MINGW64 ~/Desktop/more (gitinit)
$     + FullyQualifiedErrorId : CommandNotFoundException
bash: +: command not found

milo@LAPTOP-D28F85BI MINGW64 ~/Desktop/more (gitinit)
$

milo@LAPTOP-D28F85BI MINGW64 ~/Desktop/more (gitinit)
$ PS C:\Users\milo\Desktop> More?$ ^V^V^V^V^V^V^V^V^V^V^V^V^V^V^V^V^V^V^V^V^V^V^V^V^V^V^V^V^V^V^V^V^V^V^V^V^V^V^V^V^V^V^V^V^V^V^V^V^V^V^V^V^V^V^V^V^V^V^V^V^V^V^V^V^V^V^V^V^V^V^V^V^V^V^V^V^V^V^V^V^V^V^V^V^V^V^V^V^V^V^V^V^V^V^V^V^V^V^V^V^V^V^V^V^V^V^V^V^V^V^V^V^V^V^V^V^V^V^V^V^V^V^V^V^V^V^V^V^V^V^V^V^V^V^V^V^V^V^V^V^V^V^V^V^V^V^V^V^V^V^V^

milo@LAPTOP-D28F85BI MINGW64 ~/Desktop/more (gitinit)
$ More?$ : The term 'More?$' is not recognized as the name of a cmdlet, function, script file, or operable program.
bash: More?$: command not found

milo@LAPTOP-D28F85BI MINGW64 ~/Desktop/more (gitinit)
$ Check the spelling of the name, or if a path was included, verify that the path is correct and try again.
bash: Check: command not found

milo@LAPTOP-D28F85BI MINGW64 ~/Desktop/more (gitinit)
$ At line:1 char:1
The AT command has been deprecated. Please use schtasks.exe instead.

Invalid command.

The AT command schedules commands and programs to run on a computer at
a specified time and date. The Schedule service must be running to use
the AT command.

AT [\\computername] [ [id] [/DELETE] | /DELETE [/YES]]
AT [\\computername] time [/INTERACTIVE]
    [ /EVERY:date[,...] | /NEXT:date[,...]] "command"

\\computername     Specifies a remote computer. Commands are scheduled on the
                   local computer if this parameter is omitted.
id                 Is an identification number assigned to a scheduled
                   command.
/delete            Cancels a scheduled command. If id is omitted, all the
                   scheduled commands on the computer are canceled.
/yes               Used with cancel all jobs command when no further
                   confirmation is desired.
time               Specifies the time when command is to run.
/interactive       Allows the job to interact with the desktop of the user
                   who is logged on at the time the job runs.
/every:date[,...]  Runs the command on each specified day(s) of the week or
                   month. If date is omitted, the current day of the month
                   is assumed.
/next:date[,...]   Runs the specified command on the next occurrence of the
                   day (for example, next Thursday).  If date is omitted, the
                   current day of the month is assumed.
"command"          Is the Windows NT command, or batch program to be run.


milo@LAPTOP-D28F85BI MINGW64 ~/Desktop/more (gitinit)
$ + More?$ ^V^V^V^V^V^V^V^V^V^V^V^V^V^V^V^V^V^V^V^V^V^V^V^V^V^V^V^V^V^V^V ...
bash: +: command not found

milo@LAPTOP-D28F85BI MINGW64 ~/Desktop/more (gitinit)
$ + ~~~~~~
bash: +: command not found

milo@LAPTOP-D28F85BI MINGW64 ~/Desktop/more (gitinit)
$     + CategoryInfo          : ObjectNotFound: (More?$:String) [], CommandNotFoundException
bash: syntax error near unexpected token `('

milo@LAPTOP-D28F85BI MINGW64 ~/Desktop/more (gitinit)
$     + FullyQualifiedErrorId : CommandNotFoundException
bash: +: command not found

milo@LAPTOP-D28F85BI MINGW64 ~/Desktop/more (gitinit)
$

milo@LAPTOP-D28F85BI MINGW64 ~/Desktop/more (gitinit)
$ PS C:\Users\milo\Desktop> More?Windows PowerShell

milo@LAPTOP-D28F85BI MINGW64 ~/Desktop/more (gitinit)
$ Copyright (C) Microsoft Corporation. All rights reserved.
bash: syntax error near unexpected token `C'

milo@LAPTOP-D28F85BI MINGW64 ~/Desktop/more (gitinit)
$

milo@LAPTOP-D28F85BI MINGW64 ~/Desktop/more (gitinit)
$ Install the latest PowerShell for new features and improvements! https://aka.ms/PSWindows
Install: target 'https://aka.ms/PSWindows' is not a directory

milo@LAPTOP-D28F85BI MINGW64 ~/Desktop/more (gitinit)
$

milo@LAPTOP-D28F85BI MINGW64 ~/Desktop/more (gitinit)
$ PS C:\Users\milo\Desktop> $ ^V^V^V^V^V^V^V^V^V^V^V^V^V^V^V^V^V^V^V^V^V^V^V^V^V^V^V^V^V^V^V^V^V^V^V^V^V^V^V^V^V^V^V^V^V^V^V^V^V^V^V^V^V^V^V^V^V^V^V^V^V^V^V^V^V^V^V^V^V^V^V^V^V^V^V^V^V^V^V^V^V^V^V^V^V^V^V^V^V^V^V^V^V^V^V^V^V^V^V^V^V^V^V^V^V^V^V^V^V^V^V^V^V^V^V^V^V^V^V^V^V^V^V^V^V^V^V^V^V^V^V^V^V^V^V^V^V^V^V^V^V^V^V^V^V^V^V^V^V^V^V^

milo@LAPTOP-D28F85BI MINGW64 ~/Desktop/more (gitinit)
$ $ : The term '$' is not recognized as the name of a cmdlet, function, script file, or operable program. Check the
bash: $: command not found

milo@LAPTOP-D28F85BI MINGW64 ~/Desktop/more (gitinit)
$ spelling of the name, or if a path was included, verify that the path is correct and try again.
bash: spelling: command not found

milo@LAPTOP-D28F85BI MINGW64 ~/Desktop/more (gitinit)
$ At line:1 char:1
The AT command has been deprecated. Please use schtasks.exe instead.

Invalid command.

The AT command schedules commands and programs to run on a computer at
a specified time and date. The Schedule service must be running to use
the AT command.

AT [\\computername] [ [id] [/DELETE] | /DELETE [/YES]]
AT [\\computername] time [/INTERACTIVE]
    [ /EVERY:date[,...] | /NEXT:date[,...]] "command"

\\computername     Specifies a remote computer. Commands are scheduled on the
                   local computer if this parameter is omitted.
id                 Is an identification number assigned to a scheduled
                   command.
/delete            Cancels a scheduled command. If id is omitted, all the
                   scheduled commands on the computer are canceled.
/yes               Used with cancel all jobs command when no further
                   confirmation is desired.
time               Specifies the time when command is to run.
/interactive       Allows the job to interact with the desktop of the user
                   who is logged on at the time the job runs.
/every:date[,...]  Runs the command on each specified day(s) of the week or
                   month. If date is omitted, the current day of the month
                   is assumed.
/next:date[,...]   Runs the specified command on the next occurrence of the
                   day (for example, next Thursday).  If date is omitted, the
                   current day of the month is assumed.
"command"          Is the Windows NT command, or batch program to be run.


milo@LAPTOP-D28F85BI MINGW64 ~/Desktop/more (gitinit)
$ + $ ^V^V^V^V^V^V^V^V^V^V^V^V^V^V^V^V^V^V^V^V^V^V^V^V^V^V^V^V^V^V^V^V^V^ ...
bash: +: command not found

milo@LAPTOP-D28F85BI MINGW64 ~/Desktop/more (gitinit)
$ + ~
bash: +: command not found

milo@LAPTOP-D28F85BI MINGW64 ~/Desktop/more (gitinit)
$     + CategoryInfo          : ObjectNotFound: ($:String) [], CommandNotFoundException
bash: syntax error near unexpected token `('

milo@LAPTOP-D28F85BI MINGW64 ~/Desktop/more (gitinit)
$     + FullyQualifiedErrorId : CommandNotFoundException
bash: +: command not found

milo@LAPTOP-D28F85BI MINGW64 ~/Desktop/more (gitinit)
$

milo@LAPTOP-D28F85BI MINGW64 ~/Desktop/more (gitinit)
$ PS C:\Users\milo\Desktop> More?$ ^V^V^V^V^V^V^V^V^V^V^V^V^V^V^V^V^V^V^V^V^V^V^V^V^V^V^V^V^V^V^V^V^V^V^V^V^V^V^V^V^V^V^V^V^V^V^V^V^V^V^V^V^V^V^V^V^V^V^V^V^V^V^V^V^V^V^V^V^V^V^V^V^V^V^V^V^V^V^V^V^V^V^V^V^V^V^V^V^V^V^V^V^V^V^V^V^V^V^V^V^V^V^V^V^V^V^V^V^V^V^V^V^V^V^V^V^V^V^V^V^V^V^V^V^V^V^V^V^V^V^V^V^V^V^V^V^V^V^V^V^V^V^V^V^V^V^V^V^V^V^V^

milo@LAPTOP-D28F85BI MINGW64 ~/Desktop/more (gitinit)
$ More?$ : The term 'More?$' is not recognized as the name of a cmdlet, function, script file, or operable program.
bash: More?$: command not found

milo@LAPTOP-D28F85BI MINGW64 ~/Desktop/more (gitinit)
$ Check the spelling of the name, or if a path was included, verify that the path is correct and try again.
bash: Check: command not found

milo@LAPTOP-D28F85BI MINGW64 ~/Desktop/more (gitinit)
$ At line:1 char:1
The AT command has been deprecated. Please use schtasks.exe instead.

Invalid command.

The AT command schedules commands and programs to run on a computer at
a specified time and date. The Schedule service must be running to use
the AT command.

AT [\\computername] [ [id] [/DELETE] | /DELETE [/YES]]
AT [\\computername] time [/INTERACTIVE]
    [ /EVERY:date[,...] | /NEXT:date[,...]] "command"

\\computername     Specifies a remote computer. Commands are scheduled on the
                   local computer if this parameter is omitted.
id                 Is an identification number assigned to a scheduled
                   command.
/delete            Cancels a scheduled command. If id is omitted, all the
                   scheduled commands on the computer are canceled.
/yes               Used with cancel all jobs command when no further
                   confirmation is desired.
time               Specifies the time when command is to run.
/interactive       Allows the job to interact with the desktop of the user
                   who is logged on at the time the job runs.
/every:date[,...]  Runs the command on each specified day(s) of the week or
                   month. If date is omitted, the current day of the month
                   is assumed.
/next:date[,...]   Runs the specified command on the next occurrence of the
                   day (for example, next Thursday).  If date is omitted, the
                   current day of the month is assumed.
"command"          Is the Windows NT command, or batch program to be run.


milo@LAPTOP-D28F85BI MINGW64 ~/Desktop/more (gitinit)
$ + More?$ ^V^V^V^V^V^V^V^V^V^V^V^V^V^V^V^V^V^V^V^V^V^V^V^V^V^V^V^V^V^V^V ...
bash: +: command not found

milo@LAPTOP-D28F85BI MINGW64 ~/Desktop/more (gitinit)
$ + ~~~~~~
bash: +: command not found

milo@LAPTOP-D28F85BI MINGW64 ~/Desktop/more (gitinit)
$     + CategoryInfo          : ObjectNotFound: (More?$:String) [], CommandNotFoundException
bash: syntax error near unexpected token `('

milo@LAPTOP-D28F85BI MINGW64 ~/Desktop/more (gitinit)
$     + FullyQualifiedErrorId : CommandNotFoundException
bash: +: command not found

milo@LAPTOP-D28F85BI MINGW64 ~/Desktop/more (gitinit)
$

milo@LAPTOP-D28F85BI MINGW64 ~/Desktop/more (gitinit)
$ PS C:\Users\milo\Desktop> More?

milo@LAPTOP-D28F85BI MINGW64 ~/Desktop/more (gitinit)
$ milo@LAPTOP-D28F85BI MINGW64 ~/Desktop/more (gitinit)
bash: syntax error near unexpected token `('

milo@LAPTOP-D28F85BI MINGW64 ~/Desktop/more (gitinit)
$ $ Windows PowerShell
bash: $: command not found

milo@LAPTOP-D28F85BI MINGW64 ~/Desktop/more (gitinit)
$ bash: Windows: command not found
bash: bash:: command not found

milo@LAPTOP-D28F85BI MINGW64 ~/Desktop/more (gitinit)
$

milo@LAPTOP-D28F85BI MINGW64 ~/Desktop/more (gitinit)
$ milo@LAPTOP-D28F85BI MINGW64 ~/Desktop/more (gitinit)
bash: syntax error near unexpected token `('

milo@LAPTOP-D28F85BI MINGW64 ~/Desktop/more (gitinit)
$ $ Copyright (C) Microsoft Corporation. All rights reserved.
bash: syntax error near unexpected token `('

milo@LAPTOP-D28F85BI MINGW64 ~/Desktop/more (gitinit)
$ bash: syntax error near unexpected token `C'
>
> milo@LAPTOP-D28F85BI MINGW64 ~/Desktop/more (gitinit)
> $
>
> milo@LAPTOP-D28F85BI MINGW64 ~/Desktop/more (gitinit)
> $ Install the latest PowerShell for new features and improvements! https://aka.ms/PSWindows
> Install: target 'https://aka.ms/PSWindows' is not a directory
>
> milo@LAPTOP-D28F85BI MINGW64 ~/Desktop/more (gitinit)
> $
>
> milo@LAPTOP-D28F85BI MINGW64 ~/Desktop/more (gitinit)
> $ PS C:\Users\milo\Desktop> $ ^V^V^V^V^V^V^V^V^V^V^V^V^V^V^V^V^V^V^V^V^V^V^V^V^V^V^V^V^V^V^V^V^V^V^V^V^V^V^V^V^V^V^V^V^V^V^V^V^V^V^V^V^V^V^V^V^V^V^V^V^V^V^V^V^V^V^V^V^V^V^V^V^V^V^V^V^V^V^V^V^V^V^V^V^V^V^V^V^V^V^V^V^V^V^V^V^V^V^V^V^V^V^V^V^V^V^V^V^V^V^V^V^V^V^V^V^V^V^V^V^V^V^V^V^V^V^V^V^V^V^V^V^V^V^V^V^V^V^V^V^V^V^V^V^V^V^V^V^V^V^V^
>
> milo@LAPTOP-D28F85BI MINGW64 ~/Desktop/more (gitinit)
> $ $ : The term '$' is not recognized as the name of a cmdlet, function, script file, or operable program. Check the
> bash: $: command not found
>
> milo@LAPTOP-D28F85BI MINGW64 ~/Desktop/more (gitinit)
> $ spelling of the name, or if a path was included, verify that the path is correct and try again.
> bash: spelling: command not found
>
> milo@LAPTOP-D28F85BI MINGW64 ~/Desktop/more (gitinit)
> $ At line:1 char:1
> The AT command has been deprecated. Please use schtasks.exe instead.
>
> Invalid command.
>
> The AT command schedules commands and programs to run on a computer at
> a specified time and date. The Schedule service must be running to use
> the AT command.
>
> AT [\\computername] [ [id] [/DELETE] | /DELETE [/YES]]
> AT [\\computername] time [/INTERACTIVE]
>     [ /EVERY:date[,...] | /NEXT:date[,...]] "command"
>
> \\computername     Specifies a remote computer. Commands are scheduled on the
>                    local computer if this parameter is omitted.
> id                 Is an identification number assigned to a scheduled
>                    command.
> /delete            Cancels a scheduled command. If id is omitted, all the
>                    scheduled commands on the computer are canceled.
> /yes               Used with cancel all jobs command when no further
>                    confirmation is desired.
> time               Specifies the time when command is to run.
> /interactive       Allows the job to interact with the desktop of the user
>                    who is logged on at the time the job runs.
> /every:date[,...]  Runs the command on each specified day(s) of the week or
>                    month. If date is omitted, the current day of the month
>                    is assumed.
> /next:date[,...]   Runs the specified command on the next occurrence of the
>                    day (for example, next Thursday).  If date is omitted, the
>                    current day of the month is assumed.
> "command"          Is the Windows NT command, or batch program to be run.
>
>
> milo@LAPTOP-D28F85BI MINGW64 ~/Desktop/more (gitinit)
> $ + $ ^V^V^V^V^V^V^V^V^V^V^V^V^V^V^V^V^V^V^V^V^V^V^V^V^V^V^V^V^V^V^V^V^V^ ...
> bash: +: command not found
>
> milo@LAPTOP-D28F85BI MINGW64 ~/Desktop/more (gitinit)
> $ + ~
> bash: +: command not found
>
> milo@LAPTOP-D28F85BI MINGW64 ~/Desktop/more (gitinit)
> $     + CategoryInfo          : ObjectNotFound: ($:String) [], CommandNotFoundException
> bash: syntax error near unexpected token `('
bash: syntax error near unexpected token `('

milo@LAPTOP-D28F85BI MINGW64 ~/Desktop/more (gitinit)
$

milo@LAPTOP-D28F85BI MINGW64 ~/Desktop/more (gitinit)
$ milo@LAPTOP-D28F85BI MINGW64 ~/Desktop/more (gitinit)
bash: syntax error near unexpected token `('

milo@LAPTOP-D28F85BI MINGW64 ~/Desktop/more (gitinit)
$ $     + FullyQualifiedErrorId : CommandNotFoundException
bash: $: command not found

milo@LAPTOP-D28F85BI MINGW64 ~/Desktop/more (gitinit)
$ bash: +: command not found
bash: bash:: command not found

milo@LAPTOP-D28F85BI MINGW64 ~/Desktop/more (gitinit)
$

milo@LAPTOP-D28F85BI MINGW64 ~/Desktop/more (gitinit)
$ milo@LAPTOP-D28F85BI MINGW64 ~/Desktop/more (gitinit)
bash: syntax error near unexpected token `('

milo@LAPTOP-D28F85BI MINGW64 ~/Desktop/more (gitinit)
$ $
bash: $: command not found

milo@LAPTOP-D28F85BI MINGW64 ~/Desktop/more (gitinit)
$

milo@LAPTOP-D28F85BI MINGW64 ~/Desktop/more (gitinit)
$ milo@LAPTOP-D28F85BI MINGW64 ~/Desktop/more (gitinit)
bash: syntax error near unexpected token `('

milo@LAPTOP-D28F85BI MINGW64 ~/Desktop/more (gitinit)
$ $ PS C:\Users\milo\Desktop> More?$ ^V^V^V^V^V^V^V^V^V^V^V^V^V^V^V^V^V^V^V^V^V^V^V^V^V^V^V^V^V^V^V^V^V^V^V^V^V^V^V^V^V^V^V^V^V^V^V^V^V^V^V^V^V^V^V^V^V^V^V^V^V^V^V^V^V^V^V^V^V^V^V^V^V^V^V^V^V^V^V^V^V^V^V^V^V^V^V^V^V^V^V^V^V^V^V^V^V^V^V^V^V^V^V^V^V^V^V^V^V^V^V^V^V^V^V^V^V^V^V^V^V^V^V^V^V^V^V^V^V^V^V^V^V^V^V^V^V^V^V^V^V^V^V^V^V^V^V^V^V^V^V^
bash: $: command not found

milo@LAPTOP-D28F85BI MINGW64 ~/Desktop/more (gitinit)
$

milo@LAPTOP-D28F85BI MINGW64 ~/Desktop/more (gitinit)
$ milo@LAPTOP-D28F85BI MINGW64 ~/Desktop/more (gitinit)
bash: syntax error near unexpected token `('

milo@LAPTOP-D28F85BI MINGW64 ~/Desktop/more (gitinit)
$ $ More?$ : The term 'More?$' is not recognized as the name of a cmdlet, function, script file, or operable program.
bash: $: command not found

milo@LAPTOP-D28F85BI MINGW64 ~/Desktop/more (gitinit)
$ bash: More?$: command not found
bash: bash:: command not found

milo@LAPTOP-D28F85BI MINGW64 ~/Desktop/more (gitinit)
$

milo@LAPTOP-D28F85BI MINGW64 ~/Desktop/more (gitinit)
$ milo@LAPTOP-D28F85BI MINGW64 ~/Desktop/more (gitinit)
bash: syntax error near unexpected token `('

milo@LAPTOP-D28F85BI MINGW64 ~/Desktop/more (gitinit)
$ $ Check the spelling of the name, or if a path was included, verify that the path is correct and try again.
bash: $: command not found

milo@LAPTOP-D28F85BI MINGW64 ~/Desktop/more (gitinit)
$ bash: Check: command not found
bash: bash:: command not found

milo@LAPTOP-D28F85BI MINGW64 ~/Desktop/more (gitinit)
$

milo@LAPTOP-D28F85BI MINGW64 ~/Desktop/more (gitinit)
$ milo@LAPTOP-D28F85BI MINGW64 ~/Desktop/more (gitinit)
bash: syntax error near unexpected token `('

milo@LAPTOP-D28F85BI MINGW64 ~/Desktop/more (gitinit)
$ $ At line:1 char:1
bash: $: command not found

milo@LAPTOP-D28F85BI MINGW64 ~/Desktop/more (gitinit)
$ The AT command has been deprecated. Please use schtasks.exe instead.
bash: The: command not found

milo@LAPTOP-D28F85BI MINGW64 ~/Desktop/more (gitinit)
$

milo@LAPTOP-D28F85BI MINGW64 ~/Desktop/more (gitinit)
$ Invalid command.
bash: Invalid: command not found

milo@LAPTOP-D28F85BI MINGW64 ~/Desktop/more (gitinit)
$

milo@LAPTOP-D28F85BI MINGW64 ~/Desktop/more (gitinit)
$ The AT command schedules commands and programs to run on a computer at
bash: The: command not found

milo@LAPTOP-D28F85BI MINGW64 ~/Desktop/more (gitinit)
$ a specified time and date. The Schedule service must be running to use
bash: a: command not found

milo@LAPTOP-D28F85BI MINGW64 ~/Desktop/more (gitinit)
$ the AT command.
bash: the: command not found

milo@LAPTOP-D28F85BI MINGW64 ~/Desktop/more (gitinit)
$

milo@LAPTOP-D28F85BI MINGW64 ~/Desktop/more (gitinit)
$ AT [\\computername] [ [id] [/DELETE] | /DELETE [/YES]]
bash: /DELETE: No such file or directory

milo@LAPTOP-D28F85BI MINGW64 ~/Desktop/more (gitinit)
$ AT [\\computername] time [/INTERACTIVE]
The AT command has been deprecated. Please use schtasks.exe instead.

Invalid command.

The AT command schedules commands and programs to run on a computer at
a specified time and date. The Schedule service must be running to use
the AT command.

AT [\\computername] [ [id] [/DELETE] | /DELETE [/YES]]
AT [\\computername] time [/INTERACTIVE]
    [ /EVERY:date[,...] | /NEXT:date[,...]] "command"

\\computername     Specifies a remote computer. Commands are scheduled on the
                   local computer if this parameter is omitted.
id                 Is an identification number assigned to a scheduled
                   command.
/delete            Cancels a scheduled command. If id is omitted, all the
                   scheduled commands on the computer are canceled.
/yes               Used with cancel all jobs command when no further
                   confirmation is desired.
time               Specifies the time when command is to run.
/interactive       Allows the job to interact with the desktop of the user
                   who is logged on at the time the job runs.
/every:date[,...]  Runs the command on each specified day(s) of the week or
                   month. If date is omitted, the current day of the month
                   is assumed.
/next:date[,...]   Runs the specified command on the next occurrence of the
                   day (for example, next Thursday).  If date is omitted, the
                   current day of the month is assumed.
"command"          Is the Windows NT command, or batch program to be run.


milo@LAPTOP-D28F85BI MINGW64 ~/Desktop/more (gitinit)
$     [ /EVERY:date[,...] | /NEXT:date[,...]] "command"
bash: [: missing `]'
bash: /NEXT:date[,...]]: No such file or directory

milo@LAPTOP-D28F85BI MINGW64 ~/Desktop/more (gitinit)
$

milo@LAPTOP-D28F85BI MINGW64 ~/Desktop/more (gitinit)
$ \\computername     Specifies a remote computer. Commands are scheduled on the
bash: \computername: No such file or directory

milo@LAPTOP-D28F85BI MINGW64 ~/Desktop/more (gitinit)
$                    local computer if this parameter is omitted.
bash: local: can only be used in a function

milo@LAPTOP-D28F85BI MINGW64 ~/Desktop/more (gitinit)
$ id                 Is an identification number assigned to a scheduled
id: ‘Is’: no such user
id: ‘an’: no such user
id: ‘identification’: no such user
id: ‘number’: no such user
id: ‘assigned’: no such user
id: ‘to’: no such user
id: ‘a’: no such user
id: ‘scheduled’: no such user

milo@LAPTOP-D28F85BI MINGW64 ~/Desktop/more (gitinit)
$                    command.
bash: command.: command not found

milo@LAPTOP-D28F85BI MINGW64 ~/Desktop/more (gitinit)
$ /delete            Cancels a scheduled command. If id is omitted, all the
bash: /delete: No such file or directory

milo@LAPTOP-D28F85BI MINGW64 ~/Desktop/more (gitinit)
$                    scheduled commands on the computer are canceled.
bash: scheduled: command not found

milo@LAPTOP-D28F85BI MINGW64 ~/Desktop/more (gitinit)
$ /yes               Used with cancel all jobs command when no further
bash: /yes: No such file or directory

milo@LAPTOP-D28F85BI MINGW64 ~/Desktop/more (gitinit)
$                    confirmation is desired.
bash: confirmation: command not found

milo@LAPTOP-D28F85BI MINGW64 ~/Desktop/more (gitinit)
$ time               Specifies the time when command is to run.
bash: Specifies: command not found

real    0m0.032s
user    0m0.000s
sys     0m0.030s

milo@LAPTOP-D28F85BI MINGW64 ~/Desktop/more (gitinit)
$ /interactive       Allows the job to interact with the desktop of the user
bash: /interactive: No such file or directory

milo@LAPTOP-D28F85BI MINGW64 ~/Desktop/more (gitinit)
$                    who is logged on at the time the job runs.
who: extra operand ‘on’
Try 'who --help' for more information.

milo@LAPTOP-D28F85BI MINGW64 ~/Desktop/more (gitinit)
$ /every:date[,...]  Runs the command on each specified day(s) of the week or
bash: syntax error near unexpected token `('

milo@LAPTOP-D28F85BI MINGW64 ~/Desktop/more (gitinit)
$                    month. If date is omitted, the current day of the month
bash: month.: command not found

milo@LAPTOP-D28F85BI MINGW64 ~/Desktop/more (gitinit)
$                    is assumed.
bash: is: command not found

milo@LAPTOP-D28F85BI MINGW64 ~/Desktop/more (gitinit)
$ /next:date[,...]   Runs the specified command on the next occurrence of the
bash: /next:date[,...]: No such file or directory

milo@LAPTOP-D28F85BI MINGW64 ~/Desktop/more (gitinit)
$                    day (for example, next Thursday).  If date is omitted, the
bash: syntax error near unexpected token `for'

milo@LAPTOP-D28F85BI MINGW64 ~/Desktop/more (gitinit)
$                    current day of the month is assumed.
bash: current: command not found

milo@LAPTOP-D28F85BI MINGW64 ~/Desktop/more (gitinit)
$ "command"          Is the Windows NT command, or batch program to be run.
bash: Is: command not found

milo@LAPTOP-D28F85BI MINGW64 ~/Desktop/more (gitinit)
$

milo@LAPTOP-D28F85BI MINGW64 ~/Desktop/more (gitinit)
$

milo@LAPTOP-D28F85BI MINGW64 ~/Desktop/more (gitinit)
$ milo@LAPTOP-D28F85BI MINGW64 ~/Desktop/more (gitinit)
bash: syntax error near unexpected token `('

milo@LAPTOP-D28F85BI MINGW64 ~/Desktop/more (gitinit)
$ $ + More?$ ^V^V^V^V^V^V^V^V^V^V^V^V^V^V^V^V^V^V^V^V^V^V^V^V^V^V^V^V^V^V^V ...
bash: $: command not found

milo@LAPTOP-D28F85BI MINGW64 ~/Desktop/more (gitinit)
$ bash: +: command not found
bash: bash:: command not found

milo@LAPTOP-D28F85BI MINGW64 ~/Desktop/more (gitinit)
$

milo@LAPTOP-D28F85BI MINGW64 ~/Desktop/more (gitinit)
$ milo@LAPTOP-D28F85BI MINGW64 ~/Desktop/more (gitinit)
bash: syntax error near unexpected token `('

milo@LAPTOP-D28F85BI MINGW64 ~/Desktop/more (gitinit)
$ $ + ~~~~~~
bash: $: command not found

milo@LAPTOP-D28F85BI MINGW64 ~/Desktop/more (gitinit)
$ bash: +: command not found
bash: bash:: command not found

milo@LAPTOP-D28F85BI MINGW64 ~/Desktop/more (gitinit)
$

milo@LAPTOP-D28F85BI MINGW64 ~/Desktop/more (gitinit)
$ milo@LAPTOP-D28F85BI MINGW64 ~/Desktop/more (gitinit)
bash: syntax error near unexpected token `('

milo@LAPTOP-D28F85BI MINGW64 ~/Desktop/more (gitinit)
$ $     + CategoryInfo          : ObjectNotFound: (More?$:String) [], CommandNotFoundException
bash: syntax error near unexpected token `('

milo@LAPTOP-D28F85BI MINGW64 ~/Desktop/more (gitinit)
$ bash: syntax error near unexpected token `('
>
> milo@LAPTOP-D28F85BI MINGW64 ~/Desktop/more (gitinit)
> $     + FullyQualifiedErrorId : CommandNotFoundException
> bash: +: command not found
>
> milo@LAPTOP-D28F85BI MINGW64 ~/Desktop/more (gitinit)
> $
>
> milo@LAPTOP-D28F85BI MINGW64 ~/Desktop/more (gitinit)
> $ PS C:\Users\milo\Desktop> More?Windows PowerShell
>
> milo@LAPTOP-D28F85BI MINGW64 ~/Desktop/more (gitinit)
> $ Copyright (C) Microsoft Corporation. All rights reserved.
> bash: syntax error near unexpected token `C'
>
> milo@LAPTOP-D28F85BI MINGW64 ~/Desktop/more (gitinit)
> $
>
> milo@LAPTOP-D28F85BI MINGW64 ~/Desktop/more (gitinit)
> $ Install the latest PowerShell for new features and improvements! https://aka.ms/PSWindows
> Install: target 'https://aka.ms/PSWindows' is not a directory
>
> milo@LAPTOP-D28F85BI MINGW64 ~/Desktop/more (gitinit)
> $
>
> milo@LAPTOP-D28F85BI MINGW64 ~/Desktop/more (gitinit)
> $ PS C:\Users\milo\Desktop> $ ^V^V^V^V^V^V^V^V^V^V^V^V^V^V^V^V^V^V^V^V^V^V^V^V^V^V^V^V^V^V^V^V^V^V^V^V^V^V^V^V^V^V^V^V^V^V^V^V^V^V^V^V^V^V^V^V^V^V^V^V^V^V^V^V^V^V^V^V^V^V^V^V^V^V^V^V^V^V^V^V^V^V^V^V^V^V^V^V^V^V^V^V^V^V^V^V^V^V^V^V^V^V^V^V^V^V^V^V^V^V^V^V^V^V^V^V^V^V^V^V^V^V^V^V^V^V^V^V^V^V^V^V^V^V^V^V^V^V^V^V^V^V^V^V^V^V^V^V^V^V^V^
>
> milo@LAPTOP-D28F85BI MINGW64 ~/Desktop/more (gitinit)
> $ $ : The term '$' is not recognized as the name of a cmdlet, function, script file, or operable program. Check the
> bash: $: command not found
>
> milo@LAPTOP-D28F85BI MINGW64 ~/Desktop/more (gitinit)
> $ spelling of the name, or if a path was included, verify that the path is correct and try again.
> bash: spelling: command not found
>
> milo@LAPTOP-D28F85BI MINGW64 ~/Desktop/more (gitinit)
> $ At line:1 char:1
> The AT command has been deprecated. Please use schtasks.exe instead.
>
> Invalid command.
>
> The AT command schedules commands and programs to run on a computer at
> a specified time and date. The Schedule service must be running to use
> the AT command.
>
> AT [\\computername] [ [id] [/DELETE] | /DELETE [/YES]]
> AT [\\computername] time [/INTERACTIVE]
>     [ /EVERY:date[,...] | /NEXT:date[,...]] "command"
>
> \\computername     Specifies a remote computer. Commands are scheduled on the
>                    local computer if this parameter is omitted.
> id                 Is an identification number assigned to a scheduled
>                    command.
> /delete            Cancels a scheduled command. If id is omitted, all the
>                    scheduled commands on the computer are canceled.
> /yes               Used with cancel all jobs command when no further
>                    confirmation is desired.
> time               Specifies the time when command is to run.
> /interactive       Allows the job to interact with the desktop of the user
>                    who is logged on at the time the job runs.
> /every:date[,...]  Runs the command on each specified day(s) of the week or
>                    month. If date is omitted, the current day of the month
>                    is assumed.
> /next:date[,...]   Runs the specified command on the next occurrence of the
>                    day (for example, next Thursday).  If date is omitted, the
>                    current day of the month is assumed.
> "command"          Is the Windows NT command, or batch program to be run.
>
>
> milo@LAPTOP-D28F85BI MINGW64 ~/Desktop/more (gitinit)
> $ + $ ^V^V^V^V^V^V^V^V^V^V^V^V^V^V^V^V^V^V^V^V^V^V^V^V^V^V^V^V^V^V^V^V^V^ ...
> bash: +: command not found
>
> milo@LAPTOP-D28F85BI MINGW64 ~/Desktop/more (gitinit)
> $ + ~
> bash: +: command not found
>
> milo@LAPTOP-D28F85BI MINGW64 ~/Desktop/more (gitinit)
> $     + CategoryInfo          : ObjectNotFound: ($:String) [], CommandNotFoundException
> bash: syntax error near unexpected token `('
bash: command substitution: line 1: unexpected EOF while looking for matching `''
bash: command substitution: line 16: syntax error: unexpected end of file
bash: bash:: command not found

milo@LAPTOP-D28F85BI MINGW64 ~/Desktop/more (gitinit)
$

milo@LAPTOP-D28F85BI MINGW64 ~/Desktop/more (gitinit)
$ milo@LAPTOP-D28F85BI MINGW64 ~/Desktop/more (gitinit)
bash: syntax error near unexpected token `('

milo@LAPTOP-D28F85BI MINGW64 ~/Desktop/more (gitinit)
$ $     + FullyQualifiedErrorId : CommandNotFoundException
bash: $: command not found

milo@LAPTOP-D28F85BI MINGW64 ~/Desktop/more (gitinit)
$ bash: +: command not found
bash: bash:: command not found

milo@LAPTOP-D28F85BI MINGW64 ~/Desktop/more (gitinit)
$

milo@LAPTOP-D28F85BI MINGW64 ~/Desktop/more (gitinit)
$ milo@LAPTOP-D28F85BI MINGW64 ~/Desktop/more (gitinit)
bash: syntax error near unexpected token `('

milo@LAPTOP-D28F85BI MINGW64 ~/Desktop/more (gitinit)
$ $
bash: $: command not found

milo@LAPTOP-D28F85BI MINGW64 ~/Desktop/more (gitinit)
$

milo@LAPTOP-D28F85BI MINGW64 ~/Desktop/more (gitinit)
$ milo@LAPTOP-D28F85BI MINGW64 ~/Desktop/more (gitinit)
bash: syntax error near unexpected token `('

milo@LAPTOP-D28F85BI MINGW64 ~/Desktop/more (gitinit)
$ $ PS C:\Users\milo\Desktop> More?$ ^V^V^V^V^V^V^V^V^V^V^V^V^V^V^V^V^V^V^V^V^V^V^V^V^V^V^V^V^V^V^V^V^V^V^V^V^V^V^V^V^V^V^V^V^V^V^V^V^V^V^V^V^V^V^V^V^V^V^V^V^V^V^V^V^V^V^V^V^V^V^V^V^V^V^V^V^V^V^V^V^V^V^V^V^V^V^V^V^V^V^V^V^V^V^V^V^V^V^V^V^V^V^V^V^V^V^V^V^V^V^V^V^V^V^V^V^V^V^V^V^V^V^V^V^V^V^V^V^V^V^V^V^V^V^V^V^V^V^V^V^V^V^V^V^V^V^V^V^V^V^V^
bash: $: command not found

milo@LAPTOP-D28F85BI MINGW64 ~/Desktop/more (gitinit)
$

milo@LAPTOP-D28F85BI MINGW64 ~/Desktop/more (gitinit)
$ milo@LAPTOP-D28F85BI MINGW64 ~/Desktop/more (gitinit)
bash: syntax error near unexpected token `('

milo@LAPTOP-D28F85BI MINGW64 ~/Desktop/more (gitinit)
$ $ More?$ : The term 'More?$' is not recognized as the name of a cmdlet, function, script file, or operable program.
bash: $: command not found

milo@LAPTOP-D28F85BI MINGW64 ~/Desktop/more (gitinit)
$ bash: More?$: command not found
bash: bash:: command not found

milo@LAPTOP-D28F85BI MINGW64 ~/Desktop/more (gitinit)
$

milo@LAPTOP-D28F85BI MINGW64 ~/Desktop/more (gitinit)
$ milo@LAPTOP-D28F85BI MINGW64 ~/Desktop/more (gitinit)
bash: syntax error near unexpected token `('

milo@LAPTOP-D28F85BI MINGW64 ~/Desktop/more (gitinit)
$ $ Check the spelling of the name, or if a path was included, verify that the path is correct and try again.
bash: $: command not found

milo@LAPTOP-D28F85BI MINGW64 ~/Desktop/more (gitinit)
$ bash: Check: command not found
bash: bash:: command not found

milo@LAPTOP-D28F85BI MINGW64 ~/Desktop/more (gitinit)
$

milo@LAPTOP-D28F85BI MINGW64 ~/Desktop/more (gitinit)
$ milo@LAPTOP-D28F85BI MINGW64 ~/Desktop/more (gitinit)
bash: syntax error near unexpected token `('

milo@LAPTOP-D28F85BI MINGW64 ~/Desktop/more (gitinit)
$ $ At line:1 char:1
bash: $: command not found

milo@LAPTOP-D28F85BI MINGW64 ~/Desktop/more (gitinit)
$ The AT command has been deprecated. Please use schtasks.exe instead.
bash: The: command not found

milo@LAPTOP-D28F85BI MINGW64 ~/Desktop/more (gitinit)
$

milo@LAPTOP-D28F85BI MINGW64 ~/Desktop/more (gitinit)
$ Invalid command.
bash: Invalid: command not found

milo@LAPTOP-D28F85BI MINGW64 ~/Desktop/more (gitinit)
$

milo@LAPTOP-D28F85BI MINGW64 ~/Desktop/more (gitinit)
$ The AT command schedules commands and programs to run on a computer at
bash: The: command not found

milo@LAPTOP-D28F85BI MINGW64 ~/Desktop/more (gitinit)
$ a specified time and date. The Schedule service must be running to use
bash: a: command not found

milo@LAPTOP-D28F85BI MINGW64 ~/Desktop/more (gitinit)
$ the AT command.
bash: the: command not found

milo@LAPTOP-D28F85BI MINGW64 ~/Desktop/more (gitinit)
$

milo@LAPTOP-D28F85BI MINGW64 ~/Desktop/more (gitinit)
$ AT [\\computername] [ [id] [/DELETE] | /DELETE [/YES]]
bash: /DELETE: No such file or directory

milo@LAPTOP-D28F85BI MINGW64 ~/Desktop/more (gitinit)
$ AT [\\computername] time [/INTERACTIVE]
The AT command has been deprecated. Please use schtasks.exe instead.

Invalid command.

The AT command schedules commands and programs to run on a computer at
a specified time and date. The Schedule service must be running to use
the AT command.

AT [\\computername] [ [id] [/DELETE] | /DELETE [/YES]]
AT [\\computername] time [/INTERACTIVE]
    [ /EVERY:date[,...] | /NEXT:date[,...]] "command"

\\computername     Specifies a remote computer. Commands are scheduled on the
                   local computer if this parameter is omitted.
id                 Is an identification number assigned to a scheduled
                   command.
/delete            Cancels a scheduled command. If id is omitted, all the
                   scheduled commands on the computer are canceled.
/yes               Used with cancel all jobs command when no further
                   confirmation is desired.
time               Specifies the time when command is to run.
/interactive       Allows the job to interact with the desktop of the user
                   who is logged on at the time the job runs.
/every:date[,...]  Runs the command on each specified day(s) of the week or
                   month. If date is omitted, the current day of the month
                   is assumed.
/next:date[,...]   Runs the specified command on the next occurrence of the
                   day (for example, next Thursday).  If date is omitted, the
                   current day of the month is assumed.
"command"          Is the Windows NT command, or batch program to be run.


milo@LAPTOP-D28F85BI MINGW64 ~/Desktop/more (gitinit)
$     [ /EVERY:date[,...] | /NEXT:date[,...]] "command"
bash: [: missing `]'
bash: /NEXT:date[,...]]: No such file or directory

milo@LAPTOP-D28F85BI MINGW64 ~/Desktop/more (gitinit)
$

milo@LAPTOP-D28F85BI MINGW64 ~/Desktop/more (gitinit)
$ \\computername     Specifies a remote computer. Commands are scheduled on the
bash: \computername: No such file or directory

milo@LAPTOP-D28F85BI MINGW64 ~/Desktop/more (gitinit)
$                    local computer if this parameter is omitted.
bash: local: can only be used in a function

milo@LAPTOP-D28F85BI MINGW64 ~/Desktop/more (gitinit)
$ id                 Is an identification number assigned to a scheduled
id: ‘Is’: no such user
id: ‘an’: no such user
id: ‘identification’: no such user
id: ‘number’: no such user
id: ‘assigned’: no such user
id: ‘to’: no such user
id: ‘a’: no such user
id: ‘scheduled’: no such user

milo@LAPTOP-D28F85BI MINGW64 ~/Desktop/more (gitinit)
$                    command.
bash: command.: command not found

milo@LAPTOP-D28F85BI MINGW64 ~/Desktop/more (gitinit)
$ /delete            Cancels a scheduled command. If id is omitted, all the
bash: /delete: No such file or directory

milo@LAPTOP-D28F85BI MINGW64 ~/Desktop/more (gitinit)
$                    scheduled commands on the computer are canceled.
bash: scheduled: command not found

milo@LAPTOP-D28F85BI MINGW64 ~/Desktop/more (gitinit)
$ /yes               Used with cancel all jobs command when no further
bash: /yes: No such file or directory

milo@LAPTOP-D28F85BI MINGW64 ~/Desktop/more (gitinit)
$                    confirmation is desired.
bash: confirmation: command not found

milo@LAPTOP-D28F85BI MINGW64 ~/Desktop/more (gitinit)
$ time               Specifies the time when command is to run.
bash: Specifies: command not found

real    0m0.033s
user    0m0.000s
sys     0m0.031s

milo@LAPTOP-D28F85BI MINGW64 ~/Desktop/more (gitinit)
$ /interactive       Allows the job to interact with the desktop of the user
bash: /interactive: No such file or directory

milo@LAPTOP-D28F85BI MINGW64 ~/Desktop/more (gitinit)
$                    who is logged on at the time the job runs.
who: extra operand ‘on’
Try 'who --help' for more information.

milo@LAPTOP-D28F85BI MINGW64 ~/Desktop/more (gitinit)
$ /every:date[,...]  Runs the command on each specified day(s) of the week or
bash: syntax error near unexpected token `('

milo@LAPTOP-D28F85BI MINGW64 ~/Desktop/more (gitinit)
$                    month. If date is omitted, the current day of the month
bash: month.: command not found

milo@LAPTOP-D28F85BI MINGW64 ~/Desktop/more (gitinit)
$                    is assumed.
bash: is: command not found

milo@LAPTOP-D28F85BI MINGW64 ~/Desktop/more (gitinit)
$ /next:date[,...]   Runs the specified command on the next occurrence of the
bash: /next:date[,...]: No such file or directory

milo@LAPTOP-D28F85BI MINGW64 ~/Desktop/more (gitinit)
$                    day (for example, next Thursday).  If date is omitted, the
bash: syntax error near unexpected token `for'

milo@LAPTOP-D28F85BI MINGW64 ~/Desktop/more (gitinit)
$                    current day of the month is assumed.
bash: current: command not found

milo@LAPTOP-D28F85BI MINGW64 ~/Desktop/more (gitinit)
$ "command"          Is the Windows NT command, or batch program to be run.
bash: Is: command not found

milo@LAPTOP-D28F85BI MINGW64 ~/Desktop/more (gitinit)
$

milo@LAPTOP-D28F85BI MINGW64 ~/Desktop/more (gitinit)
$

milo@LAPTOP-D28F85BI MINGW64 ~/Desktop/more (gitinit)
$ milo@LAPTOP-D28F85BI MINGW64 ~/Desktop/more (gitinit)
bash: syntax error near unexpected token `('

milo@LAPTOP-D28F85BI MINGW64 ~/Desktop/more (gitinit)
$ $ + More?$ ^V^V^V^V^V^V^V^V^V^V^V^V^V^V^V^V^V^V^V^V^V^V^V^V^V^V^V^V^V^V^V ...
bash: $: command not found

milo@LAPTOP-D28F85BI MINGW64 ~/Desktop/more (gitinit)
$ bash: +: command not found
bash: bash:: command not found

milo@LAPTOP-D28F85BI MINGW64 ~/Desktop/more (gitinit)
$

milo@LAPTOP-D28F85BI MINGW64 ~/Desktop/more (gitinit)
$ milo@LAPTOP-D28F85BI MINGW64 ~/Desktop/more (gitinit)
bash: syntax error near unexpected token `('

milo@LAPTOP-D28F85BI MINGW64 ~/Desktop/more (gitinit)
$ $ + ~~~~~~
bash: $: command not found

milo@LAPTOP-D28F85BI MINGW64 ~/Desktop/more (gitinit)
$ bash: +: command not found
bash: bash:: command not found

milo@LAPTOP-D28F85BI MINGW64 ~/Desktop/more (gitinit)
$

milo@LAPTOP-D28F85BI MINGW64 ~/Desktop/more (gitinit)
$ milo@LAPTOP-D28F85BI MINGW64 ~/Desktop/more (gitinit)
bash: syntax error near unexpected token `('

milo@LAPTOP-D28F85BI MINGW64 ~/Desktop/more (gitinit)
$ $     + CategoryInfo          : ObjectNotFound: (More?$:String) [], CommandNotFoundException
bash: syntax error near unexpected token `('

milo@LAPTOP-D28F85BI MINGW64 ~/Desktop/more (gitinit)
$ bash: syntax error near unexpected token `('
>
> milo@LAPTOP-D28F85BI MINGW64 ~/Desktop/more (gitinit)
> $     + FullyQualifiedErrorId : CommandNotFoundException
> bash: +: command not found
>
> milo@LAPTOP-D28F85BI MINGW64 ~/Desktop/more (gitinit)
> $
>
> milo@LAPTOP-D28F85BI MINGW64 ~/Desktop/more (gitinit)
> $ PS C:\Users\milo\Desktop> More?Windows PowerShell
>
> milo@LAPTOP-D28F85BI MINGW64 ~/Desktop/more (gitinit)
> $ Copyright (C) Microsoft Corporation. All rights reserved.
> bash: syntax error near unexpected token `C'
>
> milo@LAPTOP-D28F85BI MINGW64 ~/Desktop/more (gitinit)
> $
>
> milo@LAPTOP-D28F85BI MINGW64 ~/Desktop/more (gitinit)
> $ Install the latest PowerShell for new features and improvements! https://aka.ms/PSWindows
> Install: target 'https://aka.ms/PSWindows' is not a directory
>
> milo@LAPTOP-D28F85BI MINGW64 ~/Desktop/more (gitinit)
> $
>
> milo@LAPTOP-D28F85BI MINGW64 ~/Desktop/more (gitinit)
> $ PS C:\Users\milo\Desktop> $ ^V^V^V^V^V^V^V^V^V^V^V^V^V^V^V^V^V^V^V^V^V^V^V^V^V^V^V^V^V^V^V^V^V^V^V^V^V^V^V^V^V^V^V^V^V^V^V^V^V^V^V^V^V^V^V^V^V^V^V^V^V^V^V^V^V^V^V^V^V^V^V^V^V^V^V^V^V^V^V^V^V^V^V^V^V^V^V^V^V^V^V^V^V^V^V^V^V^V^V^V^V^V^V^V^V^V^V^V^V^V^V^V^V^V^V^V^V^V^V^V^V^V^V^V^V^V^V^V^V^V^V^V^V^V^V^V^V^V^V^V^V^V^V^V^V^V^V^V^V^V^V^
>
> milo@LAPTOP-D28F85BI MINGW64 ~/Desktop/more (gitinit)
> $ $ : The term '$' is not recognized as the name of a cmdlet, function, script file, or operable program. Check the
> bash: $: command not found
>
> milo@LAPTOP-D28F85BI MINGW64 ~/Desktop/more (gitinit)
> $ spelling of the name, or if a path was included, verify that the path is correct and try again.
> bash: spelling: command not found
>
> milo@LAPTOP-D28F85BI MINGW64 ~/Desktop/more (gitinit)
> $ At line:1 char:1
> The AT command has been deprecated. Please use schtasks.exe instead.
>
> Invalid command.
>
> The AT command schedules commands and programs to run on a computer at
> a specified time and date. The Schedule service must be running to use
> the AT command.
>
> AT [\\computername] [ [id] [/DELETE] | /DELETE [/YES]]
> AT [\\computername] time [/INTERACTIVE]
>     [ /EVERY:date[,...] | /NEXT:date[,...]] "command"
>
> \\computername     Specifies a remote computer. Commands are scheduled on the
>                    local computer if this parameter is omitted.
> id                 Is an identification number assigned to a scheduled
>                    command.
> /delete            Cancels a scheduled command. If id is omitted, all the
>                    scheduled commands on the computer are canceled.
> /yes               Used with cancel all jobs command when no further
>                    confirmation is desired.
> time               Specifies the time when command is to run.
> /interactive       Allows the job to interact with the desktop of the user
>                    who is logged on at the time the job runs.
> /every:date[,...]  Runs the command on each specified day(s) of the week or
>                    month. If date is omitted, the current day of the month
>                    is assumed.
> /next:date[,...]   Runs the specified command on the next occurrence of the
>                    day (for example, next Thursday).  If date is omitted, the
>                    current day of the month is assumed.
> "command"          Is the Windows NT command, or batch program to be run.
>
>
> milo@LAPTOP-D28F85BI MINGW64 ~/Desktop/more (gitinit)
> $ + $ ^V^V^V^V^V^V^V^V^V^V^V^V^V^V^V^V^V^V^V^V^V^V^V^V^V^V^V^V^V^V^V^V^V^ ...
> bash: +: command not found
>
> milo@LAPTOP-D28F85BI MINGW64 ~/Desktop/more (gitinit)
> $ + ~
> bash: +: command not found
>
> milo@LAPTOP-D28F85BI MINGW64 ~/Desktop/more (gitinit)
> $     + CategoryInfo          : ObjectNotFound: ($:String) [], CommandNotFoundException
> bash: syntax error near unexpected token `('
bash: command substitution: line 1: unexpected EOF while looking for matching `''
bash: command substitution: line 16: syntax error: unexpected end of file
bash: bash:: command not found

milo@LAPTOP-D28F85BI MINGW64 ~/Desktop/more (gitinit)
$

milo@LAPTOP-D28F85BI MINGW64 ~/Desktop/more (gitinit)
$ milo@LAPTOP-D28F85BI MINGW64 ~/Desktop/more (gitinit)
bash: syntax error near unexpected token `('

milo@LAPTOP-D28F85BI MINGW64 ~/Desktop/more (gitinit)
$ $     + FullyQualifiedErrorId : CommandNotFoundException
bash: $: command not found

milo@LAPTOP-D28F85BI MINGW64 ~/Desktop/more (gitinit)
$ bash: +: command not found
bash: bash:: command not found

milo@LAPTOP-D28F85BI MINGW64 ~/Desktop/more (gitinit)
$

milo@LAPTOP-D28F85BI MINGW64 ~/Desktop/more (gitinit)
$ milo@LAPTOP-D28F85BI MINGW64 ~/Desktop/more (gitinit)
bash: syntax error near unexpected token `('

milo@LAPTOP-D28F85BI MINGW64 ~/Desktop/more (gitinit)
$ $
bash: $: command not found

milo@LAPTOP-D28F85BI MINGW64 ~/Desktop/more (gitinit)
$

milo@LAPTOP-D28F85BI MINGW64 ~/Desktop/more (gitinit)
$ milo@LAPTOP-D28F85BI MINGW64 ~/Desktop/more (gitinit)
bash: syntax error near unexpected token `('

milo@LAPTOP-D28F85BI MINGW64 ~/Desktop/more (gitinit)
$ $ PS C:\Users\milo\Desktop> More?$ ^V^V^V^V^V^V^V^V^V^V^V^V^V^V^V^V^V^V^V^V^V^V^V^V^V^V^V^V^V^V^V^V^V^V^V^V^V^V^V^V^V^V^V^V^V^V^V^V^V^V^V^V^V^V^V^V^V^V^V^V^V^V^V^V^V^V^V^V^V^V^V^V^V^V^V^V^V^V^V^V^V^V^V^V^V^V^V^V^V^V^V^V^V^V^V^V^V^V^V^V^V^V^V^V^V^V^V^V^V^V^V^V^V^V^V^V^V^V^V^V^V^V^V^V^V^V^V^V^V^V^V^V^V^V^V^V^V^V^V^V^V^V^V^V^V^V^V^V^V^V^V^
bash: $: command not found

milo@LAPTOP-D28F85BI MINGW64 ~/Desktop/more (gitinit)
$

milo@LAPTOP-D28F85BI MINGW64 ~/Desktop/more (gitinit)
$ milo@LAPTOP-D28F85BI MINGW64 ~/Desktop/more (gitinit)
bash: syntax error near unexpected token `('

milo@LAPTOP-D28F85BI MINGW64 ~/Desktop/more (gitinit)
$ $ More?$ : The term 'More?$' is not recognized as the name of a cmdlet, function, script file, or operable program.
bash: $: command not found

milo@LAPTOP-D28F85BI MINGW64 ~/Desktop/more (gitinit)
$ bash: More?$: command not found
bash: bash:: command not found

milo@LAPTOP-D28F85BI MINGW64 ~/Desktop/more (gitinit)
$

milo@LAPTOP-D28F85BI MINGW64 ~/Desktop/more (gitinit)
$ milo@LAPTOP-D28F85BI MINGW64 ~/Desktop/more (gitinit)
bash: syntax error near unexpected token `('

milo@LAPTOP-D28F85BI MINGW64 ~/Desktop/more (gitinit)
$ $ Check the spelling of the name, or if a path was included, verify that the path is correct and try again.
bash: $: command not found

milo@LAPTOP-D28F85BI MINGW64 ~/Desktop/more (gitinit)
$ bash: Check: command not found
bash: bash:: command not found

milo@LAPTOP-D28F85BI MINGW64 ~/Desktop/more (gitinit)
$

milo@LAPTOP-D28F85BI MINGW64 ~/Desktop/more (gitinit)
$ milo@LAPTOP-D28F85BI MINGW64 ~/Desktop/more (gitinit)
bash: syntax error near unexpected token `('

milo@LAPTOP-D28F85BI MINGW64 ~/Desktop/more (gitinit)
$ $ At line:1 char:1
bash: $: command not found

milo@LAPTOP-D28F85BI MINGW64 ~/Desktop/more (gitinit)
$ The AT command has been deprecated. Please use schtasks.exe instead.
bash: The: command not found

milo@LAPTOP-D28F85BI MINGW64 ~/Desktop/more (gitinit)
$

milo@LAPTOP-D28F85BI MINGW64 ~/Desktop/more (gitinit)
$ Invalid command.
bash: Invalid: command not found

milo@LAPTOP-D28F85BI MINGW64 ~/Desktop/more (gitinit)
$

milo@LAPTOP-D28F85BI MINGW64 ~/Desktop/more (gitinit)
$ The AT command schedules commands and programs to run on a computer at
bash: The: command not found

milo@LAPTOP-D28F85BI MINGW64 ~/Desktop/more (gitinit)
$ a specified time and date. The Schedule service must be running to use
bash: a: command not found

milo@LAPTOP-D28F85BI MINGW64 ~/Desktop/more (gitinit)
$ the AT command.
bash: the: command not found

milo@LAPTOP-D28F85BI MINGW64 ~/Desktop/more (gitinit)
$

milo@LAPTOP-D28F85BI MINGW64 ~/Desktop/more (gitinit)
$ AT [\\computername] [ [id] [/DELETE] | /DELETE [/YES]]
bash: /DELETE: No such file or directory

milo@LAPTOP-D28F85BI MINGW64 ~/Desktop/more (gitinit)
$ AT [\\computername] time [/INTERACTIVE]
The AT command has been deprecated. Please use schtasks.exe instead.

Invalid command.

The AT command schedules commands and programs to run on a computer at
a specified time and date. The Schedule service must be running to use
the AT command.

AT [\\computername] [ [id] [/DELETE] | /DELETE [/YES]]
AT [\\computername] time [/INTERACTIVE]
    [ /EVERY:date[,...] | /NEXT:date[,...]] "command"

\\computername     Specifies a remote computer. Commands are scheduled on the
                   local computer if this parameter is omitted.
id                 Is an identification number assigned to a scheduled
                   command.
/delete            Cancels a scheduled command. If id is omitted, all the
                   scheduled commands on the computer are canceled.
/yes               Used with cancel all jobs command when no further
                   confirmation is desired.
time               Specifies the time when command is to run.
/interactive       Allows the job to interact with the desktop of the user
                   who is logged on at the time the job runs.
/every:date[,...]  Runs the command on each specified day(s) of the week or
                   month. If date is omitted, the current day of the month
                   is assumed.
/next:date[,...]   Runs the specified command on the next occurrence of the
                   day (for example, next Thursday).  If date is omitted, the
                   current day of the month is assumed.
"command"          Is the Windows NT command, or batch program to be run.


milo@LAPTOP-D28F85BI MINGW64 ~/Desktop/more (gitinit)
$     [ /EVERY:date[,...] | /NEXT:date[,...]] "command"
bash: [: missing `]'
bash: /NEXT:date[,...]]: No such file or directory

milo@LAPTOP-D28F85BI MINGW64 ~/Desktop/more (gitinit)
$

milo@LAPTOP-D28F85BI MINGW64 ~/Desktop/more (gitinit)
$ \\computername     Specifies a remote computer. Commands are scheduled on the
bash: \computername: No such file or directory

milo@LAPTOP-D28F85BI MINGW64 ~/Desktop/more (gitinit)
$                    local computer if this parameter is omitted.
bash: local: can only be used in a function

milo@LAPTOP-D28F85BI MINGW64 ~/Desktop/more (gitinit)
$ id                 Is an identification number assigned to a scheduled
id: ‘Is’: no such user
id: ‘an’: no such user
id: ‘identification’: no such user
id: ‘number’: no such user
id: ‘assigned’: no such user
id: ‘to’: no such user
id: ‘a’: no such user
id: ‘scheduled’: no such user

milo@LAPTOP-D28F85BI MINGW64 ~/Desktop/more (gitinit)
$                    command.
bash: command.: command not found

milo@LAPTOP-D28F85BI MINGW64 ~/Desktop/more (gitinit)
$ /delete            Cancels a scheduled command. If id is omitted, all the
bash: /delete: No such file or directory

milo@LAPTOP-D28F85BI MINGW64 ~/Desktop/more (gitinit)
$                    scheduled commands on the computer are canceled.
bash: scheduled: command not found

milo@LAPTOP-D28F85BI MINGW64 ~/Desktop/more (gitinit)
$ /yes               Used with cancel all jobs command when no further
bash: /yes: No such file or directory

milo@LAPTOP-D28F85BI MINGW64 ~/Desktop/more (gitinit)
$                    confirmation is desired.
bash: confirmation: command not found

milo@LAPTOP-D28F85BI MINGW64 ~/Desktop/more (gitinit)
$ time               Specifies the time when command is to run.
bash: Specifies: command not found

real    0m0.033s
user    0m0.000s
sys     0m0.031s

milo@LAPTOP-D28F85BI MINGW64 ~/Desktop/more (gitinit)
$ /interactive       Allows the job to interact with the desktop of the user
bash: /interactive: No such file or directory

milo@LAPTOP-D28F85BI MINGW64 ~/Desktop/more (gitinit)
$                    who is logged on at the time the job runs.
who: extra operand ‘on’
Try 'who --help' for more information.

milo@LAPTOP-D28F85BI MINGW64 ~/Desktop/more (gitinit)
$ /every:date[,...]  Runs the command on each specified day(s) of the week or
bash: syntax error near unexpected token `('

milo@LAPTOP-D28F85BI MINGW64 ~/Desktop/more (gitinit)
$                    month. If date is omitted, the current day of the month
bash: month.: command not found

milo@LAPTOP-D28F85BI MINGW64 ~/Desktop/more (gitinit)
$                    is assumed.
bash: is: command not found

milo@LAPTOP-D28F85BI MINGW64 ~/Desktop/more (gitinit)
$ /next:date[,...]   Runs the specified command on the next occurrence of the
bash: /next:date[,...]: No such file or directory

milo@LAPTOP-D28F85BI MINGW64 ~/Desktop/more (gitinit)
$                    day (for example, next Thursday).  If date is omitted, the
bash: syntax error near unexpected token `for'

milo@LAPTOP-D28F85BI MINGW64 ~/Desktop/more (gitinit)
$                    current day of the month is assumed.
bash: current: command not found

milo@LAPTOP-D28F85BI MINGW64 ~/Desktop/more (gitinit)
$ "command"          Is the Windows NT command, or batch program to be run.
bash: Is: command not found

milo@LAPTOP-D28F85BI MINGW64 ~/Desktop/more (gitinit)
$

milo@LAPTOP-D28F85BI MINGW64 ~/Desktop/more (gitinit)
$

milo@LAPTOP-D28F85BI MINGW64 ~/Desktop/more (gitinit)
$ milo@LAPTOP-D28F85BI MINGW64 ~/Desktop/more (gitinit)
bash: syntax error near unexpected token `('

milo@LAPTOP-D28F85BI MINGW64 ~/Desktop/more (gitinit)
$ $ + More?$ ^V^V^V^V^V^V^V^V^V^V^V^V^V^V^V^V^V^V^V^V^V^V^V^V^V^V^V^V^V^V^V ...
bash: $: command not found

milo@LAPTOP-D28F85BI MINGW64 ~/Desktop/more (gitinit)
$ bash: +: command not found
bash: bash:: command not found

milo@LAPTOP-D28F85BI MINGW64 ~/Desktop/more (gitinit)
$

milo@LAPTOP-D28F85BI MINGW64 ~/Desktop/more (gitinit)
$ milo@LAPTOP-D28F85BI MINGW64 ~/Desktop/more (gitinit)
bash: syntax error near unexpected token `('

milo@LAPTOP-D28F85BI MINGW64 ~/Desktop/more (gitinit)
$ $ + ~~~~~~
bash: $: command not found

milo@LAPTOP-D28F85BI MINGW64 ~/Desktop/more (gitinit)
$ bash: +: command not found
bash: bash:: command not found

milo@LAPTOP-D28F85BI MINGW64 ~/Desktop/more (gitinit)
$

milo@LAPTOP-D28F85BI MINGW64 ~/Desktop/more (gitinit)
$ milo@LAPTOP-D28F85BI MINGW64 ~/Desktop/more (gitinit)
bash: syntax error near unexpected token `('

milo@LAPTOP-D28F85BI MINGW64 ~/Desktop/more (gitinit)
$ $     + CategoryInfo          : ObjectNotFound: (More?$:String) [], CommandNotFoundException
bash: syntax error near unexpected token `('

milo@LAPTOP-D28F85BI MINGW64 ~/Desktop/more (gitinit)
$ bash: syntax error near unexpected token `('
>
> milo@LAPTOP-D28F85BI MINGW64 ~/Desktop/more (gitinit)
> $     + FullyQualifiedErrorId : CommandNotFoundException
> bash: +: command not found
>
> milo@LAPTOP-D28F85BI MINGW64 ~/Desktop/more (gitinit)
> $
>
> milo@LAPTOP-D28F85BI MINGW64 ~/Desktop/more (gitinit)
> $ PS C:\Users\milo\Desktop> More?
> milo@LAPTOP-D28F85BI MINGW64 ~/Desktop/more (gitinit)
> $ Windows PowerShell
> bash: Windows: command not found
>
> milo@LAPTOP-D28F85BI MINGW64 ~/Desktop/more (gitinit)
> $ Copyright (C) Microsoft Corporation. All rights reserved.
> bash: syntax error near unexpected token `C'
>
> milo@LAPTOP-D28F85BI MINGW64 ~/Desktop/more (gitinit)
> $
>
> milo@LAPTOP-D28F85BI MINGW64 ~/Desktop/more (gitinit)
> $ Install the latest PowerShell for new features and improvements! https://aka.ms/PSWindows
> Install: target 'https://aka.ms/PSWindows' is not a directory
>
> milo@LAPTOP-D28F85BI MINGW64 ~/Desktop/more (gitinit)
> $
>
> milo@LAPTOP-D28F85BI MINGW64 ~/Desktop/more (gitinit)
> $ PS C:\Users\milo\Desktop> $ ^V^V^V^V^V^V^V^V^V^V^V^V^V^V^V^V^V^V^V^V^V^V^V^V^V^V^V^V^V^V^V^V^V^V^V^V^V^V^V^V^V^V^V^V^V^V^V^V^V^V^V^V^V^V^V^V^V^V^V^V^V^V^V^V^V^V^V^V^V^V^V^V^V^V^V^V^V^V^V^V^V^V^V^V^V^V^V^V^V^V^V^V^V^V^V^V^V^V^V^V^V^V^V^V^V^V^V^V^V^V^V^V^V^V^V^V^V^V^V^V^V^V^V^V^V^V^V^V^V^V^V^V^V^V^V^V^V^V^V^V^V^V^V^V^V^V^V^V^V^V^V^
>
> milo@LAPTOP-D28F85BI MINGW64 ~/Desktop/more (gitinit)
> $ $ : The term '$' is not recognized as the name of a cmdlet, function, script file, or operable program. Check the
> bash: $: command not found
>
> milo@LAPTOP-D28F85BI MINGW64 ~/Desktop/more (gitinit)
> $ spelling of the name, or if a path was included, verify that the path is correct and try again.
> bash: spelling: command not found
>
> milo@LAPTOP-D28F85BI MINGW64 ~/Desktop/more (gitinit)
> $ At line:1 char:1
> The AT command has been deprecated. Please use schtasks.exe instead.
>
> Invalid command.
>
> The AT command schedules commands and programs to run on a computer at
> a specified time and date. The Schedule service must be running to use
> the AT command.
>
> AT [\\computername] [ [id] [/DELETE] | /DELETE [/YES]]
> AT [\\computername] time [/INTERACTIVE]
>     [ /EVERY:date[,...] | /NEXT:date[,...]] "command"
>
> \\computername     Specifies a remote computer. Commands are scheduled on the
>                    local computer if this parameter is omitted.
> id                 Is an identification number assigned to a scheduled
>                    command.
> /delete            Cancels a scheduled command. If id is omitted, all the
>                    scheduled commands on the computer are canceled.
> /yes               Used with cancel all jobs command when no further
>                    confirmation is desired.
> time               Specifies the time when command is to run.
> /interactive       Allows the job to interact with the desktop of the user
>                    who is logged on at the time the job runs.
> /every:date[,...]  Runs the command on each specified day(s) of the week or
>                    month. If date is omitted, the current day of the month
>                    is assumed.
> /next:date[,...]   Runs the specified command on the next occurrence of the
>                    day (for example, next Thursday).  If date is omitted, the
>                    current day of the month is assumed.
> "command"          Is the Windows NT command, or batch program to be run.
>
>
> milo@LAPTOP-D28F85BI MINGW64 ~/Desktop/more (gitinit)
> $ + $ ^V^V^V^V^V^V^V^V^V^V^V^V^V^V^V^V^V^V^V^V^V^V^V^V^V^V^V^V^V^V^V^V^V^ ...
> bash: +: command not found
>
> milo@LAPTOP-D28F85BI MINGW64 ~/Desktop/more (gitinit)
> $ + ~
> bash: +: command not found
>
> milo@LAPTOP-D28F85BI MINGW64 ~/Desktop/more (gitinit)
> $     + CategoryInfo          : ObjectNotFound: ($:String) [], CommandNotFoundException
> bash: syntax error near unexpected token `('
bash: command substitution: line 1: unexpected EOF while looking for matching `''
bash: command substitution: line 19: syntax error: unexpected end of file
bash: bash:: command not found

milo@LAPTOP-D28F85BI MINGW64 ~/Desktop/more (gitinit)
$

milo@LAPTOP-D28F85BI MINGW64 ~/Desktop/more (gitinit)
$ milo@LAPTOP-D28F85BI MINGW64 ~/Desktop/more (gitinit)
bash: syntax error near unexpected token `('

milo@LAPTOP-D28F85BI MINGW64 ~/Desktop/more (gitinit)
$ $     + FullyQualifiedErrorId : CommandNotFoundException
bash: $: command not found

milo@LAPTOP-D28F85BI MINGW64 ~/Desktop/more (gitinit)
$ bash: +: command not found
bash: bash:: command not found

milo@LAPTOP-D28F85BI MINGW64 ~/Desktop/more (gitinit)
$

milo@LAPTOP-D28F85BI MINGW64 ~/Desktop/more (gitinit)
$ milo@LAPTOP-D28F85BI MINGW64 ~/Desktop/more (gitinit)
bash: syntax error near unexpected token `('

milo@LAPTOP-D28F85BI MINGW64 ~/Desktop/more (gitinit)
$ $
bash: $: command not found

milo@LAPTOP-D28F85BI MINGW64 ~/Desktop/more (gitinit)
$

milo@LAPTOP-D28F85BI MINGW64 ~/Desktop/more (gitinit)
$ milo@LAPTOP-D28F85BI MINGW64 ~/Desktop/more (gitinit)
bash: syntax error near unexpected token `('

milo@LAPTOP-D28F85BI MINGW64 ~/Desktop/more (gitinit)
$ $ PS C:\Users\milo\Desktop> More?$ ^V^V^V^V^V^V^V^V^V^V^V^V^V^V^V^V^V^V^V^V^V^V^V^V^V^V^V^V^V^V^V^V^V^V^V^V^V^V^V^V^V^V^V^V^V^V^V^V^V^V^V^V^V^V^V^V^V^V^V^V^V^V^V^V^V^V^V^V^V^V^V^V^V^V^V^V^V^V^V^V^V^V^V^V^V^V^V^V^V^V^V^V^V^V^V^V^V^V^V^V^V^V^V^V^V^V^V^V^V^V^V^V^V^V^V^V^V^V^V^V^V^V^V^V^V^V^V^V^V^V^V^V^V^V^V^V^V^V^V^V^V^V^V^V^V^V^V^V^V^V^V^
bash: $: command not found

milo@LAPTOP-D28F85BI MINGW64 ~/Desktop/more (gitinit)
$

milo@LAPTOP-D28F85BI MINGW64 ~/Desktop/more (gitinit)
$ milo@LAPTOP-D28F85BI MINGW64 ~/Desktop/more (gitinit)
bash: syntax error near unexpected token `('

milo@LAPTOP-D28F85BI MINGW64 ~/Desktop/more (gitinit)
$ $ More?$ : The term 'More?$' is not recognized as the name of a cmdlet, function, script file, or operable program.
bash: $: command not found

milo@LAPTOP-D28F85BI MINGW64 ~/Desktop/more (gitinit)
$ bash: More?$: command not found
bash: bash:: command not found

milo@LAPTOP-D28F85BI MINGW64 ~/Desktop/more (gitinit)
$

milo@LAPTOP-D28F85BI MINGW64 ~/Desktop/more (gitinit)
$ milo@LAPTOP-D28F85BI MINGW64 ~/Desktop/more (gitinit)
bash: syntax error near unexpected token `('

milo@LAPTOP-D28F85BI MINGW64 ~/Desktop/more (gitinit)
$ $ Check the spelling of the name, or if a path was included, verify that the path is correct and try again.
bash: $: command not found

milo@LAPTOP-D28F85BI MINGW64 ~/Desktop/more (gitinit)
$ bash: Check: command not found
bash: bash:: command not found

milo@LAPTOP-D28F85BI MINGW64 ~/Desktop/more (gitinit)
$

milo@LAPTOP-D28F85BI MINGW64 ~/Desktop/more (gitinit)
$ milo@LAPTOP-D28F85BI MINGW64 ~/Desktop/more (gitinit)
bash: syntax error near unexpected token `('

milo@LAPTOP-D28F85BI MINGW64 ~/Desktop/more (gitinit)
$ $ At line:1 char:1
bash: $: command not found

milo@LAPTOP-D28F85BI MINGW64 ~/Desktop/more (gitinit)
$ The AT command has been deprecated. Please use schtasks.exe instead.
bash: The: command not found

milo@LAPTOP-D28F85BI MINGW64 ~/Desktop/more (gitinit)
$

milo@LAPTOP-D28F85BI MINGW64 ~/Desktop/more (gitinit)
$ Invalid command.
bash: Invalid: command not found

milo@LAPTOP-D28F85BI MINGW64 ~/Desktop/more (gitinit)
$

milo@LAPTOP-D28F85BI MINGW64 ~/Desktop/more (gitinit)
$ The AT command schedules commands and programs to run on a computer at
bash: The: command not found

milo@LAPTOP-D28F85BI MINGW64 ~/Desktop/more (gitinit)
$ a specified time and date. The Schedule service must be running to use
bash: a: command not found

milo@LAPTOP-D28F85BI MINGW64 ~/Desktop/more (gitinit)
$ the AT command.
bash: the: command not found

milo@LAPTOP-D28F85BI MINGW64 ~/Desktop/more (gitinit)
$

milo@LAPTOP-D28F85BI MINGW64 ~/Desktop/more (gitinit)
$ AT [\\computername] [ [id] [/DELETE] | /DELETE [/YES]]
bash: /DELETE: No such file or directory

milo@LAPTOP-D28F85BI MINGW64 ~/Desktop/more (gitinit)
$ AT [\\computername] time [/INTERACTIVE]
The AT command has been deprecated. Please use schtasks.exe instead.

Invalid command.

The AT command schedules commands and programs to run on a computer at
a specified time and date. The Schedule service must be running to use
the AT command.

AT [\\computername] [ [id] [/DELETE] | /DELETE [/YES]]
AT [\\computername] time [/INTERACTIVE]
    [ /EVERY:date[,...] | /NEXT:date[,...]] "command"

\\computername     Specifies a remote computer. Commands are scheduled on the
                   local computer if this parameter is omitted.
id                 Is an identification number assigned to a scheduled
                   command.
/delete            Cancels a scheduled command. If id is omitted, all the
                   scheduled commands on the computer are canceled.
/yes               Used with cancel all jobs command when no further
                   confirmation is desired.
time               Specifies the time when command is to run.
/interactive       Allows the job to interact with the desktop of the user
                   who is logged on at the time the job runs.
/every:date[,...]  Runs the command on each specified day(s) of the week or
                   month. If date is omitted, the current day of the month
                   is assumed.
/next:date[,...]   Runs the specified command on the next occurrence of the
                   day (for example, next Thursday).  If date is omitted, the
                   current day of the month is assumed.
"command"          Is the Windows NT command, or batch program to be run.


milo@LAPTOP-D28F85BI MINGW64 ~/Desktop/more (gitinit)
$     [ /EVERY:date[,...] | /NEXT:date[,...]] "command"
bash: [: missing `]'
bash: /NEXT:date[,...]]: No such file or directory

milo@LAPTOP-D28F85BI MINGW64 ~/Desktop/more (gitinit)
$

milo@LAPTOP-D28F85BI MINGW64 ~/Desktop/more (gitinit)
$ \\computername     Specifies a remote computer. Commands are scheduled on the
bash: \computername: No such file or directory

milo@LAPTOP-D28F85BI MINGW64 ~/Desktop/more (gitinit)
$                    local computer if this parameter is omitted.
bash: local: can only be used in a function

milo@LAPTOP-D28F85BI MINGW64 ~/Desktop/more (gitinit)
$ id                 Is an identification number assigned to a scheduled
id: ‘Is’: no such user
id: ‘an’: no such user
id: ‘identification’: no such user
id: ‘number’: no such user
id: ‘assigned’: no such user
id: ‘to’: no such user
id: ‘a’: no such user
id: ‘scheduled’: no such user

milo@LAPTOP-D28F85BI MINGW64 ~/Desktop/more (gitinit)
$                    command.
bash: command.: command not found

milo@LAPTOP-D28F85BI MINGW64 ~/Desktop/more (gitinit)
$ /delete            Cancels a scheduled command. If id is omitted, all the
bash: /delete: No such file or directory

milo@LAPTOP-D28F85BI MINGW64 ~/Desktop/more (gitinit)
$                    scheduled commands on the computer are canceled.
bash: scheduled: command not found

milo@LAPTOP-D28F85BI MINGW64 ~/Desktop/more (gitinit)
$ /yes               Used with cancel all jobs command when no further
bash: /yes: No such file or directory

milo@LAPTOP-D28F85BI MINGW64 ~/Desktop/more (gitinit)
$                    confirmation is desired.
bash: confirmation: command not found

milo@LAPTOP-D28F85BI MINGW64 ~/Desktop/more (gitinit)
$ time               Specifies the time when command is to run.
bash: Specifies: command not found

real    0m0.034s
user    0m0.015s
sys     0m0.015s

milo@LAPTOP-D28F85BI MINGW64 ~/Desktop/more (gitinit)
$ /interactive       Allows the job to interact with the desktop of the user
bash: /interactive: No such file or directory

milo@LAPTOP-D28F85BI MINGW64 ~/Desktop/more (gitinit)
$                    who is logged on at the time the job runs.
who: extra operand ‘on’
Try 'who --help' for more information.

milo@LAPTOP-D28F85BI MINGW64 ~/Desktop/more (gitinit)
$ /every:date[,...]  Runs the command on each specified day(s) of the week or
bash: syntax error near unexpected token `('

milo@LAPTOP-D28F85BI MINGW64 ~/Desktop/more (gitinit)
$                    month. If date is omitted, the current day of the month
bash: month.: command not found

milo@LAPTOP-D28F85BI MINGW64 ~/Desktop/more (gitinit)
$                    is assumed.
bash: is: command not found

milo@LAPTOP-D28F85BI MINGW64 ~/Desktop/more (gitinit)
$ /next:date[,...]   Runs the specified command on the next occurrence of the
bash: /next:date[,...]: No such file or directory

milo@LAPTOP-D28F85BI MINGW64 ~/Desktop/more (gitinit)
$                    day (for example, next Thursday).  If date is omitted, the
bash: syntax error near unexpected token `for'

milo@LAPTOP-D28F85BI MINGW64 ~/Desktop/more (gitinit)
$                    current day of the month is assumed.
bash: current: command not found

milo@LAPTOP-D28F85BI MINGW64 ~/Desktop/more (gitinit)
$ "command"          Is the Windows NT command, or batch program to be run.
bash: Is: command not found

milo@LAPTOP-D28F85BI MINGW64 ~/Desktop/more (gitinit)
$

milo@LAPTOP-D28F85BI MINGW64 ~/Desktop/more (gitinit)
$

milo@LAPTOP-D28F85BI MINGW64 ~/Desktop/more (gitinit)
$ milo@LAPTOP-D28F85BI MINGW64 ~/Desktop/more (gitinit)
bash: syntax error near unexpected token `('

milo@LAPTOP-D28F85BI MINGW64 ~/Desktop/more (gitinit)
$ $ + More?$ ^V^V^V^V^V^V^V^V^V^V^V^V^V^V^V^V^V^V^V^V^V^V^V^V^V^V^V^V^V^V^V ...
bash: $: command not found

milo@LAPTOP-D28F85BI MINGW64 ~/Desktop/more (gitinit)
$ bash: +: command not found
bash: bash:: command not found

milo@LAPTOP-D28F85BI MINGW64 ~/Desktop/more (gitinit)
$

milo@LAPTOP-D28F85BI MINGW64 ~/Desktop/more (gitinit)
$ milo@LAPTOP-D28F85BI MINGW64 ~/Desktop/more (gitinit)
bash: syntax error near unexpected token `('

milo@LAPTOP-D28F85BI MINGW64 ~/Desktop/more (gitinit)
$ $ + ~~~~~~
bash: $: command not found

milo@LAPTOP-D28F85BI MINGW64 ~/Desktop/more (gitinit)
$ bash: +: command not found
bash: bash:: command not found

milo@LAPTOP-D28F85BI MINGW64 ~/Desktop/more (gitinit)
$

milo@LAPTOP-D28F85BI MINGW64 ~/Desktop/more (gitinit)
$ milo@LAPTOP-D28F85BI MINGW64 ~/Desktop/more (gitinit)
bash: syntax error near unexpected token `('

milo@LAPTOP-D28F85BI MINGW64 ~/Desktop/more (gitinit)
$ $     + CategoryInfo          : ObjectNotFound: (More?$:String) [], CommandNotFoundException
bash: syntax error near unexpected token `('

milo@LAPTOP-D28F85BI MINGW64 ~/Desktop/more (gitinit)
$ bash: syntax error near unexpected token `('
>
> milo@LAPTOP-D28F85BI MINGW64 ~/Desktop/more (gitinit)
> $     + FullyQualifiedErrorId : CommandNotFoundException
> bash: +: command not found
>
> milo@LAPTOP-D28F85BI MINGW64 ~/Desktop/more (gitinit)
> $
>
> milo@LAPTOP-D28F85BI MINGW64 ~/Desktop/more (gitinit)
> $ PS C:\Users\milo\Desktop> More?Windows PowerShell
>
> milo@LAPTOP-D28F85BI MINGW64 ~/Desktop/more (gitinit)
> $ Copyright (C) Microsoft Corporation. All rights reserved.
> bash: syntax error near unexpected token `C'
>
> milo@LAPTOP-D28F85BI MINGW64 ~/Desktop/more (gitinit)
> $
>
> milo@LAPTOP-D28F85BI MINGW64 ~/Desktop/more (gitinit)
> $ Install the latest PowerShell for new features and improvements! https://aka.ms/PSWindows
> Install: target 'https://aka.ms/PSWindows' is not a directory
>
> milo@LAPTOP-D28F85BI MINGW64 ~/Desktop/more (gitinit)
> $
>
> milo@LAPTOP-D28F85BI MINGW64 ~/Desktop/more (gitinit)
> $ PS C:\Users\milo\Desktop> $ ^V^V^V^V^V^V^V^V^V^V^V^V^V^V^V^V^V^V^V^V^V^V^V^V^V^V^V^V^V^V^V^V^V^V^V^V^V^V^V^V^V^V^V^V^V^V^V^V^V^V^V^V^V^V^V^V^V^V^V^V^V^V^V^V^V^V^V^V^V^V^V^V^V^V^V^V^V^V^V^V^V^V^V^V^V^V^V^V^V^V^V^V^V^V^V^V^V^V^V^V^V^V^V^V^V^V^V^V^V^V^V^V^V^V^V^V^V^V^V^V^V^V^V^V^V^V^V^V^V^V^V^V^V^V^V^V^V^V^V^V^V^V^V^V^V^V^V^V^V^V^V^
>
> milo@LAPTOP-D28F85BI MINGW64 ~/Desktop/more (gitinit)
> $ $ : The term '$' is not recognized as the name of a cmdlet, function, script file, or operable program. Check the
> bash: $: command not found
>
> milo@LAPTOP-D28F85BI MINGW64 ~/Desktop/more (gitinit)
> $ spelling of the name, or if a path was included, verify that the path is correct and try again.
> bash: spelling: command not found
>
> milo@LAPTOP-D28F85BI MINGW64 ~/Desktop/more (gitinit)
> $ At line:1 char:1
> The AT command has been deprecated. Please use schtasks.exe instead.
>
> Invalid command.
>
> The AT command schedules commands and programs to run on a computer at
> a specified time and date. The Schedule service must be running to use
> the AT command.
>
> AT [\\computername] [ [id] [/DELETE] | /DELETE [/YES]]
> AT [\\computername] time [/INTERACTIVE]
>     [ /EVERY:date[,...] | /NEXT:date[,...]] "command"
>
> \\computername     Specifies a remote computer. Commands are scheduled on the
>                    local computer if this parameter is omitted.
> id                 Is an identification number assigned to a scheduled
>                    command.
> /delete            Cancels a scheduled command. If id is omitted, all the
>                    scheduled commands on the computer are canceled.
> /yes               Used with cancel all jobs command when no further
>                    confirmation is desired.
> time               Specifies the time when command is to run.
> /interactive       Allows the job to interact with the desktop of the user
>                    who is logged on at the time the job runs.
> /every:date[,...]  Runs the command on each specified day(s) of the week or
>                    month. If date is omitted, the current day of the month
>                    is assumed.
> /next:date[,...]   Runs the specified command on the next occurrence of the
>                    day (for example, next Thursday).  If date is omitted, the
>                    current day of the month is assumed.
> "command"          Is the Windows NT command, or batch program to be run.
>
>
> milo@LAPTOP-D28F85BI MINGW64 ~/Desktop/more (gitinit)
> $ + $ ^V^V^V^V^V^V^V^V^V^V^V^V^V^V^V^V^V^V^V^V^V^V^V^V^V^V^V^V^V^V^V^V^V^ ...
> bash: +: command not found
>
> milo@LAPTOP-D28F85BI MINGW64 ~/Desktop/more (gitinit)
> $ + ~
> bash: +: command not found
>
> milo@LAPTOP-D28F85BI MINGW64 ~/Desktop/more (gitinit)
> $     + CategoryInfo          : ObjectNotFound: ($:String) [], CommandNotFoundException
> bash: syntax error near unexpected token `('
bash: command substitution: line 1: unexpected EOF while looking for matching `''
bash: command substitution: line 16: syntax error: unexpected end of file
bash: bash:: command not found

milo@LAPTOP-D28F85BI MINGW64 ~/Desktop/more (gitinit)
$

milo@LAPTOP-D28F85BI MINGW64 ~/Desktop/more (gitinit)
$ milo@LAPTOP-D28F85BI MINGW64 ~/Desktop/more (gitinit)
bash: syntax error near unexpected token `('

milo@LAPTOP-D28F85BI MINGW64 ~/Desktop/more (gitinit)
$ $     + FullyQualifiedErrorId : CommandNotFoundException
bash: $: command not found

milo@LAPTOP-D28F85BI MINGW64 ~/Desktop/more (gitinit)
$ bash: +: command not found
bash: bash:: command not found

milo@LAPTOP-D28F85BI MINGW64 ~/Desktop/more (gitinit)
$

milo@LAPTOP-D28F85BI MINGW64 ~/Desktop/more (gitinit)
$ milo@LAPTOP-D28F85BI MINGW64 ~/Desktop/more (gitinit)
bash: syntax error near unexpected token `('

milo@LAPTOP-D28F85BI MINGW64 ~/Desktop/more (gitinit)
$ $
bash: $: command not found

milo@LAPTOP-D28F85BI MINGW64 ~/Desktop/more (gitinit)
$

milo@LAPTOP-D28F85BI MINGW64 ~/Desktop/more (gitinit)
$ milo@LAPTOP-D28F85BI MINGW64 ~/Desktop/more (gitinit)
bash: syntax error near unexpected token `('

milo@LAPTOP-D28F85BI MINGW64 ~/Desktop/more (gitinit)
$ $ PS C:\Users\milo\Desktop> More?$ ^V^V^V^V^V^V^V^V^V^V^V^V^V^V^V^V^V^V^V^V^V^V^V^V^V^V^V^V^V^V^V^V^V^V^V^V^V^V^V^V^V^V^V^V^V^V^V^V^V^V^V^V^V^V^V^V^V^V^V^V^V^V^V^V^V^V^V^V^V^V^V^V^V^V^V^V^V^V^V^V^V^V^V^V^V^V^V^V^V^V^V^V^V^V^V^V^V^V^V^V^V^V^V^V^V^V^V^V^V^V^V^V^V^V^V^V^V^V^V^V^V^V^V^V^V^V^V^V^V^V^V^V^V^V^V^V^V^V^V^V^V^V^V^V^V^V^V^V^V^V^V^
bash: $: command not found

milo@LAPTOP-D28F85BI MINGW64 ~/Desktop/more (gitinit)
$

milo@LAPTOP-D28F85BI MINGW64 ~/Desktop/more (gitinit)
$ milo@LAPTOP-D28F85BI MINGW64 ~/Desktop/more (gitinit)
bash: syntax error near unexpected token `('

milo@LAPTOP-D28F85BI MINGW64 ~/Desktop/more (gitinit)
$ $ More?$ : The term 'More?$' is not recognized as the name of a cmdlet, function, script file, or operable program.
bash: $: command not found

milo@LAPTOP-D28F85BI MINGW64 ~/Desktop/more (gitinit)
$ bash: More?$: command not found
bash: bash:: command not found

milo@LAPTOP-D28F85BI MINGW64 ~/Desktop/more (gitinit)
$

milo@LAPTOP-D28F85BI MINGW64 ~/Desktop/more (gitinit)
$ milo@LAPTOP-D28F85BI MINGW64 ~/Desktop/more (gitinit)
bash: syntax error near unexpected token `('

milo@LAPTOP-D28F85BI MINGW64 ~/Desktop/more (gitinit)
$ $ Check the spelling of the name, or if a path was included, verify that the path is correct and try again.
bash: $: command not found

milo@LAPTOP-D28F85BI MINGW64 ~/Desktop/more (gitinit)
$ bash: Check: command not found
bash: bash:: command not found

milo@LAPTOP-D28F85BI MINGW64 ~/Desktop/more (gitinit)
$

milo@LAPTOP-D28F85BI MINGW64 ~/Desktop/more (gitinit)
$ milo@LAPTOP-D28F85BI MINGW64 ~/Desktop/more (gitinit)
bash: syntax error near unexpected token `('

milo@LAPTOP-D28F85BI MINGW64 ~/Desktop/more (gitinit)
$ $ At line:1 char:1
bash: $: command not found

milo@LAPTOP-D28F85BI MINGW64 ~/Desktop/more (gitinit)
$ The AT command has been deprecated. Please use schtasks.exe instead.
bash: The: command not found

milo@LAPTOP-D28F85BI MINGW64 ~/Desktop/more (gitinit)
$

milo@LAPTOP-D28F85BI MINGW64 ~/Desktop/more (gitinit)
$ Invalid command.
bash: Invalid: command not found

milo@LAPTOP-D28F85BI MINGW64 ~/Desktop/more (gitinit)
$

milo@LAPTOP-D28F85BI MINGW64 ~/Desktop/more (gitinit)
$ The AT command schedules commands and programs to run on a computer at
bash: The: command not found

milo@LAPTOP-D28F85BI MINGW64 ~/Desktop/more (gitinit)
$ a specified time and date. The Schedule service must be running to use
bash: a: command not found

milo@LAPTOP-D28F85BI MINGW64 ~/Desktop/more (gitinit)
$ the AT command.
bash: the: command not found

milo@LAPTOP-D28F85BI MINGW64 ~/Desktop/more (gitinit)
$

milo@LAPTOP-D28F85BI MINGW64 ~/Desktop/more (gitinit)
$ AT [\\computername] [ [id] [/DELETE] | /DELETE [/YES]]
bash: /DELETE: No such file or directory

milo@LAPTOP-D28F85BI MINGW64 ~/Desktop/more (gitinit)
$ AT [\\computername] time [/INTERACTIVE]
The AT command has been deprecated. Please use schtasks.exe instead.

Invalid command.

The AT command schedules commands and programs to run on a computer at
a specified time and date. The Schedule service must be running to use
the AT command.

AT [\\computername] [ [id] [/DELETE] | /DELETE [/YES]]
AT [\\computername] time [/INTERACTIVE]
    [ /EVERY:date[,...] | /NEXT:date[,...]] "command"

\\computername     Specifies a remote computer. Commands are scheduled on the
                   local computer if this parameter is omitted.
id                 Is an identification number assigned to a scheduled
                   command.
/delete            Cancels a scheduled command. If id is omitted, all the
                   scheduled commands on the computer are canceled.
/yes               Used with cancel all jobs command when no further
                   confirmation is desired.
time               Specifies the time when command is to run.
/interactive       Allows the job to interact with the desktop of the user
                   who is logged on at the time the job runs.
/every:date[,...]  Runs the command on each specified day(s) of the week or
                   month. If date is omitted, the current day of the month
                   is assumed.
/next:date[,...]   Runs the specified command on the next occurrence of the
                   day (for example, next Thursday).  If date is omitted, the
                   current day of the month is assumed.
"command"          Is the Windows NT command, or batch program to be run.


milo@LAPTOP-D28F85BI MINGW64 ~/Desktop/more (gitinit)
$     [ /EVERY:date[,...] | /NEXT:date[,...]] "command"
bash: [: missing `]'
bash: /NEXT:date[,...]]: No such file or directory

milo@LAPTOP-D28F85BI MINGW64 ~/Desktop/more (gitinit)
$

milo@LAPTOP-D28F85BI MINGW64 ~/Desktop/more (gitinit)
$ \\computername     Specifies a remote computer. Commands are scheduled on the
bash: \computername: No such file or directory

milo@LAPTOP-D28F85BI MINGW64 ~/Desktop/more (gitinit)
$                    local computer if this parameter is omitted.
bash: local: can only be used in a function

milo@LAPTOP-D28F85BI MINGW64 ~/Desktop/more (gitinit)
$ id                 Is an identification number assigned to a scheduled
id: ‘Is’: no such user
id: ‘an’: no such user
id: ‘identification’: no such user
id: ‘number’: no such user
id: ‘assigned’: no such user
id: ‘to’: no such user
id: ‘a’: no such user
id: ‘scheduled’: no such user

milo@LAPTOP-D28F85BI MINGW64 ~/Desktop/more (gitinit)
$                    command.
bash: command.: command not found

milo@LAPTOP-D28F85BI MINGW64 ~/Desktop/more (gitinit)
$ /delete            Cancels a scheduled command. If id is omitted, all the
bash: /delete: No such file or directory

milo@LAPTOP-D28F85BI MINGW64 ~/Desktop/more (gitinit)
$                    scheduled commands on the computer are canceled.
bash: scheduled: command not found

milo@LAPTOP-D28F85BI MINGW64 ~/Desktop/more (gitinit)
$ /yes               Used with cancel all jobs command when no further
bash: /yes: No such file or directory

milo@LAPTOP-D28F85BI MINGW64 ~/Desktop/more (gitinit)
$                    confirmation is desired.
bash: confirmation: command not found

milo@LAPTOP-D28F85BI MINGW64 ~/Desktop/more (gitinit)
$ time               Specifies the time when command is to run.
bash: Specifies: command not found

real    0m0.037s
user    0m0.016s
sys     0m0.015s

milo@LAPTOP-D28F85BI MINGW64 ~/Desktop/more (gitinit)
$ /interactive       Allows the job to interact with the desktop of the user
bash: /interactive: No such file or directory

milo@LAPTOP-D28F85BI MINGW64 ~/Desktop/more (gitinit)
$                    who is logged on at the time the job runs.
who: extra operand ‘on’
Try 'who --help' for more information.

milo@LAPTOP-D28F85BI MINGW64 ~/Desktop/more (gitinit)
$ /every:date[,...]  Runs the command on each specified day(s) of the week or
bash: syntax error near unexpected token `('

milo@LAPTOP-D28F85BI MINGW64 ~/Desktop/more (gitinit)
$                    month. If date is omitted, the current day of the month
bash: month.: command not found

milo@LAPTOP-D28F85BI MINGW64 ~/Desktop/more (gitinit)
$                    is assumed.
bash: is: command not found

milo@LAPTOP-D28F85BI MINGW64 ~/Desktop/more (gitinit)
$ /next:date[,...]   Runs the specified command on the next occurrence of the
bash: /next:date[,...]: No such file or directory

milo@LAPTOP-D28F85BI MINGW64 ~/Desktop/more (gitinit)
$                    day (for example, next Thursday).  If date is omitted, the
bash: syntax error near unexpected token `for'

milo@LAPTOP-D28F85BI MINGW64 ~/Desktop/more (gitinit)
$                    current day of the month is assumed.
bash: current: command not found

milo@LAPTOP-D28F85BI MINGW64 ~/Desktop/more (gitinit)
$ "command"          Is the Windows NT command, or batch program to be run.
bash: Is: command not found

milo@LAPTOP-D28F85BI MINGW64 ~/Desktop/more (gitinit)
$

milo@LAPTOP-D28F85BI MINGW64 ~/Desktop/more (gitinit)
$

milo@LAPTOP-D28F85BI MINGW64 ~/Desktop/more (gitinit)
$ milo@LAPTOP-D28F85BI MINGW64 ~/Desktop/more (gitinit)
bash: syntax error near unexpected token `('

milo@LAPTOP-D28F85BI MINGW64 ~/Desktop/more (gitinit)
$ $ + More?$ ^V^V^V^V^V^V^V^V^V^V^V^V^V^V^V^V^V^V^V^V^V^V^V^V^V^V^V^V^V^V^V ...
bash: $: command not found

milo@LAPTOP-D28F85BI MINGW64 ~/Desktop/more (gitinit)
$ bash: +: command not found
bash: bash:: command not found

milo@LAPTOP-D28F85BI MINGW64 ~/Desktop/more (gitinit)
$

milo@LAPTOP-D28F85BI MINGW64 ~/Desktop/more (gitinit)
$ milo@LAPTOP-D28F85BI MINGW64 ~/Desktop/more (gitinit)
bash: syntax error near unexpected token `('

milo@LAPTOP-D28F85BI MINGW64 ~/Desktop/more (gitinit)
$ $ + ~~~~~~
bash: $: command not found

milo@LAPTOP-D28F85BI MINGW64 ~/Desktop/more (gitinit)
$ bash: +: command not found
bash: bash:: command not found

milo@LAPTOP-D28F85BI MINGW64 ~/Desktop/more (gitinit)
$

milo@LAPTOP-D28F85BI MINGW64 ~/Desktop/more (gitinit)
$ milo@LAPTOP-D28F85BI MINGW64 ~/Desktop/more (gitinit)
bash: syntax error near unexpected token `('

milo@LAPTOP-D28F85BI MINGW64 ~/Desktop/more (gitinit)
$ $     + CategoryInfo          : ObjectNotFound: (More?$:String) [], CommandNotFoundException
bash: syntax error near unexpected token `('

milo@LAPTOP-D28F85BI MINGW64 ~/Desktop/more (gitinit)
$ bash: syntax error near unexpected token `('
>
> milo@LAPTOP-D28F85BI MINGW64 ~/Desktop/more (gitinit)
> $     + FullyQualifiedErrorId : CommandNotFoundException
> bash: +: command not found
>
> milo@LAPTOP-D28F85BI MINGW64 ~/Desktop/more (gitinit)
> $
>
> milo@LAPTOP-D28F85BI MINGW64 ~/Desktop/more (gitinit)
> $ PS C:\Users\milo\Desktop> More?Windows PowerShell
>
> milo@LAPTOP-D28F85BI MINGW64 ~/Desktop/more (gitinit)
> $ Copyright (C) Microsoft Corporation. All rights reserved.
> bash: syntax error near unexpected token `C'
>
> milo@LAPTOP-D28F85BI MINGW64 ~/Desktop/more (gitinit)
> $
>
> milo@LAPTOP-D28F85BI MINGW64 ~/Desktop/more (gitinit)
> $ Install the latest PowerShell for new features and improvements! https://aka.ms/PSWindows
> Install: target 'https://aka.ms/PSWindows' is not a directory
>
> milo@LAPTOP-D28F85BI MINGW64 ~/Desktop/more (gitinit)
> $
>
> milo@LAPTOP-D28F85BI MINGW64 ~/Desktop/more (gitinit)
> $ PS C:\Users\milo\Desktop> $ ^V^V^V^V^V^V^V^V^V^V^V^V^V^V^V^V^V^V^V^V^V^V^V^V^V^V^V^V^V^V^V^V^V^V^V^V^V^V^V^V^V^V^V^V^V^V^V^V^V^V^V^V^V^V^V^V^V^V^V^V^V^V^V^V^V^V^V^V^V^V^V^V^V^V^V^V^V^V^V^V^V^V^V^V^V^V^V^V^V^V^V^V^V^V^V^V^V^V^V^V^V^V^V^V^V^V^V^V^V^V^V^V^V^V^V^V^V^V^V^V^V^V^V^V^V^V^V^V^V^V^V^V^V^V^V^V^V^V^V^V^V^V^V^V^V^V^V^V^V^V^V^
>
> milo@LAPTOP-D28F85BI MINGW64 ~/Desktop/more (gitinit)
> $ $ : The term '$' is not recognized as the name of a cmdlet, function, script file, or operable program. Check the
> bash: $: command not found
>
> milo@LAPTOP-D28F85BI MINGW64 ~/Desktop/more (gitinit)
> $ spelling of the name, or if a path was included, verify that the path is correct and try again.
> bash: spelling: command not found
>
> milo@LAPTOP-D28F85BI MINGW64 ~/Desktop/more (gitinit)
> $ At line:1 char:1
> The AT command has been deprecated. Please use schtasks.exe instead.
>
> Invalid command.
>
> The AT command schedules commands and programs to run on a computer at
> a specified time and date. The Schedule service must be running to use
> the AT command.
>
> AT [\\computername] [ [id] [/DELETE] | /DELETE [/YES]]
> AT [\\computername] time [/INTERACTIVE]
>     [ /EVERY:date[,...] | /NEXT:date[,...]] "command"
>
> \\computername     Specifies a remote computer. Commands are scheduled on the
>                    local computer if this parameter is omitted.
> id                 Is an identification number assigned to a scheduled
>                    command.
> /delete            Cancels a scheduled command. If id is omitted, all the
>                    scheduled commands on the computer are canceled.
> /yes               Used with cancel all jobs command when no further
>                    confirmation is desired.
> time               Specifies the time when command is to run.
> /interactive       Allows the job to interact with the desktop of the user
>                    who is logged on at the time the job runs.
> /every:date[,...]  Runs the command on each specified day(s) of the week or
>                    month. If date is omitted, the current day of the month
>                    is assumed.
> /next:date[,...]   Runs the specified command on the next occurrence of the
>                    day (for example, next Thursday).  If date is omitted, the
>                    current day of the month is assumed.
> "command"          Is the Windows NT command, or batch program to be run.
>
>
> milo@LAPTOP-D28F85BI MINGW64 ~/Desktop/more (gitinit)
> $ + $ ^V^V^V^V^V^V^V^V^V^V^V^V^V^V^V^V^V^V^V^V^V^V^V^V^V^V^V^V^V^V^V^V^V^ ...
> bash: +: command not found
>
> milo@LAPTOP-D28F85BI MINGW64 ~/Desktop/more (gitinit)
> $ + ~
> bash: +: command not found
>
> milo@LAPTOP-D28F85BI MINGW64 ~/Desktop/more (gitinit)
> $     + CategoryInfo          : ObjectNotFound: ($:String) [], CommandNotFoundException
> bash: syntax error near unexpected token `('
bash: command substitution: line 1: unexpected EOF while looking for matching `''
bash: command substitution: line 16: syntax error: unexpected end of file
bash: bash:: command not found

milo@LAPTOP-D28F85BI MINGW64 ~/Desktop/more (gitinit)
$

milo@LAPTOP-D28F85BI MINGW64 ~/Desktop/more (gitinit)
$ milo@LAPTOP-D28F85BI MINGW64 ~/Desktop/more (gitinit)
bash: syntax error near unexpected token `('

milo@LAPTOP-D28F85BI MINGW64 ~/Desktop/more (gitinit)
$ $     + FullyQualifiedErrorId : CommandNotFoundException
bash: $: command not found

milo@LAPTOP-D28F85BI MINGW64 ~/Desktop/more (gitinit)
$ bash: +: command not found
bash: bash:: command not found

milo@LAPTOP-D28F85BI MINGW64 ~/Desktop/more (gitinit)
$

milo@LAPTOP-D28F85BI MINGW64 ~/Desktop/more (gitinit)
$ milo@LAPTOP-D28F85BI MINGW64 ~/Desktop/more (gitinit)
bash: syntax error near unexpected token `('

milo@LAPTOP-D28F85BI MINGW64 ~/Desktop/more (gitinit)
$ $
bash: $: command not found

milo@LAPTOP-D28F85BI MINGW64 ~/Desktop/more (gitinit)
$

milo@LAPTOP-D28F85BI MINGW64 ~/Desktop/more (gitinit)
$ milo@LAPTOP-D28F85BI MINGW64 ~/Desktop/more (gitinit)
bash: syntax error near unexpected token `('

milo@LAPTOP-D28F85BI MINGW64 ~/Desktop/more (gitinit)
$ $ PS C:\Users\milo\Desktop> More?$ ^V^V^V^V^V^V^V^V^V^V^V^V^V^V^V^V^V^V^V^V^V^V^V^V^V^V^V^V^V^V^V^V^V^V^V^V^V^V^V^V^V^V^V^V^V^V^V^V^V^V^V^V^V^V^V^V^V^V^V^V^V^V^V^V^V^V^V^V^V^V^V^V^V^V^V^V^V^V^V^V^V^V^V^V^V^V^V^V^V^V^V^V^V^V^V^V^V^V^V^V^V^V^V^V^V^V^V^V^V^V^V^V^V^V^V^V^V^V^V^V^V^V^V^V^V^V^V^V^V^V^V^V^V^V^V^V^V^V^V^V^V^V^V^V^V^V^V^V^V^V^V^
bash: $: command not found

milo@LAPTOP-D28F85BI MINGW64 ~/Desktop/more (gitinit)
$

milo@LAPTOP-D28F85BI MINGW64 ~/Desktop/more (gitinit)
$ milo@LAPTOP-D28F85BI MINGW64 ~/Desktop/more (gitinit)
bash: syntax error near unexpected token `('

milo@LAPTOP-D28F85BI MINGW64 ~/Desktop/more (gitinit)
$ $ More?$ : The term 'More?$' is not recognized as the name of a cmdlet, function, script file, or operable program.
bash: $: command not found

milo@LAPTOP-D28F85BI MINGW64 ~/Desktop/more (gitinit)
$ bash: More?$: command not found
bash: bash:: command not found

milo@LAPTOP-D28F85BI MINGW64 ~/Desktop/more (gitinit)
$

milo@LAPTOP-D28F85BI MINGW64 ~/Desktop/more (gitinit)
$ milo@LAPTOP-D28F85BI MINGW64 ~/Desktop/more (gitinit)
bash: syntax error near unexpected token `('

milo@LAPTOP-D28F85BI MINGW64 ~/Desktop/more (gitinit)
$ $ Check the spelling of the name, or if a path was included, verify that the path is correct and try again.
bash: $: command not found

milo@LAPTOP-D28F85BI MINGW64 ~/Desktop/more (gitinit)
$ bash: Check: command not found
bash: bash:: command not found

milo@LAPTOP-D28F85BI MINGW64 ~/Desktop/more (gitinit)
$

milo@LAPTOP-D28F85BI MINGW64 ~/Desktop/more (gitinit)
$ milo@LAPTOP-D28F85BI MINGW64 ~/Desktop/more (gitinit)
bash: syntax error near unexpected token `('

milo@LAPTOP-D28F85BI MINGW64 ~/Desktop/more (gitinit)
$ $ At line:1 char:1
bash: $: command not found

milo@LAPTOP-D28F85BI MINGW64 ~/Desktop/more (gitinit)
$ The AT command has been deprecated. Please use schtasks.exe instead.
bash: The: command not found

milo@LAPTOP-D28F85BI MINGW64 ~/Desktop/more (gitinit)
$

milo@LAPTOP-D28F85BI MINGW64 ~/Desktop/more (gitinit)
$ Invalid command.
bash: Invalid: command not found

milo@LAPTOP-D28F85BI MINGW64 ~/Desktop/more (gitinit)
$

milo@LAPTOP-D28F85BI MINGW64 ~/Desktop/more (gitinit)
$ The AT command schedules commands and programs to run on a computer at
bash: The: command not found

milo@LAPTOP-D28F85BI MINGW64 ~/Desktop/more (gitinit)
$ a specified time and date. The Schedule service must be running to use
bash: a: command not found

milo@LAPTOP-D28F85BI MINGW64 ~/Desktop/more (gitinit)
$ the AT command.
bash: the: command not found

milo@LAPTOP-D28F85BI MINGW64 ~/Desktop/more (gitinit)
$

milo@LAPTOP-D28F85BI MINGW64 ~/Desktop/more (gitinit)
$ AT [\\computername] [ [id] [/DELETE] | /DELETE [/YES]]
bash: /DELETE: No such file or directory

milo@LAPTOP-D28F85BI MINGW64 ~/Desktop/more (gitinit)
$ AT [\\computername] time [/INTERACTIVE]
The AT command has been deprecated. Please use schtasks.exe instead.

Invalid command.

The AT command schedules commands and programs to run on a computer at
a specified time and date. The Schedule service must be running to use
the AT command.

AT [\\computername] [ [id] [/DELETE] | /DELETE [/YES]]
AT [\\computername] time [/INTERACTIVE]
    [ /EVERY:date[,...] | /NEXT:date[,...]] "command"

\\computername     Specifies a remote computer. Commands are scheduled on the
                   local computer if this parameter is omitted.
id                 Is an identification number assigned to a scheduled
                   command.
/delete            Cancels a scheduled command. If id is omitted, all the
                   scheduled commands on the computer are canceled.
/yes               Used with cancel all jobs command when no further
                   confirmation is desired.
time               Specifies the time when command is to run.
/interactive       Allows the job to interact with the desktop of the user
                   who is logged on at the time the job runs.
/every:date[,...]  Runs the command on each specified day(s) of the week or
                   month. If date is omitted, the current day of the month
                   is assumed.
/next:date[,...]   Runs the specified command on the next occurrence of the
                   day (for example, next Thursday).  If date is omitted, the
                   current day of the month is assumed.
"command"          Is the Windows NT command, or batch program to be run.


milo@LAPTOP-D28F85BI MINGW64 ~/Desktop/more (gitinit)
$     [ /EVERY:date[,...] | /NEXT:date[,...]] "command"
bash: [: missing `]'
bash: /NEXT:date[,...]]: No such file or directory

milo@LAPTOP-D28F85BI MINGW64 ~/Desktop/more (gitinit)
$

milo@LAPTOP-D28F85BI MINGW64 ~/Desktop/more (gitinit)
$ \\computername     Specifies a remote computer. Commands are scheduled on the
bash: \computername: No such file or directory

milo@LAPTOP-D28F85BI MINGW64 ~/Desktop/more (gitinit)
$                    local computer if this parameter is omitted.
bash: local: can only be used in a function

milo@LAPTOP-D28F85BI MINGW64 ~/Desktop/more (gitinit)
$ id                 Is an identification number assigned to a scheduled
id: ‘Is’: no such user
id: ‘an’: no such user
id: ‘identification’: no such user
id: ‘number’: no such user
id: ‘assigned’: no such user
id: ‘to’: no such user
id: ‘a’: no such user
id: ‘scheduled’: no such user

milo@LAPTOP-D28F85BI MINGW64 ~/Desktop/more (gitinit)
$                    command.
bash: command.: command not found

milo@LAPTOP-D28F85BI MINGW64 ~/Desktop/more (gitinit)
$ /delete            Cancels a scheduled command. If id is omitted, all the
bash: /delete: No such file or directory

milo@LAPTOP-D28F85BI MINGW64 ~/Desktop/more (gitinit)
$                    scheduled commands on the computer are canceled.
bash: scheduled: command not found

milo@LAPTOP-D28F85BI MINGW64 ~/Desktop/more (gitinit)
$ /yes               Used with cancel all jobs command when no further
bash: /yes: No such file or directory

milo@LAPTOP-D28F85BI MINGW64 ~/Desktop/more (gitinit)
$                    confirmation is desired.
bash: confirmation: command not found

milo@LAPTOP-D28F85BI MINGW64 ~/Desktop/more (gitinit)
$ time               Specifies the time when command is to run.
bash: Specifies: command not found

real    0m0.035s
user    0m0.000s
sys     0m0.030s

milo@LAPTOP-D28F85BI MINGW64 ~/Desktop/more (gitinit)
$ /interactive       Allows the job to interact with the desktop of the user
bash: /interactive: No such file or directory

milo@LAPTOP-D28F85BI MINGW64 ~/Desktop/more (gitinit)
$                    who is logged on at the time the job runs.
who: extra operand ‘on’
Try 'who --help' for more information.

milo@LAPTOP-D28F85BI MINGW64 ~/Desktop/more (gitinit)
$ /every:date[,...]  Runs the command on each specified day(s) of the week or
bash: syntax error near unexpected token `('

milo@LAPTOP-D28F85BI MINGW64 ~/Desktop/more (gitinit)
$                    month. If date is omitted, the current day of the month
bash: month.: command not found

milo@LAPTOP-D28F85BI MINGW64 ~/Desktop/more (gitinit)
$                    is assumed.
bash: is: command not found

milo@LAPTOP-D28F85BI MINGW64 ~/Desktop/more (gitinit)
$ /next:date[,...]   Runs the specified command on the next occurrence of the
bash: /next:date[,...]: No such file or directory

milo@LAPTOP-D28F85BI MINGW64 ~/Desktop/more (gitinit)
$                    day (for example, next Thursday).  If date is omitted, the
bash: syntax error near unexpected token `for'

milo@LAPTOP-D28F85BI MINGW64 ~/Desktop/more (gitinit)
$                    current day of the month is assumed.
bash: current: command not found

milo@LAPTOP-D28F85BI MINGW64 ~/Desktop/more (gitinit)
$ "command"          Is the Windows NT command, or batch program to be run.
bash: Is: command not found

milo@LAPTOP-D28F85BI MINGW64 ~/Desktop/more (gitinit)
$

milo@LAPTOP-D28F85BI MINGW64 ~/Desktop/more (gitinit)
$

milo@LAPTOP-D28F85BI MINGW64 ~/Desktop/more (gitinit)
$ milo@LAPTOP-D28F85BI MINGW64 ~/Desktop/more (gitinit)
bash: syntax error near unexpected token `('

milo@LAPTOP-D28F85BI MINGW64 ~/Desktop/more (gitinit)
$ $ + More?$ ^V^V^V^V^V^V^V^V^V^V^V^V^V^V^V^V^V^V^V^V^V^V^V^V^V^V^V^V^V^V^V ...
bash: $: command not found

milo@LAPTOP-D28F85BI MINGW64 ~/Desktop/more (gitinit)
$ bash: +: command not found
bash: bash:: command not found

milo@LAPTOP-D28F85BI MINGW64 ~/Desktop/more (gitinit)
$

milo@LAPTOP-D28F85BI MINGW64 ~/Desktop/more (gitinit)
$ milo@LAPTOP-D28F85BI MINGW64 ~/Desktop/more (gitinit)
bash: syntax error near unexpected token `('

milo@LAPTOP-D28F85BI MINGW64 ~/Desktop/more (gitinit)
$ $ + ~~~~~~
bash: $: command not found

milo@LAPTOP-D28F85BI MINGW64 ~/Desktop/more (gitinit)
$ bash: +: command not found
bash: bash:: command not found

milo@LAPTOP-D28F85BI MINGW64 ~/Desktop/more (gitinit)
$

milo@LAPTOP-D28F85BI MINGW64 ~/Desktop/more (gitinit)
$ milo@LAPTOP-D28F85BI MINGW64 ~/Desktop/more (gitinit)
bash: syntax error near unexpected token `('

milo@LAPTOP-D28F85BI MINGW64 ~/Desktop/more (gitinit)
$ $     + CategoryInfo          : ObjectNotFound: (More?$:String) [], CommandNotFoundException
bash: syntax error near unexpected token `('

milo@LAPTOP-D28F85BI MINGW64 ~/Desktop/more (gitinit)
$ bash: syntax error near unexpected token `('
>
> milo@LAPTOP-D28F85BI MINGW64 ~/Desktop/more (gitinit)
> $     + FullyQualifiedErrorId : CommandNotFoundException
> bash: +: command not found
>
> milo@LAPTOP-D28F85BI MINGW64 ~/Desktop/more (gitinit)
> $
>
> milo@LAPTOP-D28F85BI MINGW64 ~/Desktop/more (gitinit)
> $ PS C:\Users\milo\Desktop> More?
>
> milo@LAPTOP-D28F85BI MINGW64 ~/Desktop/more (gitinit)
> $ milo@LAPTOP-D28F85BI MINGW64 ~/Desktop/more (gitinit)
> bash: syntax error near unexpected token `('
bash: syntax error near unexpected token `('

milo@LAPTOP-D28F85BI MINGW64 ~/Desktop/more (gitinit)
$

milo@LAPTOP-D28F85BI MINGW64 ~/Desktop/more (gitinit)
$ milo@LAPTOP-D28F85BI MINGW64 ~/Desktop/more (gitinit)
bash: syntax error near unexpected token `('

milo@LAPTOP-D28F85BI MINGW64 ~/Desktop/more (gitinit)
$ $ $ Windows PowerShell
bash: $: command not found

milo@LAPTOP-D28F85BI MINGW64 ~/Desktop/more (gitinit)
$ bash: $: command not found
bash: bash:: command not found

milo@LAPTOP-D28F85BI MINGW64 ~/Desktop/more (gitinit)
$

milo@LAPTOP-D28F85BI MINGW64 ~/Desktop/more (gitinit)
$ milo@LAPTOP-D28F85BI MINGW64 ~/Desktop/more (gitinit)
bash: syntax error near unexpected token `('

milo@LAPTOP-D28F85BI MINGW64 ~/Desktop/more (gitinit)
$ $ bash: Windows: command not found
bash: $: command not found

milo@LAPTOP-D28F85BI MINGW64 ~/Desktop/more (gitinit)
$ bash: bash:: command not found
bash: bash:: command not found

milo@LAPTOP-D28F85BI MINGW64 ~/Desktop/more (gitinit)
$

milo@LAPTOP-D28F85BI MINGW64 ~/Desktop/more (gitinit)
$ milo@LAPTOP-D28F85BI MINGW64 ~/Desktop/more (gitinit)
bash: syntax error near unexpected token `('

milo@LAPTOP-D28F85BI MINGW64 ~/Desktop/more (gitinit)
$ $
bash: $: command not found

milo@LAPTOP-D28F85BI MINGW64 ~/Desktop/more (gitinit)
$

milo@LAPTOP-D28F85BI MINGW64 ~/Desktop/more (gitinit)
$ milo@LAPTOP-D28F85BI MINGW64 ~/Desktop/more (gitinit)
bash: syntax error near unexpected token `('

milo@LAPTOP-D28F85BI MINGW64 ~/Desktop/more (gitinit)
$ $ milo@LAPTOP-D28F85BI MINGW64 ~/Desktop/more (gitinit)
bash: syntax error near unexpected token `('

milo@LAPTOP-D28F85BI MINGW64 ~/Desktop/more (gitinit)
$ bash: syntax error near unexpected token `('
>
> milo@LAPTOP-D28F85BI MINGW64 ~/Desktop/more (gitinit)
> $ $ Copyright (C) Microsoft Corporation. All rights reserved.
> bash: syntax error near unexpected token `('
bash: syntax error near unexpected token `('

milo@LAPTOP-D28F85BI MINGW64 ~/Desktop/more (gitinit)
$

milo@LAPTOP-D28F85BI MINGW64 ~/Desktop/more (gitinit)
$ milo@LAPTOP-D28F85BI MINGW64 ~/Desktop/more (gitinit)
bash: syntax error near unexpected token `('

milo@LAPTOP-D28F85BI MINGW64 ~/Desktop/more (gitinit)
$ $ bash: syntax error near unexpected token `C'
> >
> > milo@LAPTOP-D28F85BI MINGW64 ~/Desktop/more (gitinit)
> > $
> >
> > milo@LAPTOP-D28F85BI MINGW64 ~/Desktop/more (gitinit)
> > $ Install the latest PowerShell for new features and improvements! https://aka.ms/PSWindows
> > Install: target 'https://aka.ms/PSWindows' is not a directory
> >
> > milo@LAPTOP-D28F85BI MINGW64 ~/Desktop/more (gitinit)
> > $
> >
> > milo@LAPTOP-D28F85BI MINGW64 ~/Desktop/more (gitinit)
> > $ PS C:\Users\milo\Desktop> $ ^V^V^V^V^V^V^V^V^V^V^V^V^V^V^V^V^V^V^V^V^V^V^V^V^V^V^V^V^V^V^V^V^V^V^V^V^V^V^V^V^V^V^V^V^V^V^V^V^V^V^V^V^V^V^V^V^V^V^V^V^V^V^V^V^V^V^V^V^V^V^V^V^V^V^V^V^V^V^V^V^V^V^V^V^V^V^V^V^V^V^V^V^V^V^V^V^V^V^V^V^V^V^V^V^V^V^V^V^V^V^V^V^V^V^V^V^V^V^V^V^V^V^V^V^V^V^V^V^V^V^V^V^V^V^V^V^V^V^V^V^V^V^V^V^V^V^V^V^V^V^V^
> >
> > milo@LAPTOP-D28F85BI MINGW64 ~/Desktop/more (gitinit)
> > $ $ : The term '$' is not recognized as the name of a cmdlet, function, script file, or operable program. Check the
> > bash: $: command not found
> >
> > milo@LAPTOP-D28F85BI MINGW64 ~/Desktop/more (gitinit)
> > $ spelling of the name, or if a path was included, verify that the path is correct and try again.
> > bash: spelling: command not found
> >
> > milo@LAPTOP-D28F85BI MINGW64 ~/Desktop/more (gitinit)
> > $ At line:1 char:1
> > The AT command has been deprecated. Please use schtasks.exe instead.
> >
> > Invalid command.
> >
> > The AT command schedules commands and programs to run on a computer at
> > a specified time and date. The Schedule service must be running to use
> > the AT command.
> >
> > AT [\\computername] [ [id] [/DELETE] | /DELETE [/YES]]
> > AT [\\computername] time [/INTERACTIVE]
> >     [ /EVERY:date[,...] | /NEXT:date[,...]] "command"
> >
> > \\computername     Specifies a remote computer. Commands are scheduled on the
> >                    local computer if this parameter is omitted.
> > id                 Is an identification number assigned to a scheduled
> >                    command.
> > /delete            Cancels a scheduled command. If id is omitted, all the
> >                    scheduled commands on the computer are canceled.
> > /yes               Used with cancel all jobs command when no further
> >                    confirmation is desired.
> > time               Specifies the time when command is to run.
> > /interactive       Allows the job to interact with the desktop of the user
> >                    who is logged on at the time the job runs.
> > /every:date[,...]  Runs the command on each specified day(s) of the week or
> >                    month. If date is omitted, the current day of the month
> >                    is assumed.
> > /next:date[,...]   Runs the specified command on the next occurrence of the
> >                    day (for example, next Thursday).  If date is omitted, the
> >                    current day of the month is assumed.
> > "command"          Is the Windows NT command, or batch program to be run.
> >
> >
> > milo@LAPTOP-D28F85BI MINGW64 ~/Desktop/more (gitinit)
> > $ + $ ^V^V^V^V^V^V^V^V^V^V^V^V^V^V^V^V^V^V^V^V^V^V^V^V^V^V^V^V^V^V^V^V^V^ ...
> > bash: +: command not found
> >
> > milo@LAPTOP-D28F85BI MINGW64 ~/Desktop/more (gitinit)
> > $ + ~
> > bash: +: command not found
> >
> > milo@LAPTOP-D28F85BI MINGW64 ~/Desktop/more (gitinit)
> > $     + CategoryInfo          : ObjectNotFound: ($:String) [], CommandNotFoundException
> > bash: syntax error near unexpected token `('
bash: syntax error near unexpected token `('

milo@LAPTOP-D28F85BI MINGW64 ~/Desktop/more (gitinit)
$ bash: syntax error near unexpected token `('
>
> milo@LAPTOP-D28F85BI MINGW64 ~/Desktop/more (gitinit)
> $
>
> milo@LAPTOP-D28F85BI MINGW64 ~/Desktop/more (gitinit)
> $ milo@LAPTOP-D28F85BI MINGW64 ~/Desktop/more (gitinit)
> bash: syntax error near unexpected token `('
bash: syntax error near unexpected token `('

milo@LAPTOP-D28F85BI MINGW64 ~/Desktop/more (gitinit)
$

milo@LAPTOP-D28F85BI MINGW64 ~/Desktop/more (gitinit)
$ milo@LAPTOP-D28F85BI MINGW64 ~/Desktop/more (gitinit)
bash: syntax error near unexpected token `('

milo@LAPTOP-D28F85BI MINGW64 ~/Desktop/more (gitinit)
$ $ $     + FullyQualifiedErrorId : CommandNotFoundException
bash: $: command not found

milo@LAPTOP-D28F85BI MINGW64 ~/Desktop/more (gitinit)
$ bash: $: command not found
bash: bash:: command not found

milo@LAPTOP-D28F85BI MINGW64 ~/Desktop/more (gitinit)
$

milo@LAPTOP-D28F85BI MINGW64 ~/Desktop/more (gitinit)
$ milo@LAPTOP-D28F85BI MINGW64 ~/Desktop/more (gitinit)
bash: syntax error near unexpected token `('

milo@LAPTOP-D28F85BI MINGW64 ~/Desktop/more (gitinit)
$ $ bash: +: command not found
bash: $: command not found

milo@LAPTOP-D28F85BI MINGW64 ~/Desktop/more (gitinit)
$ bash: bash:: command not found
bash: bash:: command not found

milo@LAPTOP-D28F85BI MINGW64 ~/Desktop/more (gitinit)
$

milo@LAPTOP-D28F85BI MINGW64 ~/Desktop/more (gitinit)
$ milo@LAPTOP-D28F85BI MINGW64 ~/Desktop/more (gitinit)
bash: syntax error near unexpected token `('

milo@LAPTOP-D28F85BI MINGW64 ~/Desktop/more (gitinit)
$ $
bash: $: command not found

milo@LAPTOP-D28F85BI MINGW64 ~/Desktop/more (gitinit)
$

milo@LAPTOP-D28F85BI MINGW64 ~/Desktop/more (gitinit)
$ milo@LAPTOP-D28F85BI MINGW64 ~/Desktop/more (gitinit)
bash: syntax error near unexpected token `('

milo@LAPTOP-D28F85BI MINGW64 ~/Desktop/more (gitinit)
$ $ milo@LAPTOP-D28F85BI MINGW64 ~/Desktop/more (gitinit)
bash: syntax error near unexpected token `('

milo@LAPTOP-D28F85BI MINGW64 ~/Desktop/more (gitinit)
$ bash: syntax error near unexpected token `('
>
> milo@LAPTOP-D28F85BI MINGW64 ~/Desktop/more (gitinit)
> $ $
> bash: $: command not found
>
> milo@LAPTOP-D28F85BI MINGW64 ~/Desktop/more (gitinit)
> $
>
> milo@LAPTOP-D28F85BI MINGW64 ~/Desktop/more (gitinit)
> $ milo@LAPTOP-D28F85BI MINGW64 ~/Desktop/more (gitinit)
> bash: syntax error near unexpected token `('
bash: syntax error near unexpected token `('

milo@LAPTOP-D28F85BI MINGW64 ~/Desktop/more (gitinit)
$

milo@LAPTOP-D28F85BI MINGW64 ~/Desktop/more (gitinit)
$ milo@LAPTOP-D28F85BI MINGW64 ~/Desktop/more (gitinit)
bash: syntax error near unexpected token `('

milo@LAPTOP-D28F85BI MINGW64 ~/Desktop/more (gitinit)
$ $ $ PS C:\Users\milo\Desktop> More?$ ^V^V^V^V^V^V^V^V^V^V^V^V^V^V^V^V^V^V^V^V^V^V^V^V^V^V^V^V^V^V^V^V^V^V^V^V^V^V^V^V^V^V^V^V^V^V^V^V^V^V^V^V^V^V^V^V^V^V^V^V^V^V^V^V^V^V^V^V^V^V^V^V^V^V^V^V^V^V^V^V^V^V^V^V^V^V^V^V^V^V^V^V^V^V^V^V^V^V^V^V^V^V^V^V^V^V^V^V^V^V^V^V^V^V^V^V^V^V^V^V^V^V^V^V^V^V^V^V^V^V^V^V^V^V^V^V^V^V^V^V^V^V^V^V^V^V^V^V^V^V^V^
bash: $: command not found

milo@LAPTOP-D28F85BI MINGW64 ~/Desktop/more (gitinit)
$ bash: $: command not found
bash: bash:: command not found

milo@LAPTOP-D28F85BI MINGW64 ~/Desktop/more (gitinit)
$

milo@LAPTOP-D28F85BI MINGW64 ~/Desktop/more (gitinit)
$ milo@LAPTOP-D28F85BI MINGW64 ~/Desktop/more (gitinit)
bash: syntax error near unexpected token `('

milo@LAPTOP-D28F85BI MINGW64 ~/Desktop/more (gitinit)
$ $
bash: $: command not found

milo@LAPTOP-D28F85BI MINGW64 ~/Desktop/more (gitinit)
$

milo@LAPTOP-D28F85BI MINGW64 ~/Desktop/more (gitinit)
$ milo@LAPTOP-D28F85BI MINGW64 ~/Desktop/more (gitinit)
bash: syntax error near unexpected token `('

milo@LAPTOP-D28F85BI MINGW64 ~/Desktop/more (gitinit)
$ $ milo@LAPTOP-D28F85BI MINGW64 ~/Desktop/more (gitinit)
bash: syntax error near unexpected token `('

milo@LAPTOP-D28F85BI MINGW64 ~/Desktop/more (gitinit)
$ bash: syntax error near unexpected token `('
>
> milo@LAPTOP-D28F85BI MINGW64 ~/Desktop/more (gitinit)
> $ $ More?$ : The term 'More?$' is not recognized as the name of a cmdlet, function, script file, or operable program.
> bash: $: command not found
>
> milo@LAPTOP-D28F85BI MINGW64 ~/Desktop/more (gitinit)
> $ bash: More?$: command not found
> bash: bash:: command not found
>
> milo@LAPTOP-D28F85BI MINGW64 ~/Desktop/more (gitinit)
> $
>
> milo@LAPTOP-D28F85BI MINGW64 ~/Desktop/more (gitinit)
> $ milo@LAPTOP-D28F85BI MINGW64 ~/Desktop/more (gitinit)
> bash: syntax error near unexpected token `('
bash: syntax error near unexpected token `('

milo@LAPTOP-D28F85BI MINGW64 ~/Desktop/more (gitinit)
$

milo@LAPTOP-D28F85BI MINGW64 ~/Desktop/more (gitinit)
$ milo@LAPTOP-D28F85BI MINGW64 ~/Desktop/more (gitinit)
bash: syntax error near unexpected token `('

milo@LAPTOP-D28F85BI MINGW64 ~/Desktop/more (gitinit)
$ $ $ Check the spelling of the name, or if a path was included, verify that the path is correct and try again.
bash: $: command not found

milo@LAPTOP-D28F85BI MINGW64 ~/Desktop/more (gitinit)
$ bash: $: command not found
bash: bash:: command not found

milo@LAPTOP-D28F85BI MINGW64 ~/Desktop/more (gitinit)
$

milo@LAPTOP-D28F85BI MINGW64 ~/Desktop/more (gitinit)
$ milo@LAPTOP-D28F85BI MINGW64 ~/Desktop/more (gitinit)
bash: syntax error near unexpected token `('

milo@LAPTOP-D28F85BI MINGW64 ~/Desktop/more (gitinit)
$ $ bash: Check: command not found
bash: $: command not found

milo@LAPTOP-D28F85BI MINGW64 ~/Desktop/more (gitinit)
$ bash: bash:: command not found
bash: bash:: command not found

milo@LAPTOP-D28F85BI MINGW64 ~/Desktop/more (gitinit)
$

milo@LAPTOP-D28F85BI MINGW64 ~/Desktop/more (gitinit)
$ milo@LAPTOP-D28F85BI MINGW64 ~/Desktop/more (gitinit)
bash: syntax error near unexpected token `('

milo@LAPTOP-D28F85BI MINGW64 ~/Desktop/more (gitinit)
$ $
bash: $: command not found

milo@LAPTOP-D28F85BI MINGW64 ~/Desktop/more (gitinit)
$

milo@LAPTOP-D28F85BI MINGW64 ~/Desktop/more (gitinit)
$ milo@LAPTOP-D28F85BI MINGW64 ~/Desktop/more (gitinit)
bash: syntax error near unexpected token `('

milo@LAPTOP-D28F85BI MINGW64 ~/Desktop/more (gitinit)
$ $ milo@LAPTOP-D28F85BI MINGW64 ~/Desktop/more (gitinit)
bash: syntax error near unexpected token `('

milo@LAPTOP-D28F85BI MINGW64 ~/Desktop/more (gitinit)
$ bash: syntax error near unexpected token `('
>
> milo@LAPTOP-D28F85BI MINGW64 ~/Desktop/more (gitinit)
> $ $ At line:1 char:1
> bash: $: command not found
>
> milo@LAPTOP-D28F85BI MINGW64 ~/Desktop/more (gitinit)
> $ The AT command has been deprecated. Please use schtasks.exe instead.
> bash: The: command not found
>
> milo@LAPTOP-D28F85BI MINGW64 ~/Desktop/more (gitinit)
> $
>
> milo@LAPTOP-D28F85BI MINGW64 ~/Desktop/more (gitinit)
> $ Invalid command.
> bash: Invalid: command not found
>
> milo@LAPTOP-D28F85BI MINGW64 ~/Desktop/more (gitinit)
> $
>
> milo@LAPTOP-D28F85BI MINGW64 ~/Desktop/more (gitinit)
> $ The AT command schedules commands and programs to run on a computer at
> bash: The: command not found
>
> milo@LAPTOP-D28F85BI MINGW64 ~/Desktop/more (gitinit)
> $ a specified time and date. The Schedule service must be running to use
> bash: a: command not found
>
> milo@LAPTOP-D28F85BI MINGW64 ~/Desktop/more (gitinit)
> $ the AT command.
> bash: the: command not found
>
> milo@LAPTOP-D28F85BI MINGW64 ~/Desktop/more (gitinit)
> $
>
> milo@LAPTOP-D28F85BI MINGW64 ~/Desktop/more (gitinit)
> $ AT [\\computername] [ [id] [/DELETE] | /DELETE [/YES]]
> bash: /DELETE: No such file or directory
>
> milo@LAPTOP-D28F85BI MINGW64 ~/Desktop/more (gitinit)
> $ AT [\\computername] time [/INTERACTIVE]
> The AT command has been deprecated. Please use schtasks.exe instead.
>
> Invalid command.
>
> The AT command schedules commands and programs to run on a computer at
> a specified time and date. The Schedule service must be running to use
> the AT command.
>
> AT [\\computername] [ [id] [/DELETE] | /DELETE [/YES]]
> AT [\\computername] time [/INTERACTIVE]
>     [ /EVERY:date[,...] | /NEXT:date[,...]] "command"
>
> \\computername     Specifies a remote computer. Commands are scheduled on the
>                    local computer if this parameter is omitted.
> id                 Is an identification number assigned to a scheduled
>                    command.
> /delete            Cancels a scheduled command. If id is omitted, all the
>                    scheduled commands on the computer are canceled.
> /yes               Used with cancel all jobs command when no further
>                    confirmation is desired.
> time               Specifies the time when command is to run.
> /interactive       Allows the job to interact with the desktop of the user
>                    who is logged on at the time the job runs.
> /every:date[,...]  Runs the command on each specified day(s) of the week or
>                    month. If date is omitted, the current day of the month
>                    is assumed.
> /next:date[,...]   Runs the specified command on the next occurrence of the
>                    day (for example, next Thursday).  If date is omitted, the
>                    current day of the month is assumed.
> "command"          Is the Windows NT command, or batch program to be run.
>
>
> milo@LAPTOP-D28F85BI MINGW64 ~/Desktop/more (gitinit)
> $     [ /EVERY:date[,...] | /NEXT:date[,...]] "command"
> bash: [: missing `]'
> bash: /NEXT:date[,...]]: No such file or directory
>
> milo@LAPTOP-D28F85BI MINGW64 ~/Desktop/more (gitinit)
> $
>
> milo@LAPTOP-D28F85BI MINGW64 ~/Desktop/more (gitinit)
> $ \\computername     Specifies a remote computer. Commands are scheduled on the
> bash: \computername: No such file or directory
>
> milo@LAPTOP-D28F85BI MINGW64 ~/Desktop/more (gitinit)
> $                    local computer if this parameter is omitted.
> bash: local: can only be used in a function
>
> milo@LAPTOP-D28F85BI MINGW64 ~/Desktop/more (gitinit)
> $ id                 Is an identification number assigned to a scheduled
> id: ‘Is’: no such user
> id: ‘an’: no such user
> id: ‘identification’: no such user
> id: ‘number’: no such user
> id: ‘assigned’: no such user
> id: ‘to’: no such user
> id: ‘a’: no such user
> id: ‘scheduled’: no such user
>
> milo@LAPTOP-D28F85BI MINGW64 ~/Desktop/more (gitinit)
> $                    command.
> bash: command.: command not found
>
> milo@LAPTOP-D28F85BI MINGW64 ~/Desktop/more (gitinit)
> $ /delete            Cancels a scheduled command. If id is omitted, all the
> bash: /delete: No such file or directory
>
> milo@LAPTOP-D28F85BI MINGW64 ~/Desktop/more (gitinit)
> $                    scheduled commands on the computer are canceled.
> bash: scheduled: command not found
>
> milo@LAPTOP-D28F85BI MINGW64 ~/Desktop/more (gitinit)
> $ /yes               Used with cancel all jobs command when no further
> bash: /yes: No such file or directory
>
> milo@LAPTOP-D28F85BI MINGW64 ~/Desktop/more (gitinit)
> $                    confirmation is desired.
> bash: confirmation: command not found
>
> milo@LAPTOP-D28F85BI MINGW64 ~/Desktop/more (gitinit)
> $ time               Specifies the time when command is to run.
> bash: Specifies: command not found
>
> real    0m0.032s
> user    0m0.000s
> sys     0m0.030s
>
> milo@LAPTOP-D28F85BI MINGW64 ~/Desktop/more (gitinit)
> $ /interactive       Allows the job to interact with the desktop of the user
> bash: /interactive: No such file or directory
>
> milo@LAPTOP-D28F85BI MINGW64 ~/Desktop/more (gitinit)
> $                    who is logged on at the time the job runs.
> who: extra operand ‘on’
> Try 'who --help' for more information.
>
> milo@LAPTOP-D28F85BI MINGW64 ~/Desktop/more (gitinit)
> $ /every:date[,...]  Runs the command on each specified day(s) of the week or
> bash: syntax error near unexpected token `('
bash: command substitution: line 1: unexpected EOF while looking for matching `''
bash: command substitution: line 77: syntax error: unexpected end of file
bash: bash:: command not found

milo@LAPTOP-D28F85BI MINGW64 ~/Desktop/more (gitinit)
$

milo@LAPTOP-D28F85BI MINGW64 ~/Desktop/more (gitinit)
$ milo@LAPTOP-D28F85BI MINGW64 ~/Desktop/more (gitinit)
bash: syntax error near unexpected token `('

milo@LAPTOP-D28F85BI MINGW64 ~/Desktop/more (gitinit)
$ $                    month. If date is omitted, the current day of the month
bash: $: command not found

milo@LAPTOP-D28F85BI MINGW64 ~/Desktop/more (gitinit)
$ bash: month.: command not found
bash: bash:: command not found

milo@LAPTOP-D28F85BI MINGW64 ~/Desktop/more (gitinit)
$

milo@LAPTOP-D28F85BI MINGW64 ~/Desktop/more (gitinit)
$ milo@LAPTOP-D28F85BI MINGW64 ~/Desktop/more (gitinit)
bash: syntax error near unexpected token `('

milo@LAPTOP-D28F85BI MINGW64 ~/Desktop/more (gitinit)
$ $                    is assumed.
bash: $: command not found

milo@LAPTOP-D28F85BI MINGW64 ~/Desktop/more (gitinit)
$ bash: is: command not found
bash: bash:: command not found

milo@LAPTOP-D28F85BI MINGW64 ~/Desktop/more (gitinit)
$

milo@LAPTOP-D28F85BI MINGW64 ~/Desktop/more (gitinit)
$ milo@LAPTOP-D28F85BI MINGW64 ~/Desktop/more (gitinit)
bash: syntax error near unexpected token `('

milo@LAPTOP-D28F85BI MINGW64 ~/Desktop/more (gitinit)
$ $ /next:date[,...]   Runs the specified command on the next occurrence of the
bash: $: command not found

milo@LAPTOP-D28F85BI MINGW64 ~/Desktop/more (gitinit)
$ bash: /next:date[,...]: No such file or directory
bash: bash:: command not found

milo@LAPTOP-D28F85BI MINGW64 ~/Desktop/more (gitinit)
$

milo@LAPTOP-D28F85BI MINGW64 ~/Desktop/more (gitinit)
$ milo@LAPTOP-D28F85BI MINGW64 ~/Desktop/more (gitinit)
bash: syntax error near unexpected token `('

milo@LAPTOP-D28F85BI MINGW64 ~/Desktop/more (gitinit)
$ $                    day (for example, next Thursday).  If date is omitted, the
bash: syntax error near unexpected token `('

milo@LAPTOP-D28F85BI MINGW64 ~/Desktop/more (gitinit)
$ bash: syntax error near unexpected token `for'
>
> milo@LAPTOP-D28F85BI MINGW64 ~/Desktop/more (gitinit)
> $                    current day of the month is assumed.
> bash: current: command not found
>
> milo@LAPTOP-D28F85BI MINGW64 ~/Desktop/more (gitinit)
> $ "command"          Is the Windows NT command, or batch program to be run.
> bash: Is: command not found
>
> milo@LAPTOP-D28F85BI MINGW64 ~/Desktop/more (gitinit)
> $
>
> milo@LAPTOP-D28F85BI MINGW64 ~/Desktop/more (gitinit)
> $
>
> milo@LAPTOP-D28F85BI MINGW64 ~/Desktop/more (gitinit)
> $ milo@LAPTOP-D28F85BI MINGW64 ~/Desktop/more (gitinit)
> bash: syntax error near unexpected token `('
bash: syntax error near unexpected token `('

milo@LAPTOP-D28F85BI MINGW64 ~/Desktop/more (gitinit)
$

milo@LAPTOP-D28F85BI MINGW64 ~/Desktop/more (gitinit)
$ milo@LAPTOP-D28F85BI MINGW64 ~/Desktop/more (gitinit)
bash: syntax error near unexpected token `('

milo@LAPTOP-D28F85BI MINGW64 ~/Desktop/more (gitinit)
$ $ $ + More?$ ^V^V^V^V^V^V^V^V^V^V^V^V^V^V^V^V^V^V^V^V^V^V^V^V^V^V^V^V^V^V^V ...
bash: $: command not found

milo@LAPTOP-D28F85BI MINGW64 ~/Desktop/more (gitinit)
$ bash: $: command not found
bash: bash:: command not found

milo@LAPTOP-D28F85BI MINGW64 ~/Desktop/more (gitinit)
$

milo@LAPTOP-D28F85BI MINGW64 ~/Desktop/more (gitinit)
$ milo@LAPTOP-D28F85BI MINGW64 ~/Desktop/more (gitinit)
bash: syntax error near unexpected token `('

milo@LAPTOP-D28F85BI MINGW64 ~/Desktop/more (gitinit)
$ $ bash: +: command not found
bash: $: command not found

milo@LAPTOP-D28F85BI MINGW64 ~/Desktop/more (gitinit)
$ bash: bash:: command not found
bash: bash:: command not found

milo@LAPTOP-D28F85BI MINGW64 ~/Desktop/more (gitinit)
$

milo@LAPTOP-D28F85BI MINGW64 ~/Desktop/more (gitinit)
$ milo@LAPTOP-D28F85BI MINGW64 ~/Desktop/more (gitinit)
bash: syntax error near unexpected token `('

milo@LAPTOP-D28F85BI MINGW64 ~/Desktop/more (gitinit)
$ $
bash: $: command not found

milo@LAPTOP-D28F85BI MINGW64 ~/Desktop/more (gitinit)
$

milo@LAPTOP-D28F85BI MINGW64 ~/Desktop/more (gitinit)
$ milo@LAPTOP-D28F85BI MINGW64 ~/Desktop/more (gitinit)
bash: syntax error near unexpected token `('

milo@LAPTOP-D28F85BI MINGW64 ~/Desktop/more (gitinit)
$ $ milo@LAPTOP-D28F85BI MINGW64 ~/Desktop/more (gitinit)
bash: syntax error near unexpected token `('

milo@LAPTOP-D28F85BI MINGW64 ~/Desktop/more (gitinit)
$ bash: syntax error near unexpected token `('
>
> milo@LAPTOP-D28F85BI MINGW64 ~/Desktop/more (gitinit)
> $ $ + ~~~~~~
> bash: $: command not found
>
> milo@LAPTOP-D28F85BI MINGW64 ~/Desktop/more (gitinit)
> $ bash: +: command not found
> bash: bash:: command not found
>
> milo@LAPTOP-D28F85BI MINGW64 ~/Desktop/more (gitinit)
> $
>
> milo@LAPTOP-D28F85BI MINGW64 ~/Desktop/more (gitinit)
> $ milo@LAPTOP-D28F85BI MINGW64 ~/Desktop/more (gitinit)
> bash: syntax error near unexpected token `('
bash: syntax error near unexpected token `('

milo@LAPTOP-D28F85BI MINGW64 ~/Desktop/more (gitinit)
$

milo@LAPTOP-D28F85BI MINGW64 ~/Desktop/more (gitinit)
$ milo@LAPTOP-D28F85BI MINGW64 ~/Desktop/more (gitinit)
bash: syntax error near unexpected token `('

milo@LAPTOP-D28F85BI MINGW64 ~/Desktop/more (gitinit)
$ $ $     + CategoryInfo          : ObjectNotFound: (More?$:String) [], CommandNotFoundException
bash: syntax error near unexpected token `('

milo@LAPTOP-D28F85BI MINGW64 ~/Desktop/more (gitinit)
$ bash: syntax error near unexpected token `('
>
> milo@LAPTOP-D28F85BI MINGW64 ~/Desktop/more (gitinit)
> $ bash: syntax error near unexpected token `('
bash: syntax error near unexpected token `('

milo@LAPTOP-D28F85BI MINGW64 ~/Desktop/more (gitinit)
$ >
bash: syntax error near unexpected token `newline'

milo@LAPTOP-D28F85BI MINGW64 ~/Desktop/more (gitinit)
$ > milo@LAPTOP-D28F85BI MINGW64 ~/Desktop/more (gitinit)
bash: syntax error near unexpected token `('

milo@LAPTOP-D28F85BI MINGW64 ~/Desktop/more (gitinit)
$ > $     + FullyQualifiedErrorId : CommandNotFoundException
bash: +: command not found

milo@LAPTOP-D28F85BI MINGW64 ~/Desktop/more (gitinit)
$ > bash: +: command not found
bash: +:: command not found

milo@LAPTOP-D28F85BI MINGW64 ~/Desktop/more (gitinit)
$ >
bash: syntax error near unexpected token `newline'

milo@LAPTOP-D28F85BI MINGW64 ~/Desktop/more (gitinit)
$ > milo@LAPTOP-D28F85BI MINGW64 ~/Desktop/more (gitinit)
bash: syntax error near unexpected token `('

milo@LAPTOP-D28F85BI MINGW64 ~/Desktop/more (gitinit)
$ > $

milo@LAPTOP-D28F85BI MINGW64 ~/Desktop/more (gitinit)
$ >
bash: syntax error near unexpected token `newline'

milo@LAPTOP-D28F85BI MINGW64 ~/Desktop/more (gitinit)
$ > milo@LAPTOP-D28F85BI MINGW64 ~/Desktop/more (gitinit)
bash: syntax error near unexpected token `('

milo@LAPTOP-D28F85BI MINGW64 ~/Desktop/more (gitinit)
$ > $ PS C:\Users\milo\Desktop> More?Windows PowerShell

milo@LAPTOP-D28F85BI MINGW64 ~/Desktop/more (gitinit)
$ >
bash: syntax error near unexpected token `newline'

milo@LAPTOP-D28F85BI MINGW64 ~/Desktop/more (gitinit)
$ > milo@LAPTOP-D28F85BI MINGW64 ~/Desktop/more (gitinit)
bash: syntax error near unexpected token `('

milo@LAPTOP-D28F85BI MINGW64 ~/Desktop/more (gitinit)
$ > $ Copyright (C) Microsoft Corporation. All rights reserved.
bash: syntax error near unexpected token `('

milo@LAPTOP-D28F85BI MINGW64 ~/Desktop/more (gitinit)
$ > bash: syntax error near unexpected token `C'
> >
> > milo@LAPTOP-D28F85BI MINGW64 ~/Desktop/more (gitinit)
> > $
> >
> > milo@LAPTOP-D28F85BI MINGW64 ~/Desktop/more (gitinit)
> > $ Install the latest PowerShell for new features and improvements! https://aka.ms/PSWindows
> > Install: target 'https://aka.ms/PSWindows' is not a directory
> >
> > milo@LAPTOP-D28F85BI MINGW64 ~/Desktop/more (gitinit)
> > $
> >
> > milo@LAPTOP-D28F85BI MINGW64 ~/Desktop/more (gitinit)
> > $ PS C:\Users\milo\Desktop> $ ^V^V^V^V^V^V^V^V^V^V^V^V^V^V^V^V^V^V^V^V^V^V^V^V^V^V^V^V^V^V^V^V^V^V^V^V^V^V^V^V^V^V^V^V^V^V^V^V^V^V^V^V^V^V^V^V^V^V^V^V^V^V^V^V^V^V^V^V^V^V^V^V^V^V^V^V^V^V^V^V^V^V^V^V^V^V^V^V^V^V^V^V^V^V^V^V^V^V^V^V^V^V^V^V^V^V^V^V^V^V^V^V^V^V^V^V^V^V^V^V^V^V^V^V^V^V^V^V^V^V^V^V^V^V^V^V^V^V^V^V^V^V^V^V^V^V^V^V^V^V^V^
> >
> > milo@LAPTOP-D28F85BI MINGW64 ~/Desktop/more (gitinit)
> > $ $ : The term '$' is not recognized as the name of a cmdlet, function, script file, or operable program. Check the
> > bash: $: command not found
> >
> > milo@LAPTOP-D28F85BI MINGW64 ~/Desktop/more (gitinit)
> > $ spelling of the name, or if a path was included, verify that the path is correct and try again.
> > bash: spelling: command not found
> >
> > milo@LAPTOP-D28F85BI MINGW64 ~/Desktop/more (gitinit)
> > $ At line:1 char:1
> > The AT command has been deprecated. Please use schtasks.exe instead.
> >
> > Invalid command.
> >
> > The AT command schedules commands and programs to run on a computer at
> > a specified time and date. The Schedule service must be running to use
> > the AT command.
> >
> > AT [\\computername] [ [id] [/DELETE] | /DELETE [/YES]]
> > AT [\\computername] time [/INTERACTIVE]
> >     [ /EVERY:date[,...] | /NEXT:date[,...]] "command"
> >
> > \\computername     Specifies a remote computer. Commands are scheduled on the
> >                    local computer if this parameter is omitted.
> > id                 Is an identification number assigned to a scheduled
> >                    command.
> > /delete            Cancels a scheduled command. If id is omitted, all the
> >                    scheduled commands on the computer are canceled.
> > /yes               Used with cancel all jobs command when no further
> >                    confirmation is desired.
> > time               Specifies the time when command is to run.
> > /interactive       Allows the job to interact with the desktop of the user
> >                    who is logged on at the time the job runs.
> > /every:date[,...]  Runs the command on each specified day(s) of the week or
> >                    month. If date is omitted, the current day of the month
> >                    is assumed.
> > /next:date[,...]   Runs the specified command on the next occurrence of the
> >                    day (for example, next Thursday).  If date is omitted, the
> >                    current day of the month is assumed.
> > "command"          Is the Windows NT command, or batch program to be run.
> >
> >
> > milo@LAPTOP-D28F85BI MINGW64 ~/Desktop/more (gitinit)
> > $ + $ ^V^V^V^V^V^V^V^V^V^V^V^V^V^V^V^V^V^V^V^V^V^V^V^V^V^V^V^V^V^V^V^V^V^ ...
> > bash: +: command not found
> >
> > milo@LAPTOP-D28F85BI MINGW64 ~/Desktop/more (gitinit)
> > $ + ~
> > bash: +: command not found
> >
> > milo@LAPTOP-D28F85BI MINGW64 ~/Desktop/more (gitinit)
> > $     + CategoryInfo          : ObjectNotFound: ($:String) [], CommandNotFoundException
> > bash: syntax error near unexpected token `('
bash: syntax error near unexpected token `('

milo@LAPTOP-D28F85BI MINGW64 ~/Desktop/more (gitinit)
$ bash: command substitution: line 1: unexpected EOF while looking for matching `''
> bash: command substitution: line 16: syntax error: unexpected end of file
> bash: bash:: command not found
>
> milo@LAPTOP-D28F85BI MINGW64 ~/Desktop/more (gitinit)
> $
>
> milo@LAPTOP-D28F85BI MINGW64 ~/Desktop/more (gitinit)
> $ milo@LAPTOP-D28F85BI MINGW64 ~/Desktop/more (gitinit)
> bash: syntax error near unexpected token `('
bash: syntax error near unexpected token `('

milo@LAPTOP-D28F85BI MINGW64 ~/Desktop/more (gitinit)
$

milo@LAPTOP-D28F85BI MINGW64 ~/Desktop/more (gitinit)
$ milo@LAPTOP-D28F85BI MINGW64 ~/Desktop/more (gitinit)
bash: syntax error near unexpected token `('

milo@LAPTOP-D28F85BI MINGW64 ~/Desktop/more (gitinit)
$ $ $     + FullyQualifiedErrorId : CommandNotFoundException
bash: $: command not found

milo@LAPTOP-D28F85BI MINGW64 ~/Desktop/more (gitinit)
$ bash: $: command not found
bash: bash:: command not found

milo@LAPTOP-D28F85BI MINGW64 ~/Desktop/more (gitinit)
$

milo@LAPTOP-D28F85BI MINGW64 ~/Desktop/more (gitinit)
$ milo@LAPTOP-D28F85BI MINGW64 ~/Desktop/more (gitinit)
bash: syntax error near unexpected token `('

milo@LAPTOP-D28F85BI MINGW64 ~/Desktop/more (gitinit)
$ $ bash: +: command not found
bash: $: command not found

milo@LAPTOP-D28F85BI MINGW64 ~/Desktop/more (gitinit)
$ bash: bash:: command not found
bash: bash:: command not found

milo@LAPTOP-D28F85BI MINGW64 ~/Desktop/more (gitinit)
$

milo@LAPTOP-D28F85BI MINGW64 ~/Desktop/more (gitinit)
$ milo@LAPTOP-D28F85BI MINGW64 ~/Desktop/more (gitinit)
bash: syntax error near unexpected token `('

milo@LAPTOP-D28F85BI MINGW64 ~/Desktop/more (gitinit)
$ $
bash: $: command not found

milo@LAPTOP-D28F85BI MINGW64 ~/Desktop/more (gitinit)
$

milo@LAPTOP-D28F85BI MINGW64 ~/Desktop/more (gitinit)
$ milo@LAPTOP-D28F85BI MINGW64 ~/Desktop/more (gitinit)
bash: syntax error near unexpected token `('

milo@LAPTOP-D28F85BI MINGW64 ~/Desktop/more (gitinit)
$ $ milo@LAPTOP-D28F85BI MINGW64 ~/Desktop/more (gitinit)
bash: syntax error near unexpected token `('

milo@LAPTOP-D28F85BI MINGW64 ~/Desktop/more (gitinit)
$ bash: syntax error near unexpected token `('
>
> milo@LAPTOP-D28F85BI MINGW64 ~/Desktop/more (gitinit)
> $ $
> bash: $: command not found
>
> milo@LAPTOP-D28F85BI MINGW64 ~/Desktop/more (gitinit)
> $
>
> milo@LAPTOP-D28F85BI MINGW64 ~/Desktop/more (gitinit)
> $ milo@LAPTOP-D28F85BI MINGW64 ~/Desktop/more (gitinit)
> bash: syntax error near unexpected token `('
bash: syntax error near unexpected token `('

milo@LAPTOP-D28F85BI MINGW64 ~/Desktop/more (gitinit)
$

milo@LAPTOP-D28F85BI MINGW64 ~/Desktop/more (gitinit)
$ milo@LAPTOP-D28F85BI MINGW64 ~/Desktop/more (gitinit)
bash: syntax error near unexpected token `('

milo@LAPTOP-D28F85BI MINGW64 ~/Desktop/more (gitinit)
$ $ $ PS C:\Users\milo\Desktop> More?$ ^V^V^V^V^V^V^V^V^V^V^V^V^V^V^V^V^V^V^V^V^V^V^V^V^V^V^V^V^V^V^V^V^V^V^V^V^V^V^V^V^V^V^V^V^V^V^V^V^V^V^V^V^V^V^V^V^V^V^V^V^V^V^V^V^V^V^V^V^V^V^V^V^V^V^V^V^V^V^V^V^V^V^V^V^V^V^V^V^V^V^V^V^V^V^V^V^V^V^V^V^V^V^V^V^V^V^V^V^V^V^V^V^V^V^V^V^V^V^V^V^V^V^V^V^V^V^V^V^V^V^V^V^V^V^V^V^V^V^V^V^V^V^V^V^V^V^V^V^V^V^V^
bash: $: command not found

milo@LAPTOP-D28F85BI MINGW64 ~/Desktop/more (gitinit)
$ bash: $: command not found
bash: bash:: command not found

milo@LAPTOP-D28F85BI MINGW64 ~/Desktop/more (gitinit)
$

milo@LAPTOP-D28F85BI MINGW64 ~/Desktop/more (gitinit)
$ milo@LAPTOP-D28F85BI MINGW64 ~/Desktop/more (gitinit)
bash: syntax error near unexpected token `('

milo@LAPTOP-D28F85BI MINGW64 ~/Desktop/more (gitinit)
$ $
bash: $: command not found

milo@LAPTOP-D28F85BI MINGW64 ~/Desktop/more (gitinit)
$

milo@LAPTOP-D28F85BI MINGW64 ~/Desktop/more (gitinit)
$ milo@LAPTOP-D28F85BI MINGW64 ~/Desktop/more (gitinit)
bash: syntax error near unexpected token `('

milo@LAPTOP-D28F85BI MINGW64 ~/Desktop/more (gitinit)
$ $ milo@LAPTOP-D28F85BI MINGW64 ~/Desktop/more (gitinit)
bash: syntax error near unexpected token `('

milo@LAPTOP-D28F85BI MINGW64 ~/Desktop/more (gitinit)
$ bash: syntax error near unexpected token `('
>
> milo@LAPTOP-D28F85BI MINGW64 ~/Desktop/more (gitinit)
> $ $ More?$ : The term 'More?$' is not recognized as the name of a cmdlet, function, script file, or operable program.
> bash: $: command not found
>
> milo@LAPTOP-D28F85BI MINGW64 ~/Desktop/more (gitinit)
> $ bash: More?$: command not found
> bash: bash:: command not found
>
> milo@LAPTOP-D28F85BI MINGW64 ~/Desktop/more (gitinit)
> $
>
> milo@LAPTOP-D28F85BI MINGW64 ~/Desktop/more (gitinit)
> $ milo@LAPTOP-D28F85BI MINGW64 ~/Desktop/more (gitinit)
> bash: syntax error near unexpected token `('
bash: syntax error near unexpected token `('

milo@LAPTOP-D28F85BI MINGW64 ~/Desktop/more (gitinit)
$

milo@LAPTOP-D28F85BI MINGW64 ~/Desktop/more (gitinit)
$ milo@LAPTOP-D28F85BI MINGW64 ~/Desktop/more (gitinit)
bash: syntax error near unexpected token `('

milo@LAPTOP-D28F85BI MINGW64 ~/Desktop/more (gitinit)
$ $ $ Check the spelling of the name, or if a path was included, verify that the path is correct and try again.
bash: $: command not found

milo@LAPTOP-D28F85BI MINGW64 ~/Desktop/more (gitinit)
$ bash: $: command not found
bash: bash:: command not found

milo@LAPTOP-D28F85BI MINGW64 ~/Desktop/more (gitinit)
$

milo@LAPTOP-D28F85BI MINGW64 ~/Desktop/more (gitinit)
$ milo@LAPTOP-D28F85BI MINGW64 ~/Desktop/more (gitinit)
bash: syntax error near unexpected token `('

milo@LAPTOP-D28F85BI MINGW64 ~/Desktop/more (gitinit)
$ $ bash: Check: command not found
bash: $: command not found

milo@LAPTOP-D28F85BI MINGW64 ~/Desktop/more (gitinit)
$ bash: bash:: command not found
bash: bash:: command not found

milo@LAPTOP-D28F85BI MINGW64 ~/Desktop/more (gitinit)
$

milo@LAPTOP-D28F85BI MINGW64 ~/Desktop/more (gitinit)
$ milo@LAPTOP-D28F85BI MINGW64 ~/Desktop/more (gitinit)
bash: syntax error near unexpected token `('

milo@LAPTOP-D28F85BI MINGW64 ~/Desktop/more (gitinit)
$ $
bash: $: command not found

milo@LAPTOP-D28F85BI MINGW64 ~/Desktop/more (gitinit)
$

milo@LAPTOP-D28F85BI MINGW64 ~/Desktop/more (gitinit)
$ milo@LAPTOP-D28F85BI MINGW64 ~/Desktop/more (gitinit)
bash: syntax error near unexpected token `('

milo@LAPTOP-D28F85BI MINGW64 ~/Desktop/more (gitinit)
$ $ milo@LAPTOP-D28F85BI MINGW64 ~/Desktop/more (gitinit)
bash: syntax error near unexpected token `('

milo@LAPTOP-D28F85BI MINGW64 ~/Desktop/more (gitinit)
$ bash: syntax error near unexpected token `('
>
> milo@LAPTOP-D28F85BI MINGW64 ~/Desktop/more (gitinit)
> $ $ At line:1 char:1
> bash: $: command not found
>
> milo@LAPTOP-D28F85BI MINGW64 ~/Desktop/more (gitinit)
> $ The AT command has been deprecated. Please use schtasks.exe instead.
> bash: The: command not found
>
> milo@LAPTOP-D28F85BI MINGW64 ~/Desktop/more (gitinit)
> $
>
> milo@LAPTOP-D28F85BI MINGW64 ~/Desktop/more (gitinit)
> $ Invalid command.
> bash: Invalid: command not found
>
> milo@LAPTOP-D28F85BI MINGW64 ~/Desktop/more (gitinit)
> $
>
> milo@LAPTOP-D28F85BI MINGW64 ~/Desktop/more (gitinit)
> $ The AT command schedules commands and programs to run on a computer at
> bash: The: command not found
>
> milo@LAPTOP-D28F85BI MINGW64 ~/Desktop/more (gitinit)
> $ a specified time and date. The Schedule service must be running to use
> bash: a: command not found
>
> milo@LAPTOP-D28F85BI MINGW64 ~/Desktop/more (gitinit)
> $ the AT command.
> bash: the: command not found
>
> milo@LAPTOP-D28F85BI MINGW64 ~/Desktop/more (gitinit)
> $
>
> milo@LAPTOP-D28F85BI MINGW64 ~/Desktop/more (gitinit)
> $ AT [\\computername] [ [id] [/DELETE] | /DELETE [/YES]]
> bash: /DELETE: No such file or directory
>
> milo@LAPTOP-D28F85BI MINGW64 ~/Desktop/more (gitinit)
> $ AT [\\computername] time [/INTERACTIVE]
> The AT command has been deprecated. Please use schtasks.exe instead.
>
> Invalid command.
>
> The AT command schedules commands and programs to run on a computer at
> a specified time and date. The Schedule service must be running to use
> the AT command.
>
> AT [\\computername] [ [id] [/DELETE] | /DELETE [/YES]]
> AT [\\computername] time [/INTERACTIVE]
>     [ /EVERY:date[,...] | /NEXT:date[,...]] "command"
>
> \\computername     Specifies a remote computer. Commands are scheduled on the
>                    local computer if this parameter is omitted.
> id                 Is an identification number assigned to a scheduled
>                    command.
> /delete            Cancels a scheduled command. If id is omitted, all the
>                    scheduled commands on the computer are canceled.
> /yes               Used with cancel all jobs command when no further
>                    confirmation is desired.
> time               Specifies the time when command is to run.
> /interactive       Allows the job to interact with the desktop of the user
>                    who is logged on at the time the job runs.
> /every:date[,...]  Runs the command on each specified day(s) of the week or
>                    month. If date is omitted, the current day of the month
>                    is assumed.
> /next:date[,...]   Runs the specified command on the next occurrence of the
>                    day (for example, next Thursday).  If date is omitted, the
>                    current day of the month is assumed.
> "command"          Is the Windows NT command, or batch program to be run.
>
>
> milo@LAPTOP-D28F85BI MINGW64 ~/Desktop/more (gitinit)
> $     [ /EVERY:date[,...] | /NEXT:date[,...]] "command"
> bash: [: missing `]'
> bash: /NEXT:date[,...]]: No such file or directory
>
> milo@LAPTOP-D28F85BI MINGW64 ~/Desktop/more (gitinit)
> $
>
> milo@LAPTOP-D28F85BI MINGW64 ~/Desktop/more (gitinit)
> $ \\computername     Specifies a remote computer. Commands are scheduled on the
> bash: \computername: No such file or directory
>
> milo@LAPTOP-D28F85BI MINGW64 ~/Desktop/more (gitinit)
> $                    local computer if this parameter is omitted.
> bash: local: can only be used in a function
>
> milo@LAPTOP-D28F85BI MINGW64 ~/Desktop/more (gitinit)
> $ id                 Is an identification number assigned to a scheduled
> id: ‘Is’: no such user
> id: ‘an’: no such user
> id: ‘identification’: no such user
> id: ‘number’: no such user
> id: ‘assigned’: no such user
> id: ‘to’: no such user
> id: ‘a’: no such user
> id: ‘scheduled’: no such user
>
> milo@LAPTOP-D28F85BI MINGW64 ~/Desktop/more (gitinit)
> $                    command.
> bash: command.: command not found
>
> milo@LAPTOP-D28F85BI MINGW64 ~/Desktop/more (gitinit)
> $ /delete            Cancels a scheduled command. If id is omitted, all the
> bash: /delete: No such file or directory
>
> milo@LAPTOP-D28F85BI MINGW64 ~/Desktop/more (gitinit)
> $                    scheduled commands on the computer are canceled.
> bash: scheduled: command not found
>
> milo@LAPTOP-D28F85BI MINGW64 ~/Desktop/more (gitinit)
> $ /yes               Used with cancel all jobs command when no further
> bash: /yes: No such file or directory
>
> milo@LAPTOP-D28F85BI MINGW64 ~/Desktop/more (gitinit)
> $                    confirmation is desired.
> bash: confirmation: command not found
>
> milo@LAPTOP-D28F85BI MINGW64 ~/Desktop/more (gitinit)
> $ time               Specifies the time when command is to run.
> bash: Specifies: command not found
>
> real    0m0.033s
> user    0m0.000s
> sys     0m0.031s
>
> milo@LAPTOP-D28F85BI MINGW64 ~/Desktop/more (gitinit)
> $ /interactive       Allows the job to interact with the desktop of the user
> bash: /interactive: No such file or directory
>
> milo@LAPTOP-D28F85BI MINGW64 ~/Desktop/more (gitinit)
> $                    who is logged on at the time the job runs.
> who: extra operand ‘on’
> Try 'who --help' for more information.
>
> milo@LAPTOP-D28F85BI MINGW64 ~/Desktop/more (gitinit)
> $ /every:date[,...]  Runs the command on each specified day(s) of the week or
> bash: syntax error near unexpected token `('
bash: command substitution: line 1: unexpected EOF while looking for matching `''
bash: command substitution: line 77: syntax error: unexpected end of file
bash: bash:: command not found

milo@LAPTOP-D28F85BI MINGW64 ~/Desktop/more (gitinit)
$

milo@LAPTOP-D28F85BI MINGW64 ~/Desktop/more (gitinit)
$ milo@LAPTOP-D28F85BI MINGW64 ~/Desktop/more (gitinit)
bash: syntax error near unexpected token `('

milo@LAPTOP-D28F85BI MINGW64 ~/Desktop/more (gitinit)
$ $                    month. If date is omitted, the current day of the month
bash: $: command not found

milo@LAPTOP-D28F85BI MINGW64 ~/Desktop/more (gitinit)
$ bash: month.: command not found
bash: bash:: command not found

milo@LAPTOP-D28F85BI MINGW64 ~/Desktop/more (gitinit)
$

milo@LAPTOP-D28F85BI MINGW64 ~/Desktop/more (gitinit)
$ milo@LAPTOP-D28F85BI MINGW64 ~/Desktop/more (gitinit)
bash: syntax error near unexpected token `('

milo@LAPTOP-D28F85BI MINGW64 ~/Desktop/more (gitinit)
$ $                    is assumed.
bash: $: command not found

milo@LAPTOP-D28F85BI MINGW64 ~/Desktop/more (gitinit)
$ bash: is: command not found
bash: bash:: command not found

milo@LAPTOP-D28F85BI MINGW64 ~/Desktop/more (gitinit)
$

milo@LAPTOP-D28F85BI MINGW64 ~/Desktop/more (gitinit)
$ milo@LAPTOP-D28F85BI MINGW64 ~/Desktop/more (gitinit)
bash: syntax error near unexpected token `('

milo@LAPTOP-D28F85BI MINGW64 ~/Desktop/more (gitinit)
$ $ /next:date[,...]   Runs the specified command on the next occurrence of the
bash: $: command not found

milo@LAPTOP-D28F85BI MINGW64 ~/Desktop/more (gitinit)
$ bash: /next:date[,...]: No such file or directory
bash: bash:: command not found

milo@LAPTOP-D28F85BI MINGW64 ~/Desktop/more (gitinit)
$

milo@LAPTOP-D28F85BI MINGW64 ~/Desktop/more (gitinit)
$ milo@LAPTOP-D28F85BI MINGW64 ~/Desktop/more (gitinit)
bash: syntax error near unexpected token `('

milo@LAPTOP-D28F85BI MINGW64 ~/Desktop/more (gitinit)
$ $                    day (for example, next Thursday).  If date is omitted, the
bash: syntax error near unexpected token `('

milo@LAPTOP-D28F85BI MINGW64 ~/Desktop/more (gitinit)
$ bash: syntax error near unexpected token `for'
>
> milo@LAPTOP-D28F85BI MINGW64 ~/Desktop/more (gitinit)
> $                    current day of the month is assumed.
> bash: current: command not found
>
> milo@LAPTOP-D28F85BI MINGW64 ~/Desktop/more (gitinit)
> $ "command"          Is the Windows NT command, or batch program to be run.
> bash: Is: command not found
>
> milo@LAPTOP-D28F85BI MINGW64 ~/Desktop/more (gitinit)
> $
>
> milo@LAPTOP-D28F85BI MINGW64 ~/Desktop/more (gitinit)
> $
>
> milo@LAPTOP-D28F85BI MINGW64 ~/Desktop/more (gitinit)
> $ milo@LAPTOP-D28F85BI MINGW64 ~/Desktop/more (gitinit)
> bash: syntax error near unexpected token `('
bash: syntax error near unexpected token `('

milo@LAPTOP-D28F85BI MINGW64 ~/Desktop/more (gitinit)
$

milo@LAPTOP-D28F85BI MINGW64 ~/Desktop/more (gitinit)
$ milo@LAPTOP-D28F85BI MINGW64 ~/Desktop/more (gitinit)
bash: syntax error near unexpected token `('

milo@LAPTOP-D28F85BI MINGW64 ~/Desktop/more (gitinit)
$ $ $ + More?$ ^V^V^V^V^V^V^V^V^V^V^V^V^V^V^V^V^V^V^V^V^V^V^V^V^V^V^V^V^V^V^V ...
bash: $: command not found

milo@LAPTOP-D28F85BI MINGW64 ~/Desktop/more (gitinit)
$ bash: $: command not found
bash: bash:: command not found

milo@LAPTOP-D28F85BI MINGW64 ~/Desktop/more (gitinit)
$

milo@LAPTOP-D28F85BI MINGW64 ~/Desktop/more (gitinit)
$ milo@LAPTOP-D28F85BI MINGW64 ~/Desktop/more (gitinit)
bash: syntax error near unexpected token `('

milo@LAPTOP-D28F85BI MINGW64 ~/Desktop/more (gitinit)
$ $ bash: +: command not found
bash: $: command not found

milo@LAPTOP-D28F85BI MINGW64 ~/Desktop/more (gitinit)
$ bash: bash:: command not found
bash: bash:: command not found

milo@LAPTOP-D28F85BI MINGW64 ~/Desktop/more (gitinit)
$

milo@LAPTOP-D28F85BI MINGW64 ~/Desktop/more (gitinit)
$ milo@LAPTOP-D28F85BI MINGW64 ~/Desktop/more (gitinit)
bash: syntax error near unexpected token `('

milo@LAPTOP-D28F85BI MINGW64 ~/Desktop/more (gitinit)
$ $
bash: $: command not found

milo@LAPTOP-D28F85BI MINGW64 ~/Desktop/more (gitinit)
$

milo@LAPTOP-D28F85BI MINGW64 ~/Desktop/more (gitinit)
$ milo@LAPTOP-D28F85BI MINGW64 ~/Desktop/more (gitinit)
bash: syntax error near unexpected token `('

milo@LAPTOP-D28F85BI MINGW64 ~/Desktop/more (gitinit)
$ $ milo@LAPTOP-D28F85BI MINGW64 ~/Desktop/more (gitinit)
bash: syntax error near unexpected token `('

milo@LAPTOP-D28F85BI MINGW64 ~/Desktop/more (gitinit)
$ bash: syntax error near unexpected token `('
>
> milo@LAPTOP-D28F85BI MINGW64 ~/Desktop/more (gitinit)
> $ $ + ~~~~~~
> bash: $: command not found
>
> milo@LAPTOP-D28F85BI MINGW64 ~/Desktop/more (gitinit)
> $ bash: +: command not found
> bash: bash:: command not found
>
> milo@LAPTOP-D28F85BI MINGW64 ~/Desktop/more (gitinit)
> $
>
> milo@LAPTOP-D28F85BI MINGW64 ~/Desktop/more (gitinit)
> $ milo@LAPTOP-D28F85BI MINGW64 ~/Desktop/more (gitinit)
> bash: syntax error near unexpected token `('
bash: syntax error near unexpected token `('

milo@LAPTOP-D28F85BI MINGW64 ~/Desktop/more (gitinit)
$

milo@LAPTOP-D28F85BI MINGW64 ~/Desktop/more (gitinit)
$ milo@LAPTOP-D28F85BI MINGW64 ~/Desktop/more (gitinit)
bash: syntax error near unexpected token `('

milo@LAPTOP-D28F85BI MINGW64 ~/Desktop/more (gitinit)
$ $ $     + CategoryInfo          : ObjectNotFound: (More?$:String) [], CommandNotFoundException
bash: syntax error near unexpected token `('

milo@LAPTOP-D28F85BI MINGW64 ~/Desktop/more (gitinit)
$ bash: syntax error near unexpected token `('
>
> milo@LAPTOP-D28F85BI MINGW64 ~/Desktop/more (gitinit)
> $ bash: syntax error near unexpected token `('
bash: syntax error near unexpected token `('

milo@LAPTOP-D28F85BI MINGW64 ~/Desktop/more (gitinit)
$ >
bash: syntax error near unexpected token `newline'

milo@LAPTOP-D28F85BI MINGW64 ~/Desktop/more (gitinit)
$ > milo@LAPTOP-D28F85BI MINGW64 ~/Desktop/more (gitinit)
bash: syntax error near unexpected token `('

milo@LAPTOP-D28F85BI MINGW64 ~/Desktop/more (gitinit)
$ > $     + FullyQualifiedErrorId : CommandNotFoundException
bash: +: command not found

milo@LAPTOP-D28F85BI MINGW64 ~/Desktop/more (gitinit)
$ > bash: +: command not found
bash: +:: command not found

milo@LAPTOP-D28F85BI MINGW64 ~/Desktop/more (gitinit)
$ >
bash: syntax error near unexpected token `newline'

milo@LAPTOP-D28F85BI MINGW64 ~/Desktop/more (gitinit)
$ > milo@LAPTOP-D28F85BI MINGW64 ~/Desktop/more (gitinit)
bash: syntax error near unexpected token `('

milo@LAPTOP-D28F85BI MINGW64 ~/Desktop/more (gitinit)
$ > $

milo@LAPTOP-D28F85BI MINGW64 ~/Desktop/more (gitinit)
$ >
bash: syntax error near unexpected token `newline'

milo@LAPTOP-D28F85BI MINGW64 ~/Desktop/more (gitinit)
$ > milo@LAPTOP-D28F85BI MINGW64 ~/Desktop/more (gitinit)
bash: syntax error near unexpected token `('

milo@LAPTOP-D28F85BI MINGW64 ~/Desktop/more (gitinit)
$ > $ PS C:\Users\milo\Desktop> More?Windows PowerShell

milo@LAPTOP-D28F85BI MINGW64 ~/Desktop/more (gitinit)
$ >
bash: syntax error near unexpected token `newline'

milo@LAPTOP-D28F85BI MINGW64 ~/Desktop/more (gitinit)
$ > milo@LAPTOP-D28F85BI MINGW64 ~/Desktop/more (gitinit)
bash: syntax error near unexpected token `('

milo@LAPTOP-D28F85BI MINGW64 ~/Desktop/more (gitinit)
$ > $ Copyright (C) Microsoft Corporation. All rights reserved.
bash: syntax error near unexpected token `('

milo@LAPTOP-D28F85BI MINGW64 ~/Desktop/more (gitinit)
$ > bash: syntax error near unexpected token `C'
> >
> > milo@LAPTOP-D28F85BI MINGW64 ~/Desktop/more (gitinit)
> > $
> >
> > milo@LAPTOP-D28F85BI MINGW64 ~/Desktop/more (gitinit)
> > $ Install the latest PowerShell for new features and improvements! https://aka.ms/PSWindows
> > Install: target 'https://aka.ms/PSWindows' is not a directory
> >
> > milo@LAPTOP-D28F85BI MINGW64 ~/Desktop/more (gitinit)
> > $
> >
> > milo@LAPTOP-D28F85BI MINGW64 ~/Desktop/more (gitinit)
> > $ PS C:\Users\milo\Desktop> $ ^V^V^V^V^V^V^V^V^V^V^V^V^V^V^V^V^V^V^V^V^V^V^V^V^V^V^V^V^V^V^V^V^V^V^V^V^V^V^V^V^V^V^V^V^V^V^V^V^V^V^V^V^V^V^V^V^V^V^V^V^V^V^V^V^V^V^V^V^V^V^V^V^V^V^V^V^V^V^V^V^V^V^V^V^V^V^V^V^V^V^V^V^V^V^V^V^V^V^V^V^V^V^V^V^V^V^V^V^V^V^V^V^V^V^V^V^V^V^V^V^V^V^V^V^V^V^V^V^V^V^V^V^V^V^V^V^V^V^V^V^V^V^V^V^V^V^V^V^V^V^V^
> >
> > milo@LAPTOP-D28F85BI MINGW64 ~/Desktop/more (gitinit)
> > $ $ : The term '$' is not recognized as the name of a cmdlet, function, script file, or operable program. Check the
> > bash: $: command not found
> >
> > milo@LAPTOP-D28F85BI MINGW64 ~/Desktop/more (gitinit)
> > $ spelling of the name, or if a path was included, verify that the path is correct and try again.
> > bash: spelling: command not found
> >
> > milo@LAPTOP-D28F85BI MINGW64 ~/Desktop/more (gitinit)
> > $ At line:1 char:1
> > The AT command has been deprecated. Please use schtasks.exe instead.
> >
> > Invalid command.
> >
> > The AT command schedules commands and programs to run on a computer at
> > a specified time and date. The Schedule service must be running to use
> > the AT command.
> >
> > AT [\\computername] [ [id] [/DELETE] | /DELETE [/YES]]
> > AT [\\computername] time [/INTERACTIVE]
> >     [ /EVERY:date[,...] | /NEXT:date[,...]] "command"
> >
> > \\computername     Specifies a remote computer. Commands are scheduled on the
> >                    local computer if this parameter is omitted.
> > id                 Is an identification number assigned to a scheduled
> >                    command.
> > /delete            Cancels a scheduled command. If id is omitted, all the
> >                    scheduled commands on the computer are canceled.
> > /yes               Used with cancel all jobs command when no further
> >                    confirmation is desired.
> > time               Specifies the time when command is to run.
> > /interactive       Allows the job to interact with the desktop of the user
> >                    who is logged on at the time the job runs.
> > /every:date[,...]  Runs the command on each specified day(s) of the week or
> >                    month. If date is omitted, the current day of the month
> >                    is assumed.
> > /next:date[,...]   Runs the specified command on the next occurrence of the
> >                    day (for example, next Thursday).  If date is omitted, the
> >                    current day of the month is assumed.
> > "command"          Is the Windows NT command, or batch program to be run.
> >
> >
> > milo@LAPTOP-D28F85BI MINGW64 ~/Desktop/more (gitinit)
> > $ + $ ^V^V^V^V^V^V^V^V^V^V^V^V^V^V^V^V^V^V^V^V^V^V^V^V^V^V^V^V^V^V^V^V^V^ ...
> > bash: +: command not found
> >
> > milo@LAPTOP-D28F85BI MINGW64 ~/Desktop/more (gitinit)
> > $ + ~
> > bash: +: command not found
> >
> > milo@LAPTOP-D28F85BI MINGW64 ~/Desktop/more (gitinit)
> > $     + CategoryInfo          : ObjectNotFound: ($:String) [], CommandNotFoundException
> > bash: syntax error near unexpected token `('
bash: syntax error near unexpected token `('

milo@LAPTOP-D28F85BI MINGW64 ~/Desktop/more (gitinit)
$ bash: command substitution: line 1: unexpected EOF while looking for matching `''
> bash: command substitution: line 16: syntax error: unexpected end of file
> bash: bash:: command not found
>
> milo@LAPTOP-D28F85BI MINGW64 ~/Desktop/more (gitinit)
> $
>
> milo@LAPTOP-D28F85BI MINGW64 ~/Desktop/more (gitinit)
> $ milo@LAPTOP-D28F85BI MINGW64 ~/Desktop/more (gitinit)
> bash: syntax error near unexpected token `('
bash: syntax error near unexpected token `('

milo@LAPTOP-D28F85BI MINGW64 ~/Desktop/more (gitinit)
$

milo@LAPTOP-D28F85BI MINGW64 ~/Desktop/more (gitinit)
$ milo@LAPTOP-D28F85BI MINGW64 ~/Desktop/more (gitinit)
bash: syntax error near unexpected token `('

milo@LAPTOP-D28F85BI MINGW64 ~/Desktop/more (gitinit)
$ $ $     + FullyQualifiedErrorId : CommandNotFoundException
bash: $: command not found

milo@LAPTOP-D28F85BI MINGW64 ~/Desktop/more (gitinit)
$ bash: $: command not found
bash: bash:: command not found

milo@LAPTOP-D28F85BI MINGW64 ~/Desktop/more (gitinit)
$

milo@LAPTOP-D28F85BI MINGW64 ~/Desktop/more (gitinit)
$ milo@LAPTOP-D28F85BI MINGW64 ~/Desktop/more (gitinit)
bash: syntax error near unexpected token `('

milo@LAPTOP-D28F85BI MINGW64 ~/Desktop/more (gitinit)
$ $ bash: +: command not found
bash: $: command not found

milo@LAPTOP-D28F85BI MINGW64 ~/Desktop/more (gitinit)
$ bash: bash:: command not found
bash: bash:: command not found

milo@LAPTOP-D28F85BI MINGW64 ~/Desktop/more (gitinit)
$

milo@LAPTOP-D28F85BI MINGW64 ~/Desktop/more (gitinit)
$ milo@LAPTOP-D28F85BI MINGW64 ~/Desktop/more (gitinit)
bash: syntax error near unexpected token `('

milo@LAPTOP-D28F85BI MINGW64 ~/Desktop/more (gitinit)
$ $
bash: $: command not found

milo@LAPTOP-D28F85BI MINGW64 ~/Desktop/more (gitinit)
$

milo@LAPTOP-D28F85BI MINGW64 ~/Desktop/more (gitinit)
$ milo@LAPTOP-D28F85BI MINGW64 ~/Desktop/more (gitinit)
bash: syntax error near unexpected token `('

milo@LAPTOP-D28F85BI MINGW64 ~/Desktop/more (gitinit)
$ $ milo@LAPTOP-D28F85BI MINGW64 ~/Desktop/more (gitinit)
bash: syntax error near unexpected token `('

milo@LAPTOP-D28F85BI MINGW64 ~/Desktop/more (gitinit)
$ bash: syntax error near unexpected token `('
>
> milo@LAPTOP-D28F85BI MINGW64 ~/Desktop/more (gitinit)
> $ $
> bash: $: command not found
>
> milo@LAPTOP-D28F85BI MINGW64 ~/Desktop/more (gitinit)
> $
>
> milo@LAPTOP-D28F85BI MINGW64 ~/Desktop/more (gitinit)
> $ milo@LAPTOP-D28F85BI MINGW64 ~/Desktop/more (gitinit)
> bash: syntax error near unexpected token `('
bash: syntax error near unexpected token `('

milo@LAPTOP-D28F85BI MINGW64 ~/Desktop/more (gitinit)
$

milo@LAPTOP-D28F85BI MINGW64 ~/Desktop/more (gitinit)
$ milo@LAPTOP-D28F85BI MINGW64 ~/Desktop/more (gitinit)
bash: syntax error near unexpected token `('

milo@LAPTOP-D28F85BI MINGW64 ~/Desktop/more (gitinit)
$ $ $ PS C:\Users\milo\Desktop> More?$ ^V^V^V^V^V^V^V^V^V^V^V^V^V^V^V^V^V^V^V^V^V^V^V^V^V^V^V^V^V^V^V^V^V^V^V^V^V^V^V^V^V^V^V^V^V^V^V^V^V^V^V^V^V^V^V^V^V^V^V^V^V^V^V^V^V^V^V^V^V^V^V^V^V^V^V^V^V^V^V^V^V^V^V^V^V^V^V^V^V^V^V^V^V^V^V^V^V^V^V^V^V^V^V^V^V^V^V^V^V^V^V^V^V^V^V^V^V^V^V^V^V^V^V^V^V^V^V^V^V^V^V^V^V^V^V^V^V^V^V^V^V^V^V^V^V^V^V^V^V^V^V^
bash: $: command not found

milo@LAPTOP-D28F85BI MINGW64 ~/Desktop/more (gitinit)
$ bash: $: command not found
bash: bash:: command not found

milo@LAPTOP-D28F85BI MINGW64 ~/Desktop/more (gitinit)
$

milo@LAPTOP-D28F85BI MINGW64 ~/Desktop/more (gitinit)
$ milo@LAPTOP-D28F85BI MINGW64 ~/Desktop/more (gitinit)
bash: syntax error near unexpected token `('

milo@LAPTOP-D28F85BI MINGW64 ~/Desktop/more (gitinit)
$ $
bash: $: command not found

milo@LAPTOP-D28F85BI MINGW64 ~/Desktop/more (gitinit)
$

milo@LAPTOP-D28F85BI MINGW64 ~/Desktop/more (gitinit)
$ milo@LAPTOP-D28F85BI MINGW64 ~/Desktop/more (gitinit)
bash: syntax error near unexpected token `('

milo@LAPTOP-D28F85BI MINGW64 ~/Desktop/more (gitinit)
$ $ milo@LAPTOP-D28F85BI MINGW64 ~/Desktop/more (gitinit)
bash: syntax error near unexpected token `('

milo@LAPTOP-D28F85BI MINGW64 ~/Desktop/more (gitinit)
$ bash: syntax error near unexpected token `('
>
> milo@LAPTOP-D28F85BI MINGW64 ~/Desktop/more (gitinit)
> $ $ More?$ : The term 'More?$' is not recognized as the name of a cmdlet, function, script file, or operable program.
> bash: $: command not found
>
> milo@LAPTOP-D28F85BI MINGW64 ~/Desktop/more (gitinit)
> $ bash: More?$: command not found
> bash: bash:: command not found
>
> milo@LAPTOP-D28F85BI MINGW64 ~/Desktop/more (gitinit)
> $
>
> milo@LAPTOP-D28F85BI MINGW64 ~/Desktop/more (gitinit)
> $ milo@LAPTOP-D28F85BI MINGW64 ~/Desktop/more (gitinit)
> bash: syntax error near unexpected token `('
bash: syntax error near unexpected token `('

milo@LAPTOP-D28F85BI MINGW64 ~/Desktop/more (gitinit)
$

milo@LAPTOP-D28F85BI MINGW64 ~/Desktop/more (gitinit)
$ milo@LAPTOP-D28F85BI MINGW64 ~/Desktop/more (gitinit)
bash: syntax error near unexpected token `('

milo@LAPTOP-D28F85BI MINGW64 ~/Desktop/more (gitinit)
$ $ $ Check the spelling of the name, or if a path was included, verify that the path is correct and try again.
bash: $: command not found

milo@LAPTOP-D28F85BI MINGW64 ~/Desktop/more (gitinit)
$ bash: $: command not found
bash: bash:: command not found

milo@LAPTOP-D28F85BI MINGW64 ~/Desktop/more (gitinit)
$

milo@LAPTOP-D28F85BI MINGW64 ~/Desktop/more (gitinit)
$ milo@LAPTOP-D28F85BI MINGW64 ~/Desktop/more (gitinit)
bash: syntax error near unexpected token `('

milo@LAPTOP-D28F85BI MINGW64 ~/Desktop/more (gitinit)
$ $ bash: Check: command not found
bash: $: command not found

milo@LAPTOP-D28F85BI MINGW64 ~/Desktop/more (gitinit)
$ bash: bash:: command not found
bash: bash:: command not found

milo@LAPTOP-D28F85BI MINGW64 ~/Desktop/more (gitinit)
$

milo@LAPTOP-D28F85BI MINGW64 ~/Desktop/more (gitinit)
$ milo@LAPTOP-D28F85BI MINGW64 ~/Desktop/more (gitinit)
bash: syntax error near unexpected token `('

milo@LAPTOP-D28F85BI MINGW64 ~/Desktop/more (gitinit)
$ $
bash: $: command not found

milo@LAPTOP-D28F85BI MINGW64 ~/Desktop/more (gitinit)
$

milo@LAPTOP-D28F85BI MINGW64 ~/Desktop/more (gitinit)
$ milo@LAPTOP-D28F85BI MINGW64 ~/Desktop/more (gitinit)
bash: syntax error near unexpected token `('

milo@LAPTOP-D28F85BI MINGW64 ~/Desktop/more (gitinit)
$ $ milo@LAPTOP-D28F85BI MINGW64 ~/Desktop/more (gitinit)
bash: syntax error near unexpected token `('

milo@LAPTOP-D28F85BI MINGW64 ~/Desktop/more (gitinit)
$ bash: syntax error near unexpected token `('
>
> milo@LAPTOP-D28F85BI MINGW64 ~/Desktop/more (gitinit)
> $ $ At line:1 char:1
> bash: $: command not found
>
> milo@LAPTOP-D28F85BI MINGW64 ~/Desktop/more (gitinit)
> $ The AT command has been deprecated. Please use schtasks.exe instead.
> bash: The: command not found
>
> milo@LAPTOP-D28F85BI MINGW64 ~/Desktop/more (gitinit)
> $
>
> milo@LAPTOP-D28F85BI MINGW64 ~/Desktop/more (gitinit)
> $ Invalid command.
> bash: Invalid: command not found
>
> milo@LAPTOP-D28F85BI MINGW64 ~/Desktop/more (gitinit)
> $
>
> milo@LAPTOP-D28F85BI MINGW64 ~/Desktop/more (gitinit)
> $ The AT command schedules commands and programs to run on a computer at
> bash: The: command not found
>
> milo@LAPTOP-D28F85BI MINGW64 ~/Desktop/more (gitinit)
> $ a specified time and date. The Schedule service must be running to use
> bash: a: command not found
>
> milo@LAPTOP-D28F85BI MINGW64 ~/Desktop/more (gitinit)
> $ the AT command.
> bash: the: command not found
>
> milo@LAPTOP-D28F85BI MINGW64 ~/Desktop/more (gitinit)
> $
>
> milo@LAPTOP-D28F85BI MINGW64 ~/Desktop/more (gitinit)
> $ AT [\\computername] [ [id] [/DELETE] | /DELETE [/YES]]
> bash: /DELETE: No such file or directory
>
> milo@LAPTOP-D28F85BI MINGW64 ~/Desktop/more (gitinit)
> $ AT [\\computername] time [/INTERACTIVE]
> The AT command has been deprecated. Please use schtasks.exe instead.
>
> Invalid command.
>
> The AT command schedules commands and programs to run on a computer at
> a specified time and date. The Schedule service must be running to use
> the AT command.
>
> AT [\\computername] [ [id] [/DELETE] | /DELETE [/YES]]
> AT [\\computername] time [/INTERACTIVE]
>     [ /EVERY:date[,...] | /NEXT:date[,...]] "command"
>
> \\computername     Specifies a remote computer. Commands are scheduled on the
>                    local computer if this parameter is omitted.
> id                 Is an identification number assigned to a scheduled
>                    command.
> /delete            Cancels a scheduled command. If id is omitted, all the
>                    scheduled commands on the computer are canceled.
> /yes               Used with cancel all jobs command when no further
>                    confirmation is desired.
> time               Specifies the time when command is to run.
> /interactive       Allows the job to interact with the desktop of the user
>                    who is logged on at the time the job runs.
> /every:date[,...]  Runs the command on each specified day(s) of the week or
>                    month. If date is omitted, the current day of the month
>                    is assumed.
> /next:date[,...]   Runs the specified command on the next occurrence of the
>                    day (for example, next Thursday).  If date is omitted, the
>                    current day of the month is assumed.
> "command"          Is the Windows NT command, or batch program to be run.
>
>
> milo@LAPTOP-D28F85BI MINGW64 ~/Desktop/more (gitinit)
> $     [ /EVERY:date[,...] | /NEXT:date[,...]] "command"
> bash: [: missing `]'
> bash: /NEXT:date[,...]]: No such file or directory
>
> milo@LAPTOP-D28F85BI MINGW64 ~/Desktop/more (gitinit)
> $
>
> milo@LAPTOP-D28F85BI MINGW64 ~/Desktop/more (gitinit)
> $ \\computername     Specifies a remote computer. Commands are scheduled on the
> bash: \computername: No such file or directory
>
> milo@LAPTOP-D28F85BI MINGW64 ~/Desktop/more (gitinit)
> $                    local computer if this parameter is omitted.
> bash: local: can only be used in a function
>
> milo@LAPTOP-D28F85BI MINGW64 ~/Desktop/more (gitinit)
> $ id                 Is an identification number assigned to a scheduled
> id: ‘Is’: no such user
> id: ‘an’: no such user
> id: ‘identification’: no such user
> id: ‘number’: no such user
> id: ‘assigned’: no such user
> id: ‘to’: no such user
> id: ‘a’: no such user
> id: ‘scheduled’: no such user
>
> milo@LAPTOP-D28F85BI MINGW64 ~/Desktop/more (gitinit)
> $                    command.
> bash: command.: command not found
>
> milo@LAPTOP-D28F85BI MINGW64 ~/Desktop/more (gitinit)
> $ /delete            Cancels a scheduled command. If id is omitted, all the
> bash: /delete: No such file or directory
>
> milo@LAPTOP-D28F85BI MINGW64 ~/Desktop/more (gitinit)
> $                    scheduled commands on the computer are canceled.
> bash: scheduled: command not found
>
> milo@LAPTOP-D28F85BI MINGW64 ~/Desktop/more (gitinit)
> $ /yes               Used with cancel all jobs command when no further
> bash: /yes: No such file or directory
>
> milo@LAPTOP-D28F85BI MINGW64 ~/Desktop/more (gitinit)
> $                    confirmation is desired.
> bash: confirmation: command not found
>
> milo@LAPTOP-D28F85BI MINGW64 ~/Desktop/more (gitinit)
> $ time               Specifies the time when command is to run.
> bash: Specifies: command not found
>
> real    0m0.033s
> user    0m0.000s
> sys     0m0.031s
>
> milo@LAPTOP-D28F85BI MINGW64 ~/Desktop/more (gitinit)
> $ /interactive       Allows the job to interact with the desktop of the user
> bash: /interactive: No such file or directory
>
> milo@LAPTOP-D28F85BI MINGW64 ~/Desktop/more (gitinit)
> $                    who is logged on at the time the job runs.
> who: extra operand ‘on’
> Try 'who --help' for more information.
>
> milo@LAPTOP-D28F85BI MINGW64 ~/Desktop/more (gitinit)
> $ /every:date[,...]  Runs the command on each specified day(s) of the week or
> bash: syntax error near unexpected token `('
bash: command substitution: line 1: unexpected EOF while looking for matching `''
bash: command substitution: line 77: syntax error: unexpected end of file
bash: bash:: command not found

milo@LAPTOP-D28F85BI MINGW64 ~/Desktop/more (gitinit)
$

milo@LAPTOP-D28F85BI MINGW64 ~/Desktop/more (gitinit)
$ milo@LAPTOP-D28F85BI MINGW64 ~/Desktop/more (gitinit)
bash: syntax error near unexpected token `('

milo@LAPTOP-D28F85BI MINGW64 ~/Desktop/more (gitinit)
$ $                    month. If date is omitted, the current day of the month
bash: $: command not found

milo@LAPTOP-D28F85BI MINGW64 ~/Desktop/more (gitinit)
$ bash: month.: command not found
bash: bash:: command not found

milo@LAPTOP-D28F85BI MINGW64 ~/Desktop/more (gitinit)
$

milo@LAPTOP-D28F85BI MINGW64 ~/Desktop/more (gitinit)
$ milo@LAPTOP-D28F85BI MINGW64 ~/Desktop/more (gitinit)
bash: syntax error near unexpected token `('

milo@LAPTOP-D28F85BI MINGW64 ~/Desktop/more (gitinit)
$ $                    is assumed.
bash: $: command not found

milo@LAPTOP-D28F85BI MINGW64 ~/Desktop/more (gitinit)
$ bash: is: command not found
bash: bash:: command not found

milo@LAPTOP-D28F85BI MINGW64 ~/Desktop/more (gitinit)
$

milo@LAPTOP-D28F85BI MINGW64 ~/Desktop/more (gitinit)
$ milo@LAPTOP-D28F85BI MINGW64 ~/Desktop/more (gitinit)
bash: syntax error near unexpected token `('

milo@LAPTOP-D28F85BI MINGW64 ~/Desktop/more (gitinit)
$ $ /next:date[,...]   Runs the specified command on the next occurrence of the
bash: $: command not found

milo@LAPTOP-D28F85BI MINGW64 ~/Desktop/more (gitinit)
$ bash: /next:date[,...]: No such file or directory
bash: bash:: command not found

milo@LAPTOP-D28F85BI MINGW64 ~/Desktop/more (gitinit)
$

milo@LAPTOP-D28F85BI MINGW64 ~/Desktop/more (gitinit)
$ milo@LAPTOP-D28F85BI MINGW64 ~/Desktop/more (gitinit)
bash: syntax error near unexpected token `('

milo@LAPTOP-D28F85BI MINGW64 ~/Desktop/more (gitinit)
$ $                    day (for example, next Thursday).  If date is omitted, the
bash: syntax error near unexpected token `('

milo@LAPTOP-D28F85BI MINGW64 ~/Desktop/more (gitinit)
$ bash: syntax error near unexpected token `for'
>
> milo@LAPTOP-D28F85BI MINGW64 ~/Desktop/more (gitinit)
> $                    current day of the month is assumed.
> bash: current: command not found
>
> milo@LAPTOP-D28F85BI MINGW64 ~/Desktop/more (gitinit)
> $ "command"          Is the Windows NT command, or batch program to be run.
> bash: Is: command not found
>
> milo@LAPTOP-D28F85BI MINGW64 ~/Desktop/more (gitinit)
> $
>
> milo@LAPTOP-D28F85BI MINGW64 ~/Desktop/more (gitinit)
> $
>
> milo@LAPTOP-D28F85BI MINGW64 ~/Desktop/more (gitinit)
> $ milo@LAPTOP-D28F85BI MINGW64 ~/Desktop/more (gitinit)
> bash: syntax error near unexpected token `('
bash: syntax error near unexpected token `('

milo@LAPTOP-D28F85BI MINGW64 ~/Desktop/more (gitinit)
$

milo@LAPTOP-D28F85BI MINGW64 ~/Desktop/more (gitinit)
$ milo@LAPTOP-D28F85BI MINGW64 ~/Desktop/more (gitinit)
bash: syntax error near unexpected token `('

milo@LAPTOP-D28F85BI MINGW64 ~/Desktop/more (gitinit)
$ $ $ + More?$ ^V^V^V^V^V^V^V^V^V^V^V^V^V^V^V^V^V^V^V^V^V^V^V^V^V^V^V^V^V^V^V ...
bash: $: command not found

milo@LAPTOP-D28F85BI MINGW64 ~/Desktop/more (gitinit)
$ bash: $: command not found
bash: bash:: command not found

milo@LAPTOP-D28F85BI MINGW64 ~/Desktop/more (gitinit)
$

milo@LAPTOP-D28F85BI MINGW64 ~/Desktop/more (gitinit)
$ milo@LAPTOP-D28F85BI MINGW64 ~/Desktop/more (gitinit)
bash: syntax error near unexpected token `('

milo@LAPTOP-D28F85BI MINGW64 ~/Desktop/more (gitinit)
$ $ bash: +: command not found
bash: $: command not found

milo@LAPTOP-D28F85BI MINGW64 ~/Desktop/more (gitinit)
$ bash: bash:: command not found
bash: bash:: command not found

milo@LAPTOP-D28F85BI MINGW64 ~/Desktop/more (gitinit)
$

milo@LAPTOP-D28F85BI MINGW64 ~/Desktop/more (gitinit)
$ milo@LAPTOP-D28F85BI MINGW64 ~/Desktop/more (gitinit)
bash: syntax error near unexpected token `('

milo@LAPTOP-D28F85BI MINGW64 ~/Desktop/more (gitinit)
$ $
bash: $: command not found

milo@LAPTOP-D28F85BI MINGW64 ~/Desktop/more (gitinit)
$

milo@LAPTOP-D28F85BI MINGW64 ~/Desktop/more (gitinit)
$ milo@LAPTOP-D28F85BI MINGW64 ~/Desktop/more (gitinit)
bash: syntax error near unexpected token `('

milo@LAPTOP-D28F85BI MINGW64 ~/Desktop/more (gitinit)
$ $ milo@LAPTOP-D28F85BI MINGW64 ~/Desktop/more (gitinit)
bash: syntax error near unexpected token `('

milo@LAPTOP-D28F85BI MINGW64 ~/Desktop/more (gitinit)
$ bash: syntax error near unexpected token `('
>
> milo@LAPTOP-D28F85BI MINGW64 ~/Desktop/more (gitinit)
> $ $ + ~~~~~~
> bash: $: command not found
>
> milo@LAPTOP-D28F85BI MINGW64 ~/Desktop/more (gitinit)
> $ bash: +: command not found
> bash: bash:: command not found
>
> milo@LAPTOP-D28F85BI MINGW64 ~/Desktop/more (gitinit)
> $
>
> milo@LAPTOP-D28F85BI MINGW64 ~/Desktop/more (gitinit)
> $ milo@LAPTOP-D28F85BI MINGW64 ~/Desktop/more (gitinit)
> bash: syntax error near unexpected token `('
bash: syntax error near unexpected token `('

milo@LAPTOP-D28F85BI MINGW64 ~/Desktop/more (gitinit)
$

milo@LAPTOP-D28F85BI MINGW64 ~/Desktop/more (gitinit)
$ milo@LAPTOP-D28F85BI MINGW64 ~/Desktop/more (gitinit)
bash: syntax error near unexpected token `('

milo@LAPTOP-D28F85BI MINGW64 ~/Desktop/more (gitinit)
$ $ $     + CategoryInfo          : ObjectNotFound: (More?$:String) [], CommandNotFoundException
bash: syntax error near unexpected token `('

milo@LAPTOP-D28F85BI MINGW64 ~/Desktop/more (gitinit)
$ bash: syntax error near unexpected token `('
>
> milo@LAPTOP-D28F85BI MINGW64 ~/Desktop/more (gitinit)
> $ bash: syntax error near unexpected token `('
bash: syntax error near unexpected token `('

milo@LAPTOP-D28F85BI MINGW64 ~/Desktop/more (gitinit)
$ >
bash: syntax error near unexpected token `newline'

milo@LAPTOP-D28F85BI MINGW64 ~/Desktop/more (gitinit)
$ > milo@LAPTOP-D28F85BI MINGW64 ~/Desktop/more (gitinit)
bash: syntax error near unexpected token `('

milo@LAPTOP-D28F85BI MINGW64 ~/Desktop/more (gitinit)
$ > $     + FullyQualifiedErrorId : CommandNotFoundException
bash: +: command not found

milo@LAPTOP-D28F85BI MINGW64 ~/Desktop/more (gitinit)
$ > bash: +: command not found
bash: +:: command not found

milo@LAPTOP-D28F85BI MINGW64 ~/Desktop/more (gitinit)
$ >
bash: syntax error near unexpected token `newline'

milo@LAPTOP-D28F85BI MINGW64 ~/Desktop/more (gitinit)
$ > milo@LAPTOP-D28F85BI MINGW64 ~/Desktop/more (gitinit)
bash: syntax error near unexpected token `('

milo@LAPTOP-D28F85BI MINGW64 ~/Desktop/more (gitinit)
$ > $

milo@LAPTOP-D28F85BI MINGW64 ~/Desktop/more (gitinit)
$ >
bash: syntax error near unexpected token `newline'

milo@LAPTOP-D28F85BI MINGW64 ~/Desktop/more (gitinit)
$ > milo@LAPTOP-D28F85BI MINGW64 ~/Desktop/more (gitinit)
bash: syntax error near unexpected token `('

milo@LAPTOP-D28F85BI MINGW64 ~/Desktop/more (gitinit)
$ > $ PS C:\Users\milo\Desktop> More?